Archive member included to satisfy reference by file (symbol)

c:/altera/15.0/nios2eds/bin/gnu/h-x86_64-mingw32/bin/../lib/gcc/nios2-elf/4.9.1/../../../../../H-x86_64-mingw32/nios2-elf/lib\libc.a(lib_a-puts.o)
                              obj/default/hello_world.o (puts)
c:/altera/15.0/nios2eds/bin/gnu/h-x86_64-mingw32/bin/../lib/gcc/nios2-elf/4.9.1/../../../../../H-x86_64-mingw32/nios2-elf/lib\libc.a(lib_a-strlen.o)
                              c:/altera/15.0/nios2eds/bin/gnu/h-x86_64-mingw32/bin/../lib/gcc/nios2-elf/4.9.1/../../../../../H-x86_64-mingw32/nios2-elf/lib\libc.a(lib_a-puts.o) (strlen)
c:/altera/15.0/nios2eds/bin/gnu/h-x86_64-mingw32/bin/../lib/gcc/nios2-elf/4.9.1/../../../../../H-x86_64-mingw32/nios2-elf/lib\libc.a(lib_a-fvwrite.o)
                              c:/altera/15.0/nios2eds/bin/gnu/h-x86_64-mingw32/bin/../lib/gcc/nios2-elf/4.9.1/../../../../../H-x86_64-mingw32/nios2-elf/lib\libc.a(lib_a-puts.o) (__sfvwrite_r)
c:/altera/15.0/nios2eds/bin/gnu/h-x86_64-mingw32/bin/../lib/gcc/nios2-elf/4.9.1/../../../../../H-x86_64-mingw32/nios2-elf/lib\libc.a(lib_a-impure.o)
                              c:/altera/15.0/nios2eds/bin/gnu/h-x86_64-mingw32/bin/../lib/gcc/nios2-elf/4.9.1/../../../../../H-x86_64-mingw32/nios2-elf/lib\libc.a(lib_a-puts.o) (_impure_ptr)
c:/altera/15.0/nios2eds/bin/gnu/h-x86_64-mingw32/bin/../lib/gcc/nios2-elf/4.9.1/../../../../../H-x86_64-mingw32/nios2-elf/lib\libc.a(lib_a-mallocr.o)
                              c:/altera/15.0/nios2eds/bin/gnu/h-x86_64-mingw32/bin/../lib/gcc/nios2-elf/4.9.1/../../../../../H-x86_64-mingw32/nios2-elf/lib\libc.a(lib_a-fvwrite.o) (_malloc_r)
c:/altera/15.0/nios2eds/bin/gnu/h-x86_64-mingw32/bin/../lib/gcc/nios2-elf/4.9.1/../../../../../H-x86_64-mingw32/nios2-elf/lib\libc.a(lib_a-memchr.o)
                              c:/altera/15.0/nios2eds/bin/gnu/h-x86_64-mingw32/bin/../lib/gcc/nios2-elf/4.9.1/../../../../../H-x86_64-mingw32/nios2-elf/lib\libc.a(lib_a-fvwrite.o) (memchr)
c:/altera/15.0/nios2eds/bin/gnu/h-x86_64-mingw32/bin/../lib/gcc/nios2-elf/4.9.1/../../../../../H-x86_64-mingw32/nios2-elf/lib\libc.a(lib_a-memcpy.o)
                              c:/altera/15.0/nios2eds/bin/gnu/h-x86_64-mingw32/bin/../lib/gcc/nios2-elf/4.9.1/../../../../../H-x86_64-mingw32/nios2-elf/lib\libc.a(lib_a-fvwrite.o) (memcpy)
c:/altera/15.0/nios2eds/bin/gnu/h-x86_64-mingw32/bin/../lib/gcc/nios2-elf/4.9.1/../../../../../H-x86_64-mingw32/nios2-elf/lib\libc.a(lib_a-memmove.o)
                              c:/altera/15.0/nios2eds/bin/gnu/h-x86_64-mingw32/bin/../lib/gcc/nios2-elf/4.9.1/../../../../../H-x86_64-mingw32/nios2-elf/lib\libc.a(lib_a-fvwrite.o) (memmove)
c:/altera/15.0/nios2eds/bin/gnu/h-x86_64-mingw32/bin/../lib/gcc/nios2-elf/4.9.1/../../../../../H-x86_64-mingw32/nios2-elf/lib\libc.a(lib_a-reallocr.o)
                              c:/altera/15.0/nios2eds/bin/gnu/h-x86_64-mingw32/bin/../lib/gcc/nios2-elf/4.9.1/../../../../../H-x86_64-mingw32/nios2-elf/lib\libc.a(lib_a-fvwrite.o) (_realloc_r)
c:/altera/15.0/nios2eds/bin/gnu/h-x86_64-mingw32/bin/../lib/gcc/nios2-elf/4.9.1/../../../../../H-x86_64-mingw32/nios2-elf/lib\libc.a(lib_a-sbrkr.o)
                              c:/altera/15.0/nios2eds/bin/gnu/h-x86_64-mingw32/bin/../lib/gcc/nios2-elf/4.9.1/../../../../../H-x86_64-mingw32/nios2-elf/lib\libc.a(lib_a-mallocr.o) (_sbrk_r)
c:/altera/15.0/nios2eds/bin/gnu/h-x86_64-mingw32/bin/../lib/gcc/nios2-elf/4.9.1/../../../../../H-x86_64-mingw32/nios2-elf/lib\libc.a(lib_a-wsetup.o)
                              c:/altera/15.0/nios2eds/bin/gnu/h-x86_64-mingw32/bin/../lib/gcc/nios2-elf/4.9.1/../../../../../H-x86_64-mingw32/nios2-elf/lib\libc.a(lib_a-fvwrite.o) (__swsetup_r)
c:/altera/15.0/nios2eds/bin/gnu/h-x86_64-mingw32/bin/../lib/gcc/nios2-elf/4.9.1/../../../../../H-x86_64-mingw32/nios2-elf/lib\libc.a(lib_a-fflush.o)
                              c:/altera/15.0/nios2eds/bin/gnu/h-x86_64-mingw32/bin/../lib/gcc/nios2-elf/4.9.1/../../../../../H-x86_64-mingw32/nios2-elf/lib\libc.a(lib_a-fvwrite.o) (_fflush_r)
c:/altera/15.0/nios2eds/bin/gnu/h-x86_64-mingw32/bin/../lib/gcc/nios2-elf/4.9.1/../../../../../H-x86_64-mingw32/nios2-elf/lib\libc.a(lib_a-findfp.o)
                              c:/altera/15.0/nios2eds/bin/gnu/h-x86_64-mingw32/bin/../lib/gcc/nios2-elf/4.9.1/../../../../../H-x86_64-mingw32/nios2-elf/lib\libc.a(lib_a-wsetup.o) (__sinit)
c:/altera/15.0/nios2eds/bin/gnu/h-x86_64-mingw32/bin/../lib/gcc/nios2-elf/4.9.1/../../../../../H-x86_64-mingw32/nios2-elf/lib\libc.a(lib_a-freer.o)
                              c:/altera/15.0/nios2eds/bin/gnu/h-x86_64-mingw32/bin/../lib/gcc/nios2-elf/4.9.1/../../../../../H-x86_64-mingw32/nios2-elf/lib\libc.a(lib_a-fvwrite.o) (_free_r)
c:/altera/15.0/nios2eds/bin/gnu/h-x86_64-mingw32/bin/../lib/gcc/nios2-elf/4.9.1/../../../../../H-x86_64-mingw32/nios2-elf/lib\libc.a(lib_a-fwalk.o)
[...]
Memory Configuration

Name             Origin             Length             Attributes
reset            0x0000000000220000 0x0000000000000020
MEMSlave2        0x0000000000220020 0x0000000000013860
*default*        0x0000000000000000 0xffffffffffffffff

Linker script and memory map

LOAD ../Slave2_bsp//obj/HAL/src/crt0.o
LOAD obj/default/hello_world.o
LOAD c:/altera/15.0/nios2eds/bin/gnu/h-x86_64-mingw32/bin/../lib/gcc/nios2-elf/4.9.1/../../../../../H-x86_64-mingw32/nios2-elf/lib\libstdc++.a
LOAD c:/altera/15.0/nios2eds/bin/gnu/h-x86_64-mingw32/bin/../lib/gcc/nios2-elf/4.9.1/../../../../../H-x86_64-mingw32/nios2-elf/lib\libm.a
LOAD c:/altera/15.0/nios2eds/bin/gnu/h-x86_64-mingw32/bin/../lib/gcc/nios2-elf/4.9.1\libgcc.a
START GROUP
LOAD c:/altera/15.0/nios2eds/bin/gnu/h-x86_64-mingw32/bin/../lib/gcc/nios2-elf/4.9.1/../../../../../H-x86_64-mingw32/nios2-elf/lib\libc.a
LOAD c:/altera/15.0/nios2eds/bin/gnu/h-x86_64-mingw32/bin/../lib/gcc/nios2-elf/4.9.1\libgcc.a
LOAD ../Slave2_bsp/\libhal_bsp.a
LOAD c:/altera/15.0/nios2eds/bin/gnu/h-x86_64-mingw32/bin/../lib/gcc/nios2-elf/4.9.1/../../../../../H-x86_64-mingw32/nios2-elf/lib\libm.a
END GROUP
LOAD c:/altera/15.0/nios2eds/bin/gnu/h-x86_64-mingw32/bin/../lib/gcc/nios2-elf/4.9.1\libgcc.a
                0x0000000000220000                __alt_mem_MEMSlave2 = 0x220000

.entry          0x0000000000220000       0x20
 *(.entry)
 .entry         0x0000000000220000       0x20 ../Slave2_bsp//obj/HAL/src/crt0.o
                0x0000000000220000                __reset

.exceptions     0x0000000000220020      0x220
                0x0000000000220020                PROVIDE (__ram_exceptions_start, ABSOLUTE (.))
                0x0000000000220020                . = ALIGN (0x20)
 *(.irq)
 *(.exceptions.entry.label)
 .exceptions.entry.label
                0x0000000000220020        0x0 ../Slave2_bsp/\libhal_bsp.a(alt_irq_entry.o)
                0x0000000000220020                alt_irq_entry
 .exceptions.entry.label
                0x0000000000220020        0x0 ../Slave2_bsp/\libhal_bsp.a(alt_exception_entry.o)
                0x0000000000220020                alt_exception
 *(.exceptions.entry.user)
 *(.exceptions.entry.ecc_fatal)
 *(.exceptions.entry)
 .exceptions.entry
                0x0000000000220020       0x54 ../Slave2_bsp/\libhal_bsp.a(alt_exception_entry.o)
 *(.exceptions.irqtest.user)
 *(.exceptions.irqtest)
 .exceptions.irqtest
                0x0000000000220074       0x10 ../Slave2_bsp/\libhal_bsp.a(alt_irq_entry.o)
 *(.exceptions.irqhandler.user)
 *(.exceptions.irqhandler)
 .exceptions.irqhandler
                0x0000000000220084        0x4 ../Slave2_bsp/\libhal_bsp.a(alt_irq_entry.o)
 *(.exceptions.irqreturn.user)
 *(.exceptions.irqreturn)
 .exceptions.irqreturn
                0x0000000000220088        0x4 ../Slave2_bsp/\libhal_bsp.a(alt_irq_entry.o)
 *(.exceptions.notirq.label)
 .exceptions.notirq.label
                0x000000000022008c        0x0 ../Slave2_bsp/\libhal_bsp.a(alt_irq_entry.o)
 *(.exceptions.notirq.user)
 *(.exceptions.notirq)
 .exceptions.notirq
                0x000000000022008c        0x8 ../Slave2_bsp/\libhal_bsp.a(alt_exception_entry.o)
 *(.exceptions.soft.user)
 *(.exceptions.soft)
 *(.exceptions.unknown.user)
 *(.exceptions.unknown)
 .exceptions.unknown
                0x0000000000220094       0x14 ../Slave2_bsp/\libhal_bsp.a(alt_exception_entry.o)
 *(.exceptions.exit.label)
 .exceptions.exit.label
                0x00000000002200a8        0x0 ../Slave2_bsp/\libhal_bsp.a(alt_irq_entry.o)
 .exceptions.exit.label
                0x00000000002200a8        0x0 ../Slave2_bsp/\libhal_bsp.a(alt_exception_entry.o)
 *(.exceptions.exit.user)
 *(.exceptions.exit)
 .exceptions.exit
                0x00000000002200a8       0x54 ../Slave2_bsp/\libhal_bsp.a(alt_exception_entry.o)
 *(.exceptions)
 .exceptions    0x00000000002200fc       0xd0 ../Slave2_bsp/\libhal_bsp.a(alt_irq_handler.o)
                0x00000000002200fc                alt_irq_handler
 .exceptions    0x00000000002201cc       0x74 ../Slave2_bsp/\libhal_bsp.a(alt_instruction_exception_entry.o)
                0x00000000002201cc                alt_instruction_exception_entry
                0x0000000000220240                PROVIDE (__ram_exceptions_end, ABSOLUTE (.))
                0x0000000000220020                PROVIDE (__flash_exceptions_start, LOADADDR (.exceptions))

.text           0x0000000000220240     0x6c68
                0x0000000000220240                PROVIDE (stext, ABSOLUTE (.))
 *(.interp)
 *(.hash)
 *(.dynsym)
 *(.dynstr)
 *(.gnu.version)
 *(.gnu.version_d)
 *(.gnu.version_r)
 *(.rel.init)
 *(.rela.init)
 *(.rel.text .rel.text.* .rel.gnu.linkonce.t.*)
 *(.rela.text .rela.text.* .rela.gnu.linkonce.t.*)
 *(.rel.fini)
 *(.rela.fini)
 *(.rel.rodata .rel.rodata.* .rel.gnu.linkonce.r.*)
 *(.rela.rodata .rela.rodata.* .rela.gnu.linkonce.r.*)
 *(.rel.data .rel.data.* .rel.gnu.linkonce.d.*)
 *(.rela.data .rela.data.* .rela.gnu.linkonce.d.*)
 *(.rel.tdata .rel.tdata.* .rel.gnu.linkonce.td.*)
 *(.rela.tdata .rela.tdata.* .rela.gnu.linkonce.td.*)
 *(.rel.tbss .rel.tbss.* .rel.gnu.linkonce.tb.*)
 *(.rela.tbss .rela.tbss.* .rela.gnu.linkonce.tb.*)
 *(.rel.ctors)
 *(.rela.ctors)
 *(.rel.dtors)
 *(.rela.dtors)
 *(.rel.got)
 *(.rela.got)
 *(.rel.sdata .rel.sdata.* .rel.gnu.linkonce.s.*)
 *(.rela.sdata .rela.sdata.* .rela.gnu.linkonce.s.*)
 *(.rel.sbss .rel.sbss.* .rel.gnu.linkonce.sb.*)
 *(.rela.sbss .rela.sbss.* .rela.gnu.linkonce.sb.*)
 *(.rel.sdata2 .rel.sdata2.* .rel.gnu.linkonce.s2.*)
 *(.rela.sdata2 .rela.sdata2.* .rela.gnu.linkonce.s2.*)
 *(.rel.sbss2 .rel.sbss2.* .rel.gnu.linkonce.sb2.*)
 *(.rela.sbss2 .rela.sbss2.* .rela.gnu.linkonce.sb2.*)
 *(.rel.bss .rel.bss.* .rel.gnu.linkonce.b.*)
 *(.rela.bss .rela.bss.* .rela.gnu.linkonce.b.*)
 *(.rel.plt)
 *(.rela.plt)
 *(.rel.dyn)
 *(.init)
 *(.plt)
 *(.text .stub .text.* .gnu.linkonce.t.*)
 .text          0x0000000000220240       0x4c ../Slave2_bsp//obj/HAL/src/crt0.o
                0x0000000000220240                _start
 .text          0x000000000022028c      0x37c obj/default/hello_world.o
                0x000000000022028c                main
                0x00000000002205b0                delay10ms
 .text          0x0000000000220608       0xcc c:/altera/15.0/nios2eds/bin/gnu/h-x86_64-mingw32/bin/../lib/gcc/nios2-elf/4.9.1/../../../../../H-x86_64-mingw32/nios2-elf/lib\libc.a(lib_a-puts.o)
                0x0000000000220608                _puts_r
                0x00000000002206c0                puts
 .text          0x00000000002206d4       0x98 c:/altera/15.0/nios2eds/bin/gnu/h-x86_64-mingw32/bin/../lib/gcc/nios2-elf/4.9.1/../../../../../H-x86_64-mingw32/nios2-elf/lib\libc.a(lib_a-strlen.o)
                0x00000000002206d4                strlen
 .text          0x000000000022076c      0x4a4 c:/altera/15.0/nios2eds/bin/gnu/h-x86_64-mingw32/bin/../lib/gcc/nios2-elf/4.9.1/../../../../../H-x86_64-mingw32/nios2-elf/lib\libc.a(lib_a-fvwrite.o)
                0x000000000022076c                __sfvwrite_r
 .text          0x0000000000220c10        0x0 c:/altera/15.0/nios2eds/bin/gnu/h-x86_64-mingw32/bin/../lib/gcc/nios2-elf/4.9.1/../../../../../H-x86_64-mingw32/nios2-elf/lib\libc.a(lib_a-impure.o)
 .text          0x0000000000220c10      0x7a8 c:/altera/15.0/nios2eds/bin/gnu/h-x86_64-mingw32/bin/../lib/gcc/nios2-elf/4.9.1/../../../../../H-x86_64-mingw32/nios2-elf/lib\libc.a(lib_a-mallocr.o)
                0x0000000000220c10                _malloc_r
 .text          0x00000000002213b8       0xe8 c:/altera/15.0/nios2eds/bin/gnu/h-x86_64-mingw32/bin/../lib/gcc/nios2-elf/4.9.1/../../../../../H-x86_64-mingw32/nios2-elf/lib\libc.a(lib_a-memchr.o)
                0x00000000002213b8                memchr
 .text          0x00000000002214a0      0x138 c:/altera/15.0/nios2eds/bin/gnu/h-x86_64-mingw32/bin/../lib/gcc/nios2-elf/4.9.1/../../../../../H-x86_64-mingw32/nios2-elf/lib\libc.a(lib_a-memcpy.o)
                0x00000000002214a0                memcpy
 .text          0x00000000002215d8      0x15c c:/altera/15.0/nios2eds/bin/gnu/h-x86_64-mingw32/bin/../lib/gcc/nios2-elf/4.9.1/../../../../../H-x86_64-mingw32/nios2-elf/lib\libc.a(lib_a-memmove.o)
                0x00000000002215d8                memmove
 .text          0x0000000000221734      0x5a0 c:/altera/15.0/nios2eds/bin/gnu/h-x86_64-mingw32/bin/../lib/gcc/nios2-elf/4.9.1/../../../../../H-x86_64-mingw32/nios2-elf/lib\libc.a(lib_a-reallocr.o)
                0x0000000000221734                _realloc_r
 .text          0x0000000000221cd4       0x54 c:/altera/15.0/nios2eds/bin/gnu/h-x86_64-mingw32/bin/../lib/gcc/nios2-elf/4.9.1/../../../../../H-x86_64-mingw32/nios2-elf/lib\libc.a(lib_a-sbrkr.o)
                0x0000000000221cd4                _sbrk_r
 .text          0x0000000000221d28      0x130 c:/altera/15.0/nios2eds/bin/gnu/h-x86_64-mingw32/bin/../lib/gcc/nios2-elf/4.9.1/../../../../../H-x86_64-mingw32/nios2-elf/lib\libc.a(lib_a-wsetup.o)
                0x0000000000221d28                __swsetup_r
 .text          0x0000000000221e58      0x258 c:/altera/15.0/nios2eds/bin/gnu/h-x86_64-mingw32/bin/../lib/gcc/nios2-elf/4.9.1/../../../../../H-x86_64-mingw32/nios2-elf/lib\libc.a(lib_a-fflush.o)
                0x0000000000221e58                _fflush_r
                0x0000000000222080                fflush
 .text          0x00000000002220b0      0x3a0 c:/altera/15.0/nios2eds/bin/gnu/h-x86_64-mingw32/bin/../lib/gcc/nios2-elf/4.9.1/../../../../../H-x86_64-mingw32/nios2-elf/lib\libc.a(lib_a-findfp.o)
                0x00000000002220c0                _cleanup_r
                0x000000000022226c                __sfmoreglue
                0x00000000002222d0                __sfp
                0x00000000002223e8                _cleanup
                0x0000000000222400                __sinit
                0x0000000000222410                __sfp_lock_acquire
                0x0000000000222414                __sfp_lock_release
                0x0000000000222418                __sinit_lock_acquire
                0x000000000022241c                __sinit_lock_release
                0x0000000000222420                __fp_lock_all
                0x0000000000222438                __fp_unlock_all
 .text          0x0000000000222450      0x414 c:/altera/15.0/nios2eds/bin/gnu/h-x86_64-mingw32/bin/../lib/gcc/nios2-elf/4.9.1/../../../../../H-x86_64-mingw32/nios2-elf/lib\libc.a(lib_a-freer.o)
                0x0000000000222450                _malloc_trim_r
                0x0000000000222574                _free_r
 .text          0x0000000000222864      0x170 c:/altera/15.0/nios2eds/bin/gnu/h-x86_64-mingw32/bin/../lib/gcc/nios2-elf/4.9.1/../../../../../H-x86_64-mingw32/nios2-elf/lib\libc.a(lib_a-fwalk.o)
                0x0000000000222864                _fwalk
                0x000000000022291c                _fwalk_reent
 .text          0x00000000002229d4        0x0 c:/altera/15.0/nios2eds/bin/gnu/h-x86_64-mingw32/bin/../lib/gcc/nios2-elf/4.9.1/../../../../../H-x86_64-mingw32/nios2-elf/lib\libc.a(lib_a-int_errno.o)
 .text          0x00000000002229d4      0x1b8 c:/altera/15.0/nios2eds/bin/gnu/h-x86_64-mingw32/bin/../lib/gcc/nios2-elf/4.9.1/../../../../../H-x86_64-mingw32/nios2-elf/lib\libc.a(lib_a-makebuf.o)
                0x00000000002229d4                __smakebuf_r
 .text          0x0000000000222b8c      0x124 c:/altera/15.0/nios2eds/bin/gnu/h-x86_64-mingw32/bin/../lib/gcc/nios2-elf/4.9.1/../../../../../H-x86_64-mingw32/nios2-elf/lib\libc.a(lib_a-memset.o)
                0x0000000000222b8c                memset
 .text          0x0000000000222cb0      0x13c c:/altera/15.0/nios2eds/bin/gnu/h-x86_64-mingw32/bin/../lib/gcc/nios2-elf/4.9.1/../../../../../H-x86_64-mingw32/nios2-elf/lib\libc.a(lib_a-stdio.o)
                0x0000000000222cb0                __sread
                0x0000000000222d04                __seofread
                0x0000000000222d0c                __swrite
                0x0000000000222d88                __sseek
                0x0000000000222de4                __sclose
 .text          0x0000000000222dec       0x5c c:/altera/15.0/nios2eds/bin/gnu/h-x86_64-mingw32/bin/../lib/gcc/nios2-elf/4.9.1/../../../../../H-x86_64-mingw32/nios2-elf/lib\libc.a(lib_a-writer.o)
                0x0000000000222dec                _write_r
 .text          0x0000000000222e48       0x54 c:/altera/15.0/nios2eds/bin/gnu/h-x86_64-mingw32/bin/../lib/gcc/nios2-elf/4.9.1/../../../../../H-x86_64-mingw32/nios2-elf/lib\libc.a(closer.o)
                0x0000000000222e48                _close_r
 .text          0x0000000000222e9c      0x114 c:/altera/15.0/nios2eds/bin/gnu/h-x86_64-mingw32/bin/../lib/gcc/nios2-elf/4.9.1/../../../../../H-x86_64-mingw32/nios2-elf/lib\libc.a(lib_a-fclose.o)
                0x0000000000222e9c                _fclose_r
                0x0000000000222f9c                fclose
 .text          0x0000000000222fb0       0x58 c:/altera/15.0/nios2eds/bin/gnu/h-x86_64-mingw32/bin/../lib/gcc/nios2-elf/4.9.1/../../../../../H-x86_64-mingw32/nios2-elf/lib\libc.a(lib_a-fstatr.o)
                0x0000000000222fb0                _fstat_r
 .text          0x0000000000223008       0x54 c:/altera/15.0/nios2eds/bin/gnu/h-x86_64-mingw32/bin/../lib/gcc/nios2-elf/4.9.1/../../../../../H-x86_64-mingw32/nios2-elf/lib\libc.a(lib_a-isattyr.o)
                0x0000000000223008                _isatty_r
 .text          0x000000000022305c       0x5c c:/altera/15.0/nios2eds/bin/gnu/h-x86_64-mingw32/bin/../lib/gcc/nios2-elf/4.9.1/../../../../../H-x86_64-mingw32/nios2-elf/lib\libc.a(lib_a-lseekr.o)
                0x000000000022305c                _lseek_r
 .text          0x00000000002230b8       0x5c c:/altera/15.0/nios2eds/bin/gnu/h-x86_64-mingw32/bin/../lib/gcc/nios2-elf/4.9.1/../../../../../H-x86_64-mingw32/nios2-elf/lib\libc.a(lib_a-readr.o)
                0x00000000002230b8                _read_r
 .text          0x0000000000223114      0x120 ../Slave2_bsp/\libhal_bsp.a(alt_close.o)
                0x0000000000223164                close
 .text          0x0000000000223234       0x2c ../Slave2_bsp/\libhal_bsp.a(alt_dev.o)
 .text          0x0000000000223260        0x0 ../Slave2_bsp/\libhal_bsp.a(alt_errno.o)
 .text          0x0000000000223260      0x100 ../Slave2_bsp/\libhal_bsp.a(alt_fstat.o)
                0x00000000002232b0                fstat
 .text          0x0000000000223360       0xf4 ../Slave2_bsp/\libhal_bsp.a(alt_isatty.o)
                0x00000000002233b0                isatty
 .text          0x0000000000223454       0xe4 ../Slave2_bsp/\libhal_bsp.a(alt_load.o)
                0x00000000002234b8                alt_load
 .text          0x0000000000223538      0x124 ../Slave2_bsp/\libhal_bsp.a(alt_lseek.o)
                0x0000000000223588                lseek
 .text          0x000000000022365c       0x78 ../Slave2_bsp/\libhal_bsp.a(alt_main.o)
                0x000000000022365c                alt_main
 .text          0x00000000002236d4       0x40 ../Slave2_bsp/\libhal_bsp.a(alt_malloc_lock.o)
                0x00000000002236d4                __malloc_lock
                0x00000000002236f4                __malloc_unlock
 .text          0x0000000000223714      0x228 ../Slave2_bsp/\libhal_bsp.a(alt_printf.o)
                0x0000000000223714                alt_printf
 .text          0x000000000022393c       0x44 ../Slave2_bsp/\libhal_bsp.a(alt_putchar.o)
                0x000000000022393c                alt_putchar
 .text          0x0000000000223980      0x14c ../Slave2_bsp/\libhal_bsp.a(alt_read.o)
                0x00000000002239d0                read
 .text          0x0000000000223acc       0x60 ../Slave2_bsp/\libhal_bsp.a(alt_release_fd.o)
                0x0000000000223acc                alt_release_fd
 .text          0x0000000000223b2c       0xb0 ../Slave2_bsp/\libhal_bsp.a(alt_sbrk.o)
                0x0000000000223b2c                sbrk
 .text          0x0000000000223bdc      0x148 ../Slave2_bsp/\libhal_bsp.a(alt_write.o)
                0x0000000000223c2c                write
 .text          0x0000000000223d24      0x250 ../Slave2_bsp/\libhal_bsp.a(alt_sys_init.o)
                0x0000000000223e18                alt_irq_init
                0x0000000000223e4c                alt_sys_init
 .text          0x0000000000223f74      0x164 ../Slave2_bsp/\libhal_bsp.a(altera_avalon_jtag_uart_fd.o)
                0x0000000000223f74                altera_avalon_jtag_uart_read_fd
                0x0000000000223fd4                altera_avalon_jtag_uart_write_fd
                0x0000000000224034                altera_avalon_jtag_uart_close_fd
                0x0000000000224084                altera_avalon_jtag_uart_ioctl_fd
 .text          0x00000000002240d8      0x3d8 ../Slave2_bsp/\libhal_bsp.a(altera_avalon_jtag_uart_init.o)
                0x00000000002240d8                altera_avalon_jtag_uart_init
                0x0000000000224448                altera_avalon_jtag_uart_close
 .text          0x00000000002244b0       0xec ../Slave2_bsp/\libhal_bsp.a(altera_avalon_jtag_uart_ioctl.o)
                0x00000000002244b0                altera_avalon_jtag_uart_ioctl
 .text          0x000000000022459c      0x20c ../Slave2_bsp/\libhal_bsp.a(altera_avalon_jtag_uart_read.o)
                0x000000000022459c                altera_avalon_jtag_uart_read
 .text          0x00000000002247a8      0x218 ../Slave2_bsp/\libhal_bsp.a(altera_avalon_jtag_uart_write.o)
                0x00000000002247a8                altera_avalon_jtag_uart_write
 .text          0x00000000002249c0      0x2d8 ../Slave2_bsp/\libhal_bsp.a(altera_avalon_mutex.o)
                0x0000000000224a8c                altera_avalon_mutex_open
                0x0000000000224ae0                altera_avalon_mutex_close
                0x0000000000224b04                altera_avalon_mutex_lock
                0x0000000000224b44                altera_avalon_mutex_trylock
                0x0000000000224b84                altera_avalon_mutex_unlock
                0x0000000000224bd4                altera_avalon_mutex_is_mine
                0x0000000000224c48                altera_avalon_mutex_first_lock
 .text          0x0000000000224c98      0x110 ../Slave2_bsp/\libhal_bsp.a(altera_avalon_uart_fd.o)
                0x0000000000224c98                altera_avalon_uart_read_fd
                0x0000000000224cf8                altera_avalon_uart_write_fd
                0x0000000000224d58                altera_avalon_uart_close_fd
 .text          0x0000000000224da8      0x3b8 ../Slave2_bsp/\libhal_bsp.a(altera_avalon_uart_init.o)
                0x0000000000224da8                altera_avalon_uart_init
                0x000000000022510c                altera_avalon_uart_close
 .text          0x0000000000225160      0x22c ../Slave2_bsp/\libhal_bsp.a(altera_avalon_uart_read.o)
                0x00000000002251b0                altera_avalon_uart_read
 .text          0x000000000022538c      0x1fc ../Slave2_bsp/\libhal_bsp.a(altera_avalon_uart_write.o)
                0x00000000002253dc                altera_avalon_uart_write
 .text          0x0000000000225588      0x2e8 ../Slave2_bsp/\libhal_bsp.a(altera_up_avalon_video_character_buffer_with_dma.o)
                0x0000000000225588                alt_up_char_buffer_init
                0x0000000000225608                alt_up_char_buffer_open_dev
                0x0000000000225648                alt_up_char_buffer_draw
                0x0000000000225714                alt_up_char_buffer_string
                0x0000000000225814                alt_up_char_buffer_clear
 .text          0x0000000000225870      0x140 ../Slave2_bsp/\libhal_bsp.a(alt_alarm_start.o)
                0x0000000000225870                alt_alarm_start
 .text          0x00000000002259b0       0x44 ../Slave2_bsp/\libhal_bsp.a(alt_dcache_flush_all.o)
                0x00000000002259b0                alt_dcache_flush_all
 .text          0x00000000002259f4       0xf4 ../Slave2_bsp/\libhal_bsp.a(alt_dev_llist_insert.o)
                0x0000000000225a44                alt_dev_llist_insert
 .text          0x0000000000225ae8       0x5c ../Slave2_bsp/\libhal_bsp.a(alt_do_ctors.o)
                0x0000000000225ae8                _do_ctors
 .text          0x0000000000225b44       0x5c ../Slave2_bsp/\libhal_bsp.a(alt_do_dtors.o)
                0x0000000000225b44                _do_dtors
 .text          0x0000000000225ba0       0x90 ../Slave2_bsp/\libhal_bsp.a(alt_find_dev.o)
                0x0000000000225ba0                alt_find_dev
 .text          0x0000000000225c30       0x30 ../Slave2_bsp/\libhal_bsp.a(alt_icache_flush_all.o)
                0x0000000000225c30                alt_icache_flush_all
 .text          0x0000000000225c60      0x1e0 ../Slave2_bsp/\libhal_bsp.a(alt_iic.o)
                0x0000000000225c60                alt_ic_isr_register
                0x0000000000225cb0                alt_ic_irq_enable
                0x0000000000225d50                alt_ic_irq_disable
                0x0000000000225df4                alt_ic_irq_enabled
 .text          0x0000000000225e40       0xf0 ../Slave2_bsp/\libhal_bsp.a(alt_iic_isr_register.o)
                0x0000000000225e40                alt_iic_isr_register
 .text          0x0000000000225f30      0x138 ../Slave2_bsp/\libhal_bsp.a(alt_io_redirect.o)
                0x0000000000225ff0                alt_io_redirect
 .text          0x0000000000226068        0x0 ../Slave2_bsp/\libhal_bsp.a(alt_irq_entry.o)
 .text          0x0000000000226068        0x0 ../Slave2_bsp/\libhal_bsp.a(alt_irq_handler.o)
 .text          0x0000000000226068        0x0 ../Slave2_bsp/\libhal_bsp.a(alt_irq_vars.o)
 .text          0x0000000000226068      0x274 ../Slave2_bsp/\libhal_bsp.a(alt_open.o)
                0x0000000000226184                open
 .text          0x00000000002262dc      0x19c ../Slave2_bsp/\libhal_bsp.a(alt_tick.o)
                0x00000000002262dc                alt_alarm_stop
                0x0000000000226374                alt_tick
 .text          0x0000000000226478       0x20 ../Slave2_bsp/\libhal_bsp.a(altera_nios2_gen2_irq.o)
                0x0000000000226478                altera_nios2_gen2_irq_init
 .text          0x0000000000226498        0x0 ../Slave2_bsp/\libhal_bsp.a(alt_exception_entry.o)
 .text          0x0000000000226498      0x114 ../Slave2_bsp/\libhal_bsp.a(alt_find_file.o)
                0x0000000000226498                alt_find_file
 .text          0x00000000002265ac       0xb4 ../Slave2_bsp/\libhal_bsp.a(alt_get_fd.o)
                0x00000000002265ac                alt_get_fd
 .text          0x0000000000226660       0x8c ../Slave2_bsp/\libhal_bsp.a(alt_icache_flush.o)
                0x0000000000226660                alt_icache_flush
 .text          0x00000000002266ec       0x9c ../Slave2_bsp/\libhal_bsp.a(alt_instruction_exception_entry.o)
                0x00000000002266ec                alt_exception_cause_generated_bad_addr
 .text          0x0000000000226788       0x14 c:/altera/15.0/nios2eds/bin/gnu/h-x86_64-mingw32/bin/../lib/gcc/nios2-elf/4.9.1/../../../../../H-x86_64-mingw32/nios2-elf/lib\libc.a(lib_a-atexit.o)
                0x0000000000226788                atexit
 .text          0x000000000022679c       0x38 c:/altera/15.0/nios2eds/bin/gnu/h-x86_64-mingw32/bin/../lib/gcc/nios2-elf/4.9.1/../../../../../H-x86_64-mingw32/nios2-elf/lib\libc.a(lib_a-exit.o)
                0x000000000022679c                exit
 .text          0x00000000002267d4       0x7c c:/altera/15.0/nios2eds/bin/gnu/h-x86_64-mingw32/bin/../lib/gcc/nios2-elf/4.9.1/../../../../../H-x86_64-mingw32/nios2-elf/lib\libc.a(lib_a-memcmp.o)
                0x00000000002267d4                memcmp
 .text          0x0000000000226850      0x168 c:/altera/15.0/nios2eds/bin/gnu/h-x86_64-mingw32/bin/../lib/gcc/nios2-elf/4.9.1/../../../../../H-x86_64-mingw32/nios2-elf/lib\libc.a(lib_a-putc.o)
                0x0000000000226850                _putc_r
                0x00000000002268f0                putc
 .text          0x00000000002269b8       0xa4 c:/altera/15.0/nios2eds/bin/gnu/h-x86_64-mingw32/bin/../lib/gcc/nios2-elf/4.9.1/../../../../../H-x86_64-mingw32/nios2-elf/lib\libc.a(lib_a-strcmp.o)
                0x00000000002269b8                strcmp
 .text          0x0000000000226a5c      0x170 c:/altera/15.0/nios2eds/bin/gnu/h-x86_64-mingw32/bin/../lib/gcc/nios2-elf/4.9.1/../../../../../H-x86_64-mingw32/nios2-elf/lib\libc.a(lib_a-wbuf.o)
                0x0000000000226a5c                __swbuf_r
                0x0000000000226bb0                __swbuf
 .text          0x0000000000226bcc      0x114 c:/altera/15.0/nios2eds/bin/gnu/h-x86_64-mingw32/bin/../lib/gcc/nios2-elf/4.9.1/../../../../../H-x86_64-mingw32/nios2-elf/lib\libc.a(lib_a-__atexit.o)
                0x0000000000226bcc                __register_exitproc
 .text          0x0000000000226ce0      0x194 c:/altera/15.0/nios2eds/bin/gnu/h-x86_64-mingw32/bin/../lib/gcc/nios2-elf/4.9.1/../../../../../H-x86_64-mingw32/nios2-elf/lib\libc.a(lib_a-__call_atexit.o)
                0x0000000000226ce0                __call_exitprocs
 .text          0x0000000000226e74       0x34 ../Slave2_bsp/\libhal_bsp.a(alt_exit.o)
                0x0000000000226e74                _exit
 *(.gnu.warning.*)
 *(.fini)
                0x0000000000226ea8                PROVIDE (__etext, ABSOLUTE (.))
                0x0000000000226ea8                PROVIDE (_etext, ABSOLUTE (.))
                0x0000000000226ea8                PROVIDE (etext, ABSOLUTE (.))
 *(.eh_frame_hdr)
                0x0000000000226ea8                . = ALIGN (0x4)
                0x0000000000226ea8                PROVIDE (__preinit_array_start, ABSOLUTE (.))
 *(.preinit_array)
                0x0000000000226ea8                PROVIDE (__preinit_array_end, ABSOLUTE (.))
                0x0000000000226ea8                PROVIDE (__init_array_start, ABSOLUTE (.))
 *(.init_array)
                0x0000000000226ea8                PROVIDE (__init_array_end, ABSOLUTE (.))
                0x0000000000226ea8                PROVIDE (__fini_array_start, ABSOLUTE (.))
 *(.fini_array)
                0x0000000000226ea8                PROVIDE (__fini_array_end, ABSOLUTE (.))
 *(.eh_frame)
 *(.gcc_except_table .gcc_except_table.*)
 *(.dynamic)
                0x0000000000226ea8                PROVIDE (__CTOR_LIST__, ABSOLUTE (.))
 *(.ctors)
 *(SORT(.ctors.*))
                0x0000000000226ea8                PROVIDE (__CTOR_END__, ABSOLUTE (.))
                0x0000000000226ea8                PROVIDE (__DTOR_LIST__, ABSOLUTE (.))
 *(.dtors)
 *(SORT(.dtors.*))
                0x0000000000226ea8                PROVIDE (__DTOR_END__, ABSOLUTE (.))
 *(.jcr)
                0x0000000000226ea8                . = ALIGN (0x4)

.rodata         0x0000000000226ea8      0x154
                0x0000000000226ea8                PROVIDE (__ram_rodata_start, ABSOLUTE (.))
                0x0000000000226ea8                . = ALIGN (0x4)
 *(.rodata .rodata.* .gnu.linkonce.r.*)
 .rodata        0x0000000000226ea8       0xa8 obj/default/hello_world.o
 .rodata.str1.4
                0x0000000000226f50        0x2 c:/altera/15.0/nios2eds/bin/gnu/h-x86_64-mingw32/bin/../lib/gcc/nios2-elf/4.9.1/../../../../../H-x86_64-mingw32/nios2-elf/lib\libc.a(lib_a-puts.o)
                                          0x4 (size before relaxing)
 *fill*         0x0000000000226f52        0x2 
 .rodata.str1.4
                0x0000000000226f54        0x4 c:/altera/15.0/nios2eds/bin/gnu/h-x86_64-mingw32/bin/../lib/gcc/nios2-elf/4.9.1/../../../../../H-x86_64-mingw32/nios2-elf/lib\libc.a(lib_a-impure.o)
 .rodata        0x0000000000226f58        0xc ../Slave2_bsp/\libhal_bsp.a(alt_dev.o)
 .rodata        0x0000000000226f64       0x10 ../Slave2_bsp/\libhal_bsp.a(alt_main.o)
 .rodata        0x0000000000226f74       0x6c ../Slave2_bsp/\libhal_bsp.a(alt_sys_init.o)
 .rodata        0x0000000000226fe0       0x1c ../Slave2_bsp/\libhal_bsp.a(altera_up_avalon_video_character_buffer_with_dma.o)
 *(.rodata1)
                0x0000000000226ffc                . = ALIGN (0x4)
                0x0000000000226ffc                PROVIDE (__ram_rodata_end, ABSOLUTE (.))
                0x0000000000226ea8                PROVIDE (__flash_rodata_start, LOADADDR (.rodata))

.rwdata         0x0000000000226ffc     0x1b90 load address 0x0000000000228b8c
                0x0000000000226ffc                PROVIDE (__ram_rwdata_start, ABSOLUTE (.))
                0x0000000000226ffc                . = ALIGN (0x4)
 *(.got.plt)
 *(.got)
 *(.data1)
 *(.data .data.* .gnu.linkonce.d.*)
 .data          0x0000000000226ffc        0x0 ../Slave2_bsp//obj/HAL/src/crt0.o
 .data          0x0000000000226ffc        0x0 obj/default/hello_world.o
 .data          0x0000000000226ffc        0x0 c:/altera/15.0/nios2eds/bin/gnu/h-x86_64-mingw32/bin/../lib/gcc/nios2-elf/4.9.1/../../../../../H-x86_64-mingw32/nios2-elf/lib\libc.a(lib_a-puts.o)
 .data          0x0000000000226ffc        0x0 c:/altera/15.0/nios2eds/bin/gnu/h-x86_64-mingw32/bin/../lib/gcc/nios2-elf/4.9.1/../../../../../H-x86_64-mingw32/nios2-elf/lib\libc.a(lib_a-strlen.o)
 .data          0x0000000000226ffc        0x0 c:/altera/15.0/nios2eds/bin/gnu/h-x86_64-mingw32/bin/../lib/gcc/nios2-elf/4.9.1/../../../../../H-x86_64-mingw32/nios2-elf/lib\libc.a(lib_a-fvwrite.o)
 .data          0x0000000000226ffc      0x424 c:/altera/15.0/nios2eds/bin/gnu/h-x86_64-mingw32/bin/../lib/gcc/nios2-elf/4.9.1/../../../../../H-x86_64-mingw32/nios2-elf/lib\libc.a(lib_a-impure.o)
 .data          0x0000000000227420      0x408 c:/altera/15.0/nios2eds/bin/gnu/h-x86_64-mingw32/bin/../lib/gcc/nios2-elf/4.9.1/../../../../../H-x86_64-mingw32/nios2-elf/lib\libc.a(lib_a-mallocr.o)
                0x0000000000227420                __malloc_av_
 .data          0x0000000000227828        0x0 c:/altera/15.0/nios2eds/bin/gnu/h-x86_64-mingw32/bin/../lib/gcc/nios2-elf/4.9.1/../../../../../H-x86_64-mingw32/nios2-elf/lib\libc.a(lib_a-memchr.o)
 .data          0x0000000000227828        0x0 c:/altera/15.0/nios2eds/bin/gnu/h-x86_64-mingw32/bin/../lib/gcc/nios2-elf/4.9.1/../../../../../H-x86_64-mingw32/nios2-elf/lib\libc.a(lib_a-memcpy.o)
 .data          0x0000000000227828        0x0 c:/altera/15.0/nios2eds/bin/gnu/h-x86_64-mingw32/bin/../lib/gcc/nios2-elf/4.9.1/../../../../../H-x86_64-mingw32/nios2-elf/lib\libc.a(lib_a-memmove.o)
 .data          0x0000000000227828        0x0 c:/altera/15.0/nios2eds/bin/gnu/h-x86_64-mingw32/bin/../lib/gcc/nios2-elf/4.9.1/../../../../../H-x86_64-mingw32/nios2-elf/lib\libc.a(lib_a-reallocr.o)
 .data          0x0000000000227828        0x0 c:/altera/15.0/nios2eds/bin/gnu/h-x86_64-mingw32/bin/../lib/gcc/nios2-elf/4.9.1/../../../../../H-x86_64-mingw32/nios2-elf/lib\libc.a(lib_a-sbrkr.o)
 .data          0x0000000000227828        0x0 c:/altera/15.0/nios2eds/bin/gnu/h-x86_64-mingw32/bin/../lib/gcc/nios2-elf/4.9.1/../../../../../H-x86_64-mingw32/nios2-elf/lib\libc.a(lib_a-wsetup.o)
 .data          0x0000000000227828        0x0 c:/altera/15.0/nios2eds/bin/gnu/h-x86_64-mingw32/bin/../lib/gcc/nios2-elf/4.9.1/../../../../../H-x86_64-mingw32/nios2-elf/lib\libc.a(lib_a-fflush.o)
 .data          0x0000000000227828        0x0 c:/altera/15.0/nios2eds/bin/gnu/h-x86_64-mingw32/bin/../lib/gcc/nios2-elf/4.9.1/../../../../../H-x86_64-mingw32/nios2-elf/lib\libc.a(lib_a-findfp.o)
 .data          0x0000000000227828        0x0 c:/altera/15.0/nios2eds/bin/gnu/h-x86_64-mingw32/bin/../lib/gcc/nios2-elf/4.9.1/../../../../../H-x86_64-mingw32/nios2-elf/lib\libc.a(lib_a-freer.o)
 .data          0x0000000000227828        0x0 c:/altera/15.0/nios2eds/bin/gnu/h-x86_64-mingw32/bin/../lib/gcc/nios2-elf/4.9.1/../../../../../H-x86_64-mingw32/nios2-elf/lib\libc.a(lib_a-fwalk.o)
 .data          0x0000000000227828        0x0 c:/altera/15.0/nios2eds/bin/gnu/h-x86_64-mingw32/bin/../lib/gcc/nios2-elf/4.9.1/../../../../../H-x86_64-mingw32/nios2-elf/lib\libc.a(lib_a-int_errno.o)
 .data          0x0000000000227828        0x0 c:/altera/15.0/nios2eds/bin/gnu/h-x86_64-mingw32/bin/../lib/gcc/nios2-elf/4.9.1/../../../../../H-x86_64-mingw32/nios2-elf/lib\libc.a(lib_a-makebuf.o)
 .data          0x0000000000227828        0x0 c:/altera/15.0/nios2eds/bin/gnu/h-x86_64-mingw32/bin/../lib/gcc/nios2-elf/4.9.1/../../../../../H-x86_64-mingw32/nios2-elf/lib\libc.a(lib_a-memset.o)
 .data          0x0000000000227828        0x0 c:/altera/15.0/nios2eds/bin/gnu/h-x86_64-mingw32/bin/../lib/gcc/nios2-elf/4.9.1/../../../../../H-x86_64-mingw32/nios2-elf/lib\libc.a(lib_a-stdio.o)
 .data          0x0000000000227828        0x0 c:/altera/15.0/nios2eds/bin/gnu/h-x86_64-mingw32/bin/../lib/gcc/nios2-elf/4.9.1/../../../../../H-x86_64-mingw32/nios2-elf/lib\libc.a(lib_a-writer.o)
 .data          0x0000000000227828        0x0 c:/altera/15.0/nios2eds/bin/gnu/h-x86_64-mingw32/bin/../lib/gcc/nios2-elf/4.9.1/../../../../../H-x86_64-mingw32/nios2-elf/lib\libc.a(closer.o)
 .data          0x0000000000227828        0x0 c:/altera/15.0/nios2eds/bin/gnu/h-x86_64-mingw32/bin/../lib/gcc/nios2-elf/4.9.1/../../../../../H-x86_64-mingw32/nios2-elf/lib\libc.a(lib_a-fclose.o)
 .data          0x0000000000227828        0x0 c:/altera/15.0/nios2eds/bin/gnu/h-x86_64-mingw32/bin/../lib/gcc/nios2-elf/4.9.1/../../../../../H-x86_64-mingw32/nios2-elf/lib\libc.a(lib_a-fstatr.o)
 .data          0x0000000000227828        0x0 c:/altera/15.0/nios2eds/bin/gnu/h-x86_64-mingw32/bin/../lib/gcc/nios2-elf/4.9.1/../../../../../H-x86_64-mingw32/nios2-elf/lib\libc.a(lib_a-isattyr.o)
 .data          0x0000000000227828        0x0 c:/altera/15.0/nios2eds/bin/gnu/h-x86_64-mingw32/bin/../lib/gcc/nios2-elf/4.9.1/../../../../../H-x86_64-mingw32/nios2-elf/lib\libc.a(lib_a-lseekr.o)
 .data          0x0000000000227828        0x0 c:/altera/15.0/nios2eds/bin/gnu/h-x86_64-mingw32/bin/../lib/gcc/nios2-elf/4.9.1/../../../../../H-x86_64-mingw32/nios2-elf/lib\libc.a(lib_a-readr.o)
 .data          0x0000000000227828        0x0 ../Slave2_bsp/\libhal_bsp.a(alt_close.o)
 .data          0x0000000000227828      0x1a8 ../Slave2_bsp/\libhal_bsp.a(alt_dev.o)
                0x0000000000227828                alt_dev_null
                0x0000000000227850                alt_fd_list
 .data          0x00000000002279d0        0x0 ../Slave2_bsp/\libhal_bsp.a(alt_errno.o)
 .data          0x00000000002279d0        0x0 ../Slave2_bsp/\libhal_bsp.a(alt_fstat.o)
 .data          0x00000000002279d0        0x0 ../Slave2_bsp/\libhal_bsp.a(alt_isatty.o)
 .data          0x00000000002279d0        0x0 ../Slave2_bsp/\libhal_bsp.a(alt_load.o)
 .data          0x00000000002279d0        0x0 ../Slave2_bsp/\libhal_bsp.a(alt_lseek.o)
 .data          0x00000000002279d0        0x0 ../Slave2_bsp/\libhal_bsp.a(alt_main.o)
 .data          0x00000000002279d0        0x0 ../Slave2_bsp/\libhal_bsp.a(alt_malloc_lock.o)
 .data          0x00000000002279d0        0x0 ../Slave2_bsp/\libhal_bsp.a(alt_printf.o)
 .data          0x00000000002279d0        0x0 ../Slave2_bsp/\libhal_bsp.a(alt_putchar.o)
 .data          0x00000000002279d0        0x0 ../Slave2_bsp/\libhal_bsp.a(alt_read.o)
 .data          0x00000000002279d0        0x0 ../Slave2_bsp/\libhal_bsp.a(alt_release_fd.o)
 .data          0x00000000002279d0        0x0 ../Slave2_bsp/\libhal_bsp.a(alt_sbrk.o)
 .data          0x00000000002279d0        0x0 ../Slave2_bsp/\libhal_bsp.a(alt_write.o)
 .data          0x00000000002279d0     0x117c ../Slave2_bsp/\libhal_bsp.a(alt_sys_init.o)
 .data          0x0000000000228b4c        0x0 ../Slave2_bsp/\libhal_bsp.a(altera_avalon_jtag_uart_fd.o)
 .data          0x0000000000228b4c        0x0 ../Slave2_bsp/\libhal_bsp.a(altera_avalon_jtag_uart_init.o)
 .data          0x0000000000228b4c        0x0 ../Slave2_bsp/\libhal_bsp.a(altera_avalon_jtag_uart_ioctl.o)
 .data          0x0000000000228b4c        0x0 ../Slave2_bsp/\libhal_bsp.a(altera_avalon_jtag_uart_read.o)
 .data          0x0000000000228b4c        0x0 ../Slave2_bsp/\libhal_bsp.a(altera_avalon_jtag_uart_write.o)
 .data          0x0000000000228b4c        0x0 ../Slave2_bsp/\libhal_bsp.a(altera_avalon_mutex.o)
 .data          0x0000000000228b4c        0x0 ../Slave2_bsp/\libhal_bsp.a(altera_avalon_uart_fd.o)
 .data          0x0000000000228b4c        0x0 ../Slave2_bsp/\libhal_bsp.a(altera_avalon_uart_init.o)
 .data          0x0000000000228b4c        0x0 ../Slave2_bsp/\libhal_bsp.a(altera_avalon_uart_read.o)
 .data          0x0000000000228b4c        0x0 ../Slave2_bsp/\libhal_bsp.a(altera_avalon_uart_write.o)
 .data          0x0000000000228b4c        0x0 ../Slave2_bsp/\libhal_bsp.a(altera_up_avalon_video_character_buffer_with_dma.o)
 .data          0x0000000000228b4c        0x0 ../Slave2_bsp/\libhal_bsp.a(alt_alarm_start.o)
 .data          0x0000000000228b4c        0x0 ../Slave2_bsp/\libhal_bsp.a(alt_dcache_flush_all.o)
 .data          0x0000000000228b4c        0x0 ../Slave2_bsp/\libhal_bsp.a(alt_dev_llist_insert.o)
 .data          0x0000000000228b4c        0x0 ../Slave2_bsp/\libhal_bsp.a(alt_do_ctors.o)
 .data          0x0000000000228b4c        0x0 ../Slave2_bsp/\libhal_bsp.a(alt_do_dtors.o)
 .data          0x0000000000228b4c        0x0 ../Slave2_bsp/\libhal_bsp.a(alt_find_dev.o)
 .data          0x0000000000228b4c        0x0 ../Slave2_bsp/\libhal_bsp.a(alt_icache_flush_all.o)
 .data          0x0000000000228b4c        0x0 ../Slave2_bsp/\libhal_bsp.a(alt_iic.o)
 .data          0x0000000000228b4c        0x0 ../Slave2_bsp/\libhal_bsp.a(alt_iic_isr_register.o)
 .data          0x0000000000228b4c        0x0 ../Slave2_bsp/\libhal_bsp.a(alt_io_redirect.o)
 .data          0x0000000000228b4c        0x0 ../Slave2_bsp/\libhal_bsp.a(alt_irq_entry.o)
 .data          0x0000000000228b4c        0x0 ../Slave2_bsp/\libhal_bsp.a(alt_irq_handler.o)
 .data          0x0000000000228b4c        0x0 ../Slave2_bsp/\libhal_bsp.a(alt_irq_vars.o)
 .data          0x0000000000228b4c        0x0 ../Slave2_bsp/\libhal_bsp.a(alt_open.o)
 .data          0x0000000000228b4c        0x0 ../Slave2_bsp/\libhal_bsp.a(alt_tick.o)
 .data          0x0000000000228b4c        0x0 ../Slave2_bsp/\libhal_bsp.a(altera_nios2_gen2_irq.o)
 .data          0x0000000000228b4c        0x0 ../Slave2_bsp/\libhal_bsp.a(alt_exception_entry.o)
 .data          0x0000000000228b4c        0x0 ../Slave2_bsp/\libhal_bsp.a(alt_find_file.o)
 .data          0x0000000000228b4c        0x0 ../Slave2_bsp/\libhal_bsp.a(alt_get_fd.o)
 .data          0x0000000000228b4c        0x0 ../Slave2_bsp/\libhal_bsp.a(alt_icache_flush.o)
 .data          0x0000000000228b4c        0x0 ../Slave2_bsp/\libhal_bsp.a(alt_instruction_exception_entry.o)
 .data          0x0000000000228b4c        0x0 c:/altera/15.0/nios2eds/bin/gnu/h-x86_64-mingw32/bin/../lib/gcc/nios2-elf/4.9.1/../../../../../H-x86_64-mingw32/nios2-elf/lib\libc.a(lib_a-atexit.o)
 .data          0x0000000000228b4c        0x0 c:/altera/15.0/nios2eds/bin/gnu/h-x86_64-mingw32/bin/../lib/gcc/nios2-elf/4.9.1/../../../../../H-x86_64-mingw32/nios2-elf/lib\libc.a(lib_a-exit.o)
 .data          0x0000000000228b4c        0x0 c:/altera/15.0/nios2eds/bin/gnu/h-x86_64-mingw32/bin/../lib/gcc/nios2-elf/4.9.1/../../../../../H-x86_64-mingw32/nios2-elf/lib\libc.a(lib_a-memcmp.o)
 .data          0x0000000000228b4c        0x0 c:/altera/15.0/nios2eds/bin/gnu/h-x86_64-mingw32/bin/../lib/gcc/nios2-elf/4.9.1/../../../../../H-x86_64-mingw32/nios2-elf/lib\libc.a(lib_a-putc.o)
 .data          0x0000000000228b4c        0x0 c:/altera/15.0/nios2eds/bin/gnu/h-x86_64-mingw32/bin/../lib/gcc/nios2-elf/4.9.1/../../../../../H-x86_64-mingw32/nios2-elf/lib\libc.a(lib_a-strcmp.o)
 .data          0x0000000000228b4c        0x0 c:/altera/15.0/nios2eds/bin/gnu/h-x86_64-mingw32/bin/../lib/gcc/nios2-elf/4.9.1/../../../../../H-x86_64-mingw32/nios2-elf/lib\libc.a(lib_a-wbuf.o)
 .data          0x0000000000228b4c        0x0 c:/altera/15.0/nios2eds/bin/gnu/h-x86_64-mingw32/bin/../lib/gcc/nios2-elf/4.9.1/../../../../../H-x86_64-mingw32/nios2-elf/lib\libc.a(lib_a-__atexit.o)
 .data          0x0000000000228b4c        0x0 c:/altera/15.0/nios2eds/bin/gnu/h-x86_64-mingw32/bin/../lib/gcc/nios2-elf/4.9.1/../../../../../H-x86_64-mingw32/nios2-elf/lib\libc.a(lib_a-__call_atexit.o)
 .data          0x0000000000228b4c        0x0 ../Slave2_bsp/\libhal_bsp.a(alt_exit.o)
                0x0000000000230b4c                _gp = ABSOLUTE ((. + 0x8000))
                0x0000000000230b4c                PROVIDE (gp, _gp)
 *(.rwdata .rwdata.*)
 *(.sdata .sdata.* .gnu.linkonce.s.*)
 .sdata         0x0000000000228b4c        0x8 c:/altera/15.0/nios2eds/bin/gnu/h-x86_64-mingw32/bin/../lib/gcc/nios2-elf/4.9.1/../../../../../H-x86_64-mingw32/nios2-elf/lib\libc.a(lib_a-impure.o)
                0x0000000000228b4c                _global_impure_ptr
                0x0000000000228b50                _impure_ptr
 .sdata         0x0000000000228b54        0x8 c:/altera/15.0/nios2eds/bin/gnu/h-x86_64-mingw32/bin/../lib/gcc/nios2-elf/4.9.1/../../../../../H-x86_64-mingw32/nios2-elf/lib\libc.a(lib_a-mallocr.o)
                0x0000000000228b54                __malloc_sbrk_base
                0x0000000000228b58                __malloc_trim_threshold
 .sdata         0x0000000000228b5c       0x14 ../Slave2_bsp/\libhal_bsp.a(alt_dev.o)
                0x0000000000228b5c                alt_fs_list
                0x0000000000228b64                alt_dev_list
                0x0000000000228b6c                alt_max_fd
 .sdata         0x0000000000228b70        0x4 ../Slave2_bsp/\libhal_bsp.a(alt_errno.o)
                0x0000000000228b70                alt_errno
 .sdata         0x0000000000228b74        0x4 ../Slave2_bsp/\libhal_bsp.a(alt_sbrk.o)
 .sdata         0x0000000000228b78        0x8 ../Slave2_bsp/\libhal_bsp.a(altera_avalon_mutex.o)
                0x0000000000228b78                alt_mutex_list
 .sdata         0x0000000000228b80        0x4 ../Slave2_bsp/\libhal_bsp.a(alt_irq_vars.o)
                0x0000000000228b80                alt_priority_mask
 .sdata         0x0000000000228b84        0x8 ../Slave2_bsp/\libhal_bsp.a(alt_tick.o)
                0x0000000000228b84                alt_alarm_list
 *(.sdata2 .sdata2.* .gnu.linkonce.s2.*)
                0x0000000000228b8c                . = ALIGN (0x4)
                0x0000000000228b8c                _edata = ABSOLUTE (.)
                0x0000000000228b8c                PROVIDE (edata, ABSOLUTE (.))
                0x0000000000228b8c                PROVIDE (__ram_rwdata_end, ABSOLUTE (.))
                0x0000000000228b8c                PROVIDE (__flash_rwdata_start, LOADADDR (.rwdata))

.bss            0x000000000022a71c      0x154
                0x000000000022a71c                __bss_start = ABSOLUTE (.)
                0x000000000022a71c                PROVIDE (__sbss_start, ABSOLUTE (.))
                0x000000000022a71c                PROVIDE (___sbss_start, ABSOLUTE (.))
 *(.dynsbss)
 *(.sbss .sbss.* .gnu.linkonce.sb.*)
 .sbss          0x000000000022a71c        0xc c:/altera/15.0/nios2eds/bin/gnu/h-x86_64-mingw32/bin/../lib/gcc/nios2-elf/4.9.1/../../../../../H-x86_64-mingw32/nios2-elf/lib\libc.a(lib_a-mallocr.o)
                0x000000000022a71c                __malloc_max_total_mem
                0x000000000022a720                __malloc_max_sbrked_mem
                0x000000000022a724                __malloc_top_pad
 .sbss          0x000000000022a728        0x4 c:/altera/15.0/nios2eds/bin/gnu/h-x86_64-mingw32/bin/../lib/gcc/nios2-elf/4.9.1/../../../../../H-x86_64-mingw32/nios2-elf/lib\libc.a(lib_a-int_errno.o)
                0x000000000022a728                errno
 .sbss          0x000000000022a72c        0xc ../Slave2_bsp/\libhal_bsp.a(alt_main.o)
                0x000000000022a72c                alt_argc
                0x000000000022a730                alt_argv
                0x000000000022a734                alt_envp
 .sbss          0x000000000022a738        0x4 ../Slave2_bsp/\libhal_bsp.a(alt_irq_vars.o)
                0x000000000022a738                alt_irq_active
 .sbss          0x000000000022a73c        0x8 ../Slave2_bsp/\libhal_bsp.a(alt_tick.o)
                0x000000000022a73c                _alt_tick_rate
                0x000000000022a740                _alt_nticks
 .sbss          0x000000000022a744        0x4 ../Slave2_bsp/\libhal_bsp.a(alt_instruction_exception_entry.o)
                0x000000000022a744                alt_instruction_exception_handler
 *(.sbss2 .sbss2.* .gnu.linkonce.sb2.*)
 *(.scommon)
                0x000000000022a748                PROVIDE (__sbss_end, ABSOLUTE (.))
                0x000000000022a748                PROVIDE (___sbss_end, ABSOLUTE (.))
 *(.dynbss)
 *(.bss .bss.* .gnu.linkonce.b.*)
 .bss           0x000000000022a748        0x0 ../Slave2_bsp//obj/HAL/src/crt0.o
 .bss           0x000000000022a748        0x0 obj/default/hello_world.o
 .bss           0x000000000022a748        0x0 c:/altera/15.0/nios2eds/bin/gnu/h-x86_64-mingw32/bin/../lib/gcc/nios2-elf/4.9.1/../../../../../H-x86_64-mingw32/nios2-elf/lib\libc.a(lib_a-puts.o)
 .bss           0x000000000022a748        0x0 c:/altera/15.0/nios2eds/bin/gnu/h-x86_64-mingw32/bin/../lib/gcc/nios2-elf/4.9.1/../../../../../H-x86_64-mingw32/nios2-elf/lib\libc.a(lib_a-strlen.o)
 .bss           0x000000000022a748        0x0 c:/altera/15.0/nios2eds/bin/gnu/h-x86_64-mingw32/bin/../lib/gcc/nios2-elf/4.9.1/../../../../../H-x86_64-mingw32/nios2-elf/lib\libc.a(lib_a-fvwrite.o)
 .bss           0x000000000022a748        0x0 c:/altera/15.0/nios2eds/bin/gnu/h-x86_64-mingw32/bin/../lib/gcc/nios2-elf/4.9.1/../../../../../H-x86_64-mingw32/nios2-elf/lib\libc.a(lib_a-impure.o)
 .bss           0x000000000022a748       0x28 c:/altera/15.0/nios2eds/bin/gnu/h-x86_64-mingw32/bin/../lib/gcc/nios2-elf/4.9.1/../../../../../H-x86_64-mingw32/nios2-elf/lib\libc.a(lib_a-mallocr.o)
                0x000000000022a748                __malloc_current_mallinfo
 .bss           0x000000000022a770        0x0 c:/altera/15.0/nios2eds/bin/gnu/h-x86_64-mingw32/bin/../lib/gcc/nios2-elf/4.9.1/../../../../../H-x86_64-mingw32/nios2-elf/lib\libc.a(lib_a-memchr.o)
 .bss           0x000000000022a770        0x0 c:/altera/15.0/nios2eds/bin/gnu/h-x86_64-mingw32/bin/../lib/gcc/nios2-elf/4.9.1/../../../../../H-x86_64-mingw32/nios2-elf/lib\libc.a(lib_a-memcpy.o)
 .bss           0x000000000022a770        0x0 c:/altera/15.0/nios2eds/bin/gnu/h-x86_64-mingw32/bin/../lib/gcc/nios2-elf/4.9.1/../../../../../H-x86_64-mingw32/nios2-elf/lib\libc.a(lib_a-memmove.o)
 .bss           0x000000000022a770        0x0 c:/altera/15.0/nios2eds/bin/gnu/h-x86_64-mingw32/bin/../lib/gcc/nios2-elf/4.9.1/../../../../../H-x86_64-mingw32/nios2-elf/lib\libc.a(lib_a-reallocr.o)
 .bss           0x000000000022a770        0x0 c:/altera/15.0/nios2eds/bin/gnu/h-x86_64-mingw32/bin/../lib/gcc/nios2-elf/4.9.1/../../../../../H-x86_64-mingw32/nios2-elf/lib\libc.a(lib_a-sbrkr.o)
 .bss           0x000000000022a770        0x0 c:/altera/15.0/nios2eds/bin/gnu/h-x86_64-mingw32/bin/../lib/gcc/nios2-elf/4.9.1/../../../../../H-x86_64-mingw32/nios2-elf/lib\libc.a(lib_a-wsetup.o)
 .bss           0x000000000022a770        0x0 c:/altera/15.0/nios2eds/bin/gnu/h-x86_64-mingw32/bin/../lib/gcc/nios2-elf/4.9.1/../../../../../H-x86_64-mingw32/nios2-elf/lib\libc.a(lib_a-fflush.o)
 .bss           0x000000000022a770        0x0 c:/altera/15.0/nios2eds/bin/gnu/h-x86_64-mingw32/bin/../lib/gcc/nios2-elf/4.9.1/../../../../../H-x86_64-mingw32/nios2-elf/lib\libc.a(lib_a-findfp.o)
 .bss           0x000000000022a770        0x0 c:/altera/15.0/nios2eds/bin/gnu/h-x86_64-mingw32/bin/../lib/gcc/nios2-elf/4.9.1/../../../../../H-x86_64-mingw32/nios2-elf/lib\libc.a(lib_a-freer.o)
 .bss           0x000000000022a770        0x0 c:/altera/15.0/nios2eds/bin/gnu/h-x86_64-mingw32/bin/../lib/gcc/nios2-elf/4.9.1/../../../../../H-x86_64-mingw32/nios2-elf/lib\libc.a(lib_a-fwalk.o)
 .bss           0x000000000022a770        0x0 c:/altera/15.0/nios2eds/bin/gnu/h-x86_64-mingw32/bin/../lib/gcc/nios2-elf/4.9.1/../../../../../H-x86_64-mingw32/nios2-elf/lib\libc.a(lib_a-int_errno.o)
 .bss           0x000000000022a770        0x0 c:/altera/15.0/nios2eds/bin/gnu/h-x86_64-mingw32/bin/../lib/gcc/nios2-elf/4.9.1/../../../../../H-x86_64-mingw32/nios2-elf/lib\libc.a(lib_a-makebuf.o)
 .bss           0x000000000022a770        0x0 c:/altera/15.0/nios2eds/bin/gnu/h-x86_64-mingw32/bin/../lib/gcc/nios2-elf/4.9.1/../../../../../H-x86_64-mingw32/nios2-elf/lib\libc.a(lib_a-memset.o)
 .bss           0x000000000022a770        0x0 c:/altera/15.0/nios2eds/bin/gnu/h-x86_64-mingw32/bin/../lib/gcc/nios2-elf/4.9.1/../../../../../H-x86_64-mingw32/nios2-elf/lib\libc.a(lib_a-stdio.o)
 .bss           0x000000000022a770        0x0 c:/altera/15.0/nios2eds/bin/gnu/h-x86_64-mingw32/bin/../lib/gcc/nios2-elf/4.9.1/../../../../../H-x86_64-mingw32/nios2-elf/lib\libc.a(lib_a-writer.o)
 .bss           0x000000000022a770        0x0 c:/altera/15.0/nios2eds/bin/gnu/h-x86_64-mingw32/bin/../lib/gcc/nios2-elf/4.9.1/../../../../../H-x86_64-mingw32/nios2-elf/lib\libc.a(closer.o)
 .bss           0x000000000022a770        0x0 c:/altera/15.0/nios2eds/bin/gnu/h-x86_64-mingw32/bin/../lib/gcc/nios2-elf/4.9.1/../../../../../H-x86_64-mingw32/nios2-elf/lib\libc.a(lib_a-fclose.o)
 .bss           0x000000000022a770        0x0 c:/altera/15.0/nios2eds/bin/gnu/h-x86_64-mingw32/bin/../lib/gcc/nios2-elf/4.9.1/../../../../../H-x86_64-mingw32/nios2-elf/lib\libc.a(lib_a-fstatr.o)
 .bss           0x000000000022a770        0x0 c:/altera/15.0/nios2eds/bin/gnu/h-x86_64-mingw32/bin/../lib/gcc/nios2-elf/4.9.1/../../../../../H-x86_64-mingw32/nios2-elf/lib\libc.a(lib_a-isattyr.o)
 .bss           0x000000000022a770        0x0 c:/altera/15.0/nios2eds/bin/gnu/h-x86_64-mingw32/bin/../lib/gcc/nios2-elf/4.9.1/../../../../../H-x86_64-mingw32/nios2-elf/lib\libc.a(lib_a-lseekr.o)
 .bss           0x000000000022a770        0x0 c:/altera/15.0/nios2eds/bin/gnu/h-x86_64-mingw32/bin/../lib/gcc/nios2-elf/4.9.1/../../../../../H-x86_64-mingw32/nios2-elf/lib\libc.a(lib_a-readr.o)
 .bss           0x000000000022a770        0x0 ../Slave2_bsp/\libhal_bsp.a(alt_close.o)
 .bss           0x000000000022a770        0x0 ../Slave2_bsp/\libhal_bsp.a(alt_dev.o)
 .bss           0x000000000022a770        0x0 ../Slave2_bsp/\libhal_bsp.a(alt_errno.o)
 .bss           0x000000000022a770        0x0 ../Slave2_bsp/\libhal_bsp.a(alt_fstat.o)
 .bss           0x000000000022a770        0x0 ../Slave2_bsp/\libhal_bsp.a(alt_isatty.o)
 .bss           0x000000000022a770        0x0 ../Slave2_bsp/\libhal_bsp.a(alt_load.o)
 .bss           0x000000000022a770        0x0 ../Slave2_bsp/\libhal_bsp.a(alt_lseek.o)
 .bss           0x000000000022a770        0x0 ../Slave2_bsp/\libhal_bsp.a(alt_main.o)
 .bss           0x000000000022a770        0x0 ../Slave2_bsp/\libhal_bsp.a(alt_malloc_lock.o)
 .bss           0x000000000022a770        0x0 ../Slave2_bsp/\libhal_bsp.a(alt_printf.o)
 .bss           0x000000000022a770        0x0 ../Slave2_bsp/\libhal_bsp.a(alt_putchar.o)
 .bss           0x000000000022a770        0x0 ../Slave2_bsp/\libhal_bsp.a(alt_read.o)
 .bss           0x000000000022a770        0x0 ../Slave2_bsp/\libhal_bsp.a(alt_release_fd.o)
 .bss           0x000000000022a770        0x0 ../Slave2_bsp/\libhal_bsp.a(alt_sbrk.o)
 .bss           0x000000000022a770        0x0 ../Slave2_bsp/\libhal_bsp.a(alt_write.o)
 .bss           0x000000000022a770        0x0 ../Slave2_bsp/\libhal_bsp.a(alt_sys_init.o)
 .bss           0x000000000022a770        0x0 ../Slave2_bsp/\libhal_bsp.a(altera_avalon_jtag_uart_fd.o)
 .bss           0x000000000022a770        0x0 ../Slave2_bsp/\libhal_bsp.a(altera_avalon_jtag_uart_init.o)
 .bss           0x000000000022a770        0x0 ../Slave2_bsp/\libhal_bsp.a(altera_avalon_jtag_uart_ioctl.o)
 .bss           0x000000000022a770        0x0 ../Slave2_bsp/\libhal_bsp.a(altera_avalon_jtag_uart_read.o)
 .bss           0x000000000022a770        0x0 ../Slave2_bsp/\libhal_bsp.a(altera_avalon_jtag_uart_write.o)
 .bss           0x000000000022a770        0x0 ../Slave2_bsp/\libhal_bsp.a(altera_avalon_mutex.o)
 .bss           0x000000000022a770        0x0 ../Slave2_bsp/\libhal_bsp.a(altera_avalon_uart_fd.o)
 .bss           0x000000000022a770        0x0 ../Slave2_bsp/\libhal_bsp.a(altera_avalon_uart_init.o)
 .bss           0x000000000022a770        0x0 ../Slave2_bsp/\libhal_bsp.a(altera_avalon_uart_read.o)
 .bss           0x000000000022a770        0x0 ../Slave2_bsp/\libhal_bsp.a(altera_avalon_uart_write.o)
 .bss           0x000000000022a770        0x0 ../Slave2_bsp/\libhal_bsp.a(altera_up_avalon_video_character_buffer_with_dma.o)
 .bss           0x000000000022a770        0x0 ../Slave2_bsp/\libhal_bsp.a(alt_alarm_start.o)
 .bss           0x000000000022a770        0x0 ../Slave2_bsp/\libhal_bsp.a(alt_dcache_flush_all.o)
 .bss           0x000000000022a770        0x0 ../Slave2_bsp/\libhal_bsp.a(alt_dev_llist_insert.o)
 .bss           0x000000000022a770        0x0 ../Slave2_bsp/\libhal_bsp.a(alt_do_ctors.o)
 .bss           0x000000000022a770        0x0 ../Slave2_bsp/\libhal_bsp.a(alt_do_dtors.o)
 .bss           0x000000000022a770        0x0 ../Slave2_bsp/\libhal_bsp.a(alt_find_dev.o)
 .bss           0x000000000022a770        0x0 ../Slave2_bsp/\libhal_bsp.a(alt_icache_flush_all.o)
 .bss           0x000000000022a770        0x0 ../Slave2_bsp/\libhal_bsp.a(alt_iic.o)
 .bss           0x000000000022a770        0x0 ../Slave2_bsp/\libhal_bsp.a(alt_iic_isr_register.o)
 .bss           0x000000000022a770        0x0 ../Slave2_bsp/\libhal_bsp.a(alt_io_redirect.o)
 .bss           0x000000000022a770        0x0 ../Slave2_bsp/\libhal_bsp.a(alt_irq_entry.o)
 .bss           0x000000000022a770        0x0 ../Slave2_bsp/\libhal_bsp.a(alt_irq_handler.o)
 .bss           0x000000000022a770        0x0 ../Slave2_bsp/\libhal_bsp.a(alt_irq_vars.o)
 .bss           0x000000000022a770        0x0 ../Slave2_bsp/\libhal_bsp.a(alt_open.o)
 .bss           0x000000000022a770        0x0 ../Slave2_bsp/\libhal_bsp.a(alt_tick.o)
 .bss           0x000000000022a770        0x0 ../Slave2_bsp/\libhal_bsp.a(altera_nios2_gen2_irq.o)
 .bss           0x000000000022a770        0x0 ../Slave2_bsp/\libhal_bsp.a(alt_exception_entry.o)
 .bss           0x000000000022a770        0x0 ../Slave2_bsp/\libhal_bsp.a(alt_find_file.o)
 .bss           0x000000000022a770        0x0 ../Slave2_bsp/\libhal_bsp.a(alt_get_fd.o)
 .bss           0x000000000022a770        0x0 ../Slave2_bsp/\libhal_bsp.a(alt_icache_flush.o)
 .bss           0x000000000022a770        0x0 ../Slave2_bsp/\libhal_bsp.a(alt_instruction_exception_entry.o)
 .bss           0x000000000022a770        0x0 c:/altera/15.0/nios2eds/bin/gnu/h-x86_64-mingw32/bin/../lib/gcc/nios2-elf/4.9.1/../../../../../H-x86_64-mingw32/nios2-elf/lib\libc.a(lib_a-atexit.o)
 .bss           0x000000000022a770        0x0 c:/altera/15.0/nios2eds/bin/gnu/h-x86_64-mingw32/bin/../lib/gcc/nios2-elf/4.9.1/../../../../../H-x86_64-mingw32/nios2-elf/lib\libc.a(lib_a-exit.o)
 .bss           0x000000000022a770        0x0 c:/altera/15.0/nios2eds/bin/gnu/h-x86_64-mingw32/bin/../lib/gcc/nios2-elf/4.9.1/../../../../../H-x86_64-mingw32/nios2-elf/lib\libc.a(lib_a-memcmp.o)
 .bss           0x000000000022a770        0x0 c:/altera/15.0/nios2eds/bin/gnu/h-x86_64-mingw32/bin/../lib/gcc/nios2-elf/4.9.1/../../../../../H-x86_64-mingw32/nios2-elf/lib\libc.a(lib_a-putc.o)
 .bss           0x000000000022a770        0x0 c:/altera/15.0/nios2eds/bin/gnu/h-x86_64-mingw32/bin/../lib/gcc/nios2-elf/4.9.1/../../../../../H-x86_64-mingw32/nios2-elf/lib\libc.a(lib_a-strcmp.o)
 .bss           0x000000000022a770        0x0 c:/altera/15.0/nios2eds/bin/gnu/h-x86_64-mingw32/bin/../lib/gcc/nios2-elf/4.9.1/../../../../../H-x86_64-mingw32/nios2-elf/lib\libc.a(lib_a-wbuf.o)
 .bss           0x000000000022a770        0x0 c:/altera/15.0/nios2eds/bin/gnu/h-x86_64-mingw32/bin/../lib/gcc/nios2-elf/4.9.1/../../../../../H-x86_64-mingw32/nios2-elf/lib\libc.a(lib_a-__atexit.o)
 .bss           0x000000000022a770        0x0 c:/altera/15.0/nios2eds/bin/gnu/h-x86_64-mingw32/bin/../lib/gcc/nios2-elf/4.9.1/../../../../../H-x86_64-mingw32/nios2-elf/lib\libc.a(lib_a-__call_atexit.o)
 .bss           0x000000000022a770        0x0 ../Slave2_bsp/\libhal_bsp.a(alt_exit.o)
 *(COMMON)
 COMMON         0x000000000022a770      0x100 ../Slave2_bsp/\libhal_bsp.a(alt_irq_handler.o)
                0x000000000022a770                alt_irq
                0x000000000022a870                . = ALIGN (0x4)
                0x000000000022a870                __bss_end = ABSOLUTE (.)

.MEMSlave2      0x000000000022a870        0x0
                0x000000000022a870                PROVIDE (_alt_partition_MEMSlave2_start, ABSOLUTE (.))
 *(.MEMSlave2 .MEMSlave2. MEMSlave2.*)
                0x000000000022a870                . = ALIGN (0x4)
                0x000000000022a870                PROVIDE (_alt_partition_MEMSlave2_end, ABSOLUTE (.))
                0x000000000022a870                _end = ABSOLUTE (.)
                0x000000000022a870                end = ABSOLUTE (.)
                0x000000000022a870                __alt_stack_base = ABSOLUTE (.)
                0x000000000022a870                PROVIDE (_alt_partition_MEMSlave2_load_addr, LOADADDR (.MEMSlave2))

.stab
 *(.stab)

.stabstr
 *(.stabstr)

.stab.excl
 *(.stab.excl)

.stab.exclstr
 *(.stab.exclstr)

.stab.index
 *(.stab.index)

.stab.indexstr
 *(.stab.indexstr)

.comment        0x0000000000000000       0x23
 *(.comment)
 .comment       0x0000000000000000       0x23 obj/default/hello_world.o
                                         0x24 (size before relaxing)
 .comment       0x0000000000000000       0x24 c:/altera/15.0/nios2eds/bin/gnu/h-x86_64-mingw32/bin/../lib/gcc/nios2-elf/4.9.1/../../../../../H-x86_64-mingw32/nios2-elf/lib\libc.a(lib_a-puts.o)
 .comment       0x0000000000000000       0x24 c:/altera/15.0/nios2eds/bin/gnu/h-x86_64-mingw32/bin/../lib/gcc/nios2-elf/4.9.1/../../../../../H-x86_64-mingw32/nios2-elf/lib\libc.a(lib_a-strlen.o)
 .comment       0x0000000000000000       0x24 c:/altera/15.0/nios2eds/bin/gnu/h-x86_64-mingw32/bin/../lib/gcc/nios2-elf/4.9.1/../../../../../H-x86_64-mingw32/nios2-elf/lib\libc.a(lib_a-fvwrite.o)
 .comment       0x0000000000000000       0x24 c:/altera/15.0/nios2eds/bin/gnu/h-x86_64-mingw32/bin/../lib/gcc/nios2-elf/4.9.1/../../../../../H-x86_64-mingw32/nios2-elf/lib\libc.a(lib_a-impure.o)
 .comment       0x0000000000000000       0x24 c:/altera/15.0/nios2eds/bin/gnu/h-x86_64-mingw32/bin/../lib/gcc/nios2-elf/4.9.1/../../../../../H-x86_64-mingw32/nios2-elf/lib\libc.a(lib_a-mallocr.o)
 .comment       0x0000000000000000       0x24 c:/altera/15.0/nios2eds/bin/gnu/h-x86_64-mingw32/bin/../lib/gcc/nios2-elf/4.9.1/../../../../../H-x86_64-mingw32/nios2-elf/lib\libc.a(lib_a-memchr.o)
 .comment       0x0000000000000000       0x24 c:/altera/15.0/nios2eds/bin/gnu/h-x86_64-mingw32/bin/../lib/gcc/nios2-elf/4.9.1/../../../../../H-x86_64-mingw32/nios2-elf/lib\libc.a(lib_a-memcpy.o)
 .comment       0x0000000000000000       0x24 c:/altera/15.0/nios2eds/bin/gnu/h-x86_64-mingw32/bin/../lib/gcc/nios2-elf/4.9.1/../../../../../H-x86_64-mingw32/nios2-elf/lib\libc.a(lib_a-memmove.o)
 .comment       0x0000000000000000       0x24 c:/altera/15.0/nios2eds/bin/gnu/h-x86_64-mingw32/bin/../lib/gcc/nios2-elf/4.9.1/../../../../../H-x86_64-mingw32/nios2-elf/lib\libc.a(lib_a-reallocr.o)
 .comment       0x0000000000000000       0x24 c:/altera/15.0/nios2eds/bin/gnu/h-x86_64-mingw32/bin/../lib/gcc/nios2-elf/4.9.1/../../../../../H-x86_64-mingw32/nios2-elf/lib\libc.a(lib_a-sbrkr.o)
 .comment       0x0000000000000000       0x24 c:/altera/15.0/nios2eds/bin/gnu/h-x86_64-mingw32/bin/../lib/gcc/nios2-elf/4.9.1/../../../../../H-x86_64-mingw32/nios2-elf/lib\libc.a(lib_a-wsetup.o)
 .comment       0x0000000000000000       0x24 c:/altera/15.0/nios2eds/bin/gnu/h-x86_64-mingw32/bin/../lib/gcc/nios2-elf/4.9.1/../../../../../H-x86_64-mingw32/nios2-elf/lib\libc.a(lib_a-fflush.o)
 .comment       0x0000000000000000       0x24 c:/altera/15.0/nios2eds/bin/gnu/h-x86_64-mingw32/bin/../lib/gcc/nios2-elf/4.9.1/../../../../../H-x86_64-mingw32/nios2-elf/lib\libc.a(lib_a-findfp.o)
 .comment       0x0000000000000000       0x24 c:/altera/15.0/nios2eds/bin/gnu/h-x86_64-mingw32/bin/../lib/gcc/nios2-elf/4.9.1/../../../../../H-x86_64-mingw32/nios2-elf/lib\libc.a(lib_a-freer.o)
 .comment       0x0000000000000000       0x24 c:/altera/15.0/nios2eds/bin/gnu/h-x86_64-mingw32/bin/../lib/gcc/nios2-elf/4.9.1/../../../../../H-x86_64-mingw32/nios2-elf/lib\libc.a(lib_a-fwalk.o)
 .comment       0x0000000000000000       0x24 c:/altera/15.0/nios2eds/bin/gnu/h-x86_64-mingw32/bin/../lib/gcc/nios2-elf/4.9.1/../../../../../H-x86_64-mingw32/nios2-elf/lib\libc.a(lib_a-int_errno.o)
 .comment       0x0000000000000000       0x24 c:/altera/15.0/nios2eds/bin/gnu/h-x86_64-mingw32/bin/../lib/gcc/nios2-elf/4.9.1/../../../../../H-x86_64-mingw32/nios2-elf/lib\libc.a(lib_a-makebuf.o)
 .comment       0x0000000000000000       0x24 c:/altera/15.0/nios2eds/bin/gnu/h-x86_64-mingw32/bin/../lib/gcc/nios2-elf/4.9.1/../../../../../H-x86_64-mingw32/nios2-elf/lib\libc.a(lib_a-memset.o)
 .comment       0x0000000000000000       0x24 c:/altera/15.0/nios2eds/bin/gnu/h-x86_64-mingw32/bin/../lib/gcc/nios2-elf/4.9.1/../../../../../H-x86_64-mingw32/nios2-elf/lib\libc.a(lib_a-stdio.o)
 .comment       0x0000000000000000       0x24 c:/altera/15.0/nios2eds/bin/gnu/h-x86_64-mingw32/bin/../lib/gcc/nios2-elf/4.9.1/../../../../../H-x86_64-mingw32/nios2-elf/lib\libc.a(lib_a-writer.o)
 .comment       0x0000000000000000       0x24 c:/altera/15.0/nios2eds/bin/gnu/h-x86_64-mingw32/bin/../lib/gcc/nios2-elf/4.9.1/../../../../../H-x86_64-mingw32/nios2-elf/lib\libc.a(closer.o)
 .comment       0x0000000000000000       0x24 c:/altera/15.0/nios2eds/bin/gnu/h-x86_64-mingw32/bin/../lib/gcc/nios2-elf/4.9.1/../../../../../H-x86_64-mingw32/nios2-elf/lib\libc.a(lib_a-fclose.o)
 .comment       0x0000000000000000       0x24 c:/altera/15.0/nios2eds/bin/gnu/h-x86_64-mingw32/bin/../lib/gcc/nios2-elf/4.9.1/../../../../../H-x86_64-mingw32/nios2-elf/lib\libc.a(lib_a-fstatr.o)
 .comment       0x0000000000000000       0x24 c:/altera/15.0/nios2eds/bin/gnu/h-x86_64-mingw32/bin/../lib/gcc/nios2-elf/4.9.1/../../../../../H-x86_64-mingw32/nios2-elf/lib\libc.a(lib_a-isattyr.o)
 .comment       0x0000000000000000       0x24 c:/altera/15.0/nios2eds/bin/gnu/h-x86_64-mingw32/bin/../lib/gcc/nios2-elf/4.9.1/../../../../../H-x86_64-mingw32/nios2-elf/lib\libc.a(lib_a-lseekr.o)
 .comment       0x0000000000000000       0x24 c:/altera/15.0/nios2eds/bin/gnu/h-x86_64-mingw32/bin/../lib/gcc/nios2-elf/4.9.1/../../../../../H-x86_64-mingw32/nios2-elf/lib\libc.a(lib_a-readr.o)
 .comment       0x0000000000000000       0x24 ../Slave2_bsp/\libhal_bsp.a(alt_close.o)
 .comment       0x0000000000000000       0x24 ../Slave2_bsp/\libhal_bsp.a(alt_dev.o)
 .comment       0x0000000000000000       0x24 ../Slave2_bsp/\libhal_bsp.a(alt_errno.o)
 .comment       0x0000000000000000       0x24 ../Slave2_bsp/\libhal_bsp.a(alt_fstat.o)
 .comment       0x0000000000000000       0x24 ../Slave2_bsp/\libhal_bsp.a(alt_isatty.o)
 .comment       0x0000000000000000       0x24 ../Slave2_bsp/\libhal_bsp.a(alt_load.o)
 .comment       0x0000000000000000       0x24 ../Slave2_bsp/\libhal_bsp.a(alt_lseek.o)
 .comment       0x0000000000000000       0x24 ../Slave2_bsp/\libhal_bsp.a(alt_main.o)
 .comment       0x0000000000000000       0x24 ../Slave2_bsp/\libhal_bsp.a(alt_malloc_lock.o)
 .comment       0x0000000000000000       0x24 ../Slave2_bsp/\libhal_bsp.a(alt_printf.o)
 .comment       0x0000000000000000       0x24 ../Slave2_bsp/\libhal_bsp.a(alt_putchar.o)
 .comment       0x0000000000000000       0x24 ../Slave2_bsp/\libhal_bsp.a(alt_read.o)
 .comment       0x0000000000000000       0x24 ../Slave2_bsp/\libhal_bsp.a(alt_release_fd.o)
 .comment       0x0000000000000000       0x24 ../Slave2_bsp/\libhal_bsp.a(alt_sbrk.o)
 .comment       0x0000000000000000       0x24 ../Slave2_bsp/\libhal_bsp.a(alt_write.o)
 .comment       0x0000000000000000       0x24 ../Slave2_bsp/\libhal_bsp.a(alt_sys_init.o)
 .comment       0x0000000000000000       0x24 ../Slave2_bsp/\libhal_bsp.a(altera_avalon_jtag_uart_fd.o)
 .comment       0x0000000000000000       0x24 ../Slave2_bsp/\libhal_bsp.a(altera_avalon_jtag_uart_init.o)
 .comment       0x0000000000000000       0x24 ../Slave2_bsp/\libhal_bsp.a(altera_avalon_jtag_uart_ioctl.o)
 .comment       0x0000000000000000       0x24 ../Slave2_bsp/\libhal_bsp.a(altera_avalon_jtag_uart_read.o)
 .comment       0x0000000000000000       0x24 ../Slave2_bsp/\libhal_bsp.a(altera_avalon_jtag_uart_write.o)
 .comment       0x0000000000000000       0x24 ../Slave2_bsp/\libhal_bsp.a(altera_avalon_mutex.o)
 .comment       0x0000000000000000       0x24 ../Slave2_bsp/\libhal_bsp.a(altera_avalon_uart_fd.o)
 .comment       0x0000000000000000       0x24 ../Slave2_bsp/\libhal_bsp.a(altera_avalon_uart_init.o)
 .comment       0x0000000000000000       0x24 ../Slave2_bsp/\libhal_bsp.a(altera_avalon_uart_read.o)
 .comment       0x0000000000000000       0x24 ../Slave2_bsp/\libhal_bsp.a(altera_avalon_uart_write.o)
 .comment       0x0000000000000000       0x24 ../Slave2_bsp/\libhal_bsp.a(altera_up_avalon_video_character_buffer_with_dma.o)
 .comment       0x0000000000000000       0x24 ../Slave2_bsp/\libhal_bsp.a(alt_alarm_start.o)
 .comment       0x0000000000000000       0x24 ../Slave2_bsp/\libhal_bsp.a(alt_dcache_flush_all.o)
 .comment       0x0000000000000000       0x24 ../Slave2_bsp/\libhal_bsp.a(alt_dev_llist_insert.o)
 .comment       0x0000000000000000       0x24 ../Slave2_bsp/\libhal_bsp.a(alt_do_ctors.o)
 .comment       0x0000000000000000       0x24 ../Slave2_bsp/\libhal_bsp.a(alt_do_dtors.o)
 .comment       0x0000000000000000       0x24 ../Slave2_bsp/\libhal_bsp.a(alt_find_dev.o)
 .comment       0x0000000000000000       0x24 ../Slave2_bsp/\libhal_bsp.a(alt_icache_flush_all.o)
 .comment       0x0000000000000000       0x24 ../Slave2_bsp/\libhal_bsp.a(alt_iic.o)
 .comment       0x0000000000000000       0x24 ../Slave2_bsp/\libhal_bsp.a(alt_iic_isr_register.o)
 .comment       0x0000000000000000       0x24 ../Slave2_bsp/\libhal_bsp.a(alt_io_redirect.o)
 .comment       0x0000000000000000       0x24 ../Slave2_bsp/\libhal_bsp.a(alt_irq_handler.o)
 .comment       0x0000000000000000       0x24 ../Slave2_bsp/\libhal_bsp.a(alt_irq_vars.o)
 .comment       0x0000000000000000       0x24 ../Slave2_bsp/\libhal_bsp.a(alt_open.o)
 .comment       0x0000000000000000       0x24 ../Slave2_bsp/\libhal_bsp.a(alt_tick.o)
 .comment       0x0000000000000000       0x24 ../Slave2_bsp/\libhal_bsp.a(altera_nios2_gen2_irq.o)
 .comment       0x0000000000000000       0x24 ../Slave2_bsp/\libhal_bsp.a(alt_find_file.o)
 .comment       0x0000000000000000       0x24 ../Slave2_bsp/\libhal_bsp.a(alt_get_fd.o)
 .comment       0x0000000000000000       0x24 ../Slave2_bsp/\libhal_bsp.a(alt_icache_flush.o)
 .comment       0x0000000000000000       0x24 ../Slave2_bsp/\libhal_bsp.a(alt_instruction_exception_entry.o)
 .comment       0x0000000000000000       0x24 c:/altera/15.0/nios2eds/bin/gnu/h-x86_64-mingw32/bin/../lib/gcc/nios2-elf/4.9.1/../../../../../H-x86_64-mingw32/nios2-elf/lib\libc.a(lib_a-atexit.o)
 .comment       0x0000000000000000       0x24 c:/altera/15.0/nios2eds/bin/gnu/h-x86_64-mingw32/bin/../lib/gcc/nios2-elf/4.9.1/../../../../../H-x86_64-mingw32/nios2-elf/lib\libc.a(lib_a-exit.o)
 .comment       0x0000000000000000       0x24 c:/altera/15.0/nios2eds/bin/gnu/h-x86_64-mingw32/bin/../lib/gcc/nios2-elf/4.9.1/../../../../../H-x86_64-mingw32/nios2-elf/lib\libc.a(lib_a-memcmp.o)
 .comment       0x0000000000000000       0x24 c:/altera/15.0/nios2eds/bin/gnu/h-x86_64-mingw32/bin/../lib/gcc/nios2-elf/4.9.1/../../../../../H-x86_64-mingw32/nios2-elf/lib\libc.a(lib_a-putc.o)
 .comment       0x0000000000000000       0x24 c:/altera/15.0/nios2eds/bin/gnu/h-x86_64-mingw32/bin/../lib/gcc/nios2-elf/4.9.1/../../../../../H-x86_64-mingw32/nios2-elf/lib\libc.a(lib_a-strcmp.o)
 .comment       0x0000000000000000       0x24 c:/altera/15.0/nios2eds/bin/gnu/h-x86_64-mingw32/bin/../lib/gcc/nios2-elf/4.9.1/../../../../../H-x86_64-mingw32/nios2-elf/lib\libc.a(lib_a-wbuf.o)
 .comment       0x0000000000000000       0x24 c:/altera/15.0/nios2eds/bin/gnu/h-x86_64-mingw32/bin/../lib/gcc/nios2-elf/4.9.1/../../../../../H-x86_64-mingw32/nios2-elf/lib\libc.a(lib_a-__atexit.o)
 .comment       0x0000000000000000       0x24 c:/altera/15.0/nios2eds/bin/gnu/h-x86_64-mingw32/bin/../lib/gcc/nios2-elf/4.9.1/../../../../../H-x86_64-mingw32/nios2-elf/lib\libc.a(lib_a-__call_atexit.o)
 .comment       0x0000000000000000       0x24 ../Slave2_bsp/\libhal_bsp.a(alt_exit.o)

.debug
 *(.debug)

.line
 *(.line)

.debug_srcinfo
 *(.debug_srcinfo)

.debug_sfnames
 *(.debug_sfnames)

.debug_aranges  0x0000000000000000      0xab8
 *(.debug_aranges)
 .debug_aranges
                0x0000000000000000       0x28 ../Slave2_bsp//obj/HAL/src/crt0.o
 .debug_aranges
                0x0000000000000028       0x20 obj/default/hello_world.o
 .debug_aranges
                0x0000000000000048       0x20 c:/altera/15.0/nios2eds/bin/gnu/h-x86_64-mingw32/bin/../lib/gcc/nios2-elf/4.9.1/../../../../../H-x86_64-mingw32/nios2-elf/lib\libc.a(lib_a-puts.o)
 .debug_aranges
                0x0000000000000068       0x20 c:/altera/15.0/nios2eds/bin/gnu/h-x86_64-mingw32/bin/../lib/gcc/nios2-elf/4.9.1/../../../../../H-x86_64-mingw32/nios2-elf/lib\libc.a(lib_a-strlen.o)
 .debug_aranges
                0x0000000000000088       0x20 c:/altera/15.0/nios2eds/bin/gnu/h-x86_64-mingw32/bin/../lib/gcc/nios2-elf/4.9.1/../../../../../H-x86_64-mingw32/nios2-elf/lib\libc.a(lib_a-fvwrite.o)
 .debug_aranges
                0x00000000000000a8       0x18 c:/altera/15.0/nios2eds/bin/gnu/h-x86_64-mingw32/bin/../lib/gcc/nios2-elf/4.9.1/../../../../../H-x86_64-mingw32/nios2-elf/lib\libc.a(lib_a-impure.o)
 .debug_aranges
                0x00000000000000c0       0x20 c:/altera/15.0/nios2eds/bin/gnu/h-x86_64-mingw32/bin/../lib/gcc/nios2-elf/4.9.1/../../../../../H-x86_64-mingw32/nios2-elf/lib\libc.a(lib_a-mallocr.o)
 .debug_aranges
                0x00000000000000e0       0x20 c:/altera/15.0/nios2eds/bin/gnu/h-x86_64-mingw32/bin/../lib/gcc/nios2-elf/4.9.1/../../../../../H-x86_64-mingw32/nios2-elf/lib\libc.a(lib_a-memchr.o)
 .debug_aranges
                0x0000000000000100       0x20 c:/altera/15.0/nios2eds/bin/gnu/h-x86_64-mingw32/bin/../lib/gcc/nios2-elf/4.9.1/../../../../../H-x86_64-mingw32/nios2-elf/lib\libc.a(lib_a-memcpy.o)
 .debug_aranges
                0x0000000000000120       0x20 c:/altera/15.0/nios2eds/bin/gnu/h-x86_64-mingw32/bin/../lib/gcc/nios2-elf/4.9.1/../../../../../H-x86_64-mingw32/nios2-elf/lib\libc.a(lib_a-memmove.o)
 .debug_aranges
                0x0000000000000140       0x20 c:/altera/15.0/nios2eds/bin/gnu/h-x86_64-mingw32/bin/../lib/gcc/nios2-elf/4.9.1/../../../../../H-x86_64-mingw32/nios2-elf/lib\libc.a(lib_a-reallocr.o)
 .debug_aranges
                0x0000000000000160       0x20 c:/altera/15.0/nios2eds/bin/gnu/h-x86_64-mingw32/bin/../lib/gcc/nios2-elf/4.9.1/../../../../../H-x86_64-mingw32/nios2-elf/lib\libc.a(lib_a-sbrkr.o)
 .debug_aranges
                0x0000000000000180       0x20 c:/altera/15.0/nios2eds/bin/gnu/h-x86_64-mingw32/bin/../lib/gcc/nios2-elf/4.9.1/../../../../../H-x86_64-mingw32/nios2-elf/lib\libc.a(lib_a-wsetup.o)
 .debug_aranges
                0x00000000000001a0       0x20 c:/altera/15.0/nios2eds/bin/gnu/h-x86_64-mingw32/bin/../lib/gcc/nios2-elf/4.9.1/../../../../../H-x86_64-mingw32/nios2-elf/lib\libc.a(lib_a-fflush.o)
 .debug_aranges
                0x00000000000001c0       0x20 c:/altera/15.0/nios2eds/bin/gnu/h-x86_64-mingw32/bin/../lib/gcc/nios2-elf/4.9.1/../../../../../H-x86_64-mingw32/nios2-elf/lib\libc.a(lib_a-findfp.o)
 .debug_aranges
                0x00000000000001e0       0x20 c:/altera/15.0/nios2eds/bin/gnu/h-x86_64-mingw32/bin/../lib/gcc/nios2-elf/4.9.1/../../../../../H-x86_64-mingw32/nios2-elf/lib\libc.a(lib_a-freer.o)
 .debug_aranges
                0x0000000000000200       0x20 c:/altera/15.0/nios2eds/bin/gnu/h-x86_64-mingw32/bin/../lib/gcc/nios2-elf/4.9.1/../../../../../H-x86_64-mingw32/nios2-elf/lib\libc.a(lib_a-fwalk.o)
 .debug_aranges
                0x0000000000000220       0x18 c:/altera/15.0/nios2eds/bin/gnu/h-x86_64-mingw32/bin/../lib/gcc/nios2-elf/4.9.1/../../../../../H-x86_64-mingw32/nios2-elf/lib\libc.a(lib_a-int_errno.o)
 .debug_aranges
                0x0000000000000238       0x20 c:/altera/15.0/nios2eds/bin/gnu/h-x86_64-mingw32/bin/../lib/gcc/nios2-elf/4.9.1/../../../../../H-x86_64-mingw32/nios2-elf/lib\libc.a(lib_a-makebuf.o)
 .debug_aranges
                0x0000000000000258       0x20 c:/altera/15.0/nios2eds/bin/gnu/h-x86_64-mingw32/bin/../lib/gcc/nios2-elf/4.9.1/../../../../../H-x86_64-mingw32/nios2-elf/lib\libc.a(lib_a-memset.o)
 .debug_aranges
                0x0000000000000278       0x20 c:/altera/15.0/nios2eds/bin/gnu/h-x86_64-mingw32/bin/../lib/gcc/nios2-elf/4.9.1/../../../../../H-x86_64-mingw32/nios2-elf/lib\libc.a(lib_a-stdio.o)
 .debug_aranges
                0x0000000000000298       0x20 c:/altera/15.0/nios2eds/bin/gnu/h-x86_64-mingw32/bin/../lib/gcc/nios2-elf/4.9.1/../../../../../H-x86_64-mingw32/nios2-elf/lib\libc.a(lib_a-writer.o)
 .debug_aranges
                0x00000000000002b8       0x20 c:/altera/15.0/nios2eds/bin/gnu/h-x86_64-mingw32/bin/../lib/gcc/nios2-elf/4.9.1/../../../../../H-x86_64-mingw32/nios2-elf/lib\libc.a(closer.o)
 .debug_aranges
                0x00000000000002d8       0x20 c:/altera/15.0/nios2eds/bin/gnu/h-x86_64-mingw32/bin/../lib/gcc/nios2-elf/4.9.1/../../../../../H-x86_64-mingw32/nios2-elf/lib\libc.a(lib_a-fclose.o)
 .debug_aranges
                0x00000000000002f8       0x20 c:/altera/15.0/nios2eds/bin/gnu/h-x86_64-mingw32/bin/../lib/gcc/nios2-elf/4.9.1/../../../../../H-x86_64-mingw32/nios2-elf/lib\libc.a(lib_a-fstatr.o)
 .debug_aranges
                0x0000000000000318       0x20 c:/altera/15.0/nios2eds/bin/gnu/h-x86_64-mingw32/bin/../lib/gcc/nios2-elf/4.9.1/../../../../../H-x86_64-mingw32/nios2-elf/lib\libc.a(lib_a-isattyr.o)
 .debug_aranges
                0x0000000000000338       0x20 c:/altera/15.0/nios2eds/bin/gnu/h-x86_64-mingw32/bin/../lib/gcc/nios2-elf/4.9.1/../../../../../H-x86_64-mingw32/nios2-elf/lib\libc.a(lib_a-lseekr.o)
 .debug_aranges
                0x0000000000000358       0x20 c:/altera/15.0/nios2eds/bin/gnu/h-x86_64-mingw32/bin/../lib/gcc/nios2-elf/4.9.1/../../../../../H-x86_64-mingw32/nios2-elf/lib\libc.a(lib_a-readr.o)
 .debug_aranges
                0x0000000000000378       0x20 ../Slave2_bsp/\libhal_bsp.a(alt_close.o)
 .debug_aranges
                0x0000000000000398       0x20 ../Slave2_bsp/\libhal_bsp.a(alt_dev.o)
 .debug_aranges
                0x00000000000003b8       0x18 ../Slave2_bsp/\libhal_bsp.a(alt_errno.o)
 .debug_aranges
                0x00000000000003d0       0x20 ../Slave2_bsp/\libhal_bsp.a(alt_fstat.o)
 .debug_aranges
                0x00000000000003f0       0x20 ../Slave2_bsp/\libhal_bsp.a(alt_isatty.o)
 .debug_aranges
                0x0000000000000410       0x20 ../Slave2_bsp/\libhal_bsp.a(alt_load.o)
 .debug_aranges
                0x0000000000000430       0x20 ../Slave2_bsp/\libhal_bsp.a(alt_lseek.o)
 .debug_aranges
                0x0000000000000450       0x20 ../Slave2_bsp/\libhal_bsp.a(alt_main.o)
 .debug_aranges
                0x0000000000000470       0x20 ../Slave2_bsp/\libhal_bsp.a(alt_malloc_lock.o)
 .debug_aranges
                0x0000000000000490       0x20 ../Slave2_bsp/\libhal_bsp.a(alt_printf.o)
 .debug_aranges
                0x00000000000004b0       0x20 ../Slave2_bsp/\libhal_bsp.a(alt_putchar.o)
 .debug_aranges
                0x00000000000004d0       0x20 ../Slave2_bsp/\libhal_bsp.a(alt_read.o)
 .debug_aranges
                0x00000000000004f0       0x20 ../Slave2_bsp/\libhal_bsp.a(alt_release_fd.o)
 .debug_aranges
                0x0000000000000510       0x20 ../Slave2_bsp/\libhal_bsp.a(alt_sbrk.o)
 .debug_aranges
                0x0000000000000530       0x20 ../Slave2_bsp/\libhal_bsp.a(alt_write.o)
 .debug_aranges
                0x0000000000000550       0x20 ../Slave2_bsp/\libhal_bsp.a(alt_sys_init.o)
 .debug_aranges
                0x0000000000000570       0x20 ../Slave2_bsp/\libhal_bsp.a(altera_avalon_jtag_uart_fd.o)
 .debug_aranges
                0x0000000000000590       0x20 ../Slave2_bsp/\libhal_bsp.a(altera_avalon_jtag_uart_init.o)
 .debug_aranges
                0x00000000000005b0       0x20 ../Slave2_bsp/\libhal_bsp.a(altera_avalon_jtag_uart_ioctl.o)
 .debug_aranges
                0x00000000000005d0       0x20 ../Slave2_bsp/\libhal_bsp.a(altera_avalon_jtag_uart_read.o)
 .debug_aranges
                0x00000000000005f0       0x20 ../Slave2_bsp/\libhal_bsp.a(altera_avalon_jtag_uart_write.o)
 .debug_aranges
                0x0000000000000610       0x20 ../Slave2_bsp/\libhal_bsp.a(altera_avalon_mutex.o)
 .debug_aranges
                0x0000000000000630       0x20 ../Slave2_bsp/\libhal_bsp.a(altera_avalon_uart_fd.o)
 .debug_aranges
                0x0000000000000650       0x20 ../Slave2_bsp/\libhal_bsp.a(altera_avalon_uart_init.o)
 .debug_aranges
                0x0000000000000670       0x20 ../Slave2_bsp/\libhal_bsp.a(altera_avalon_uart_read.o)
 .debug_aranges
                0x0000000000000690       0x20 ../Slave2_bsp/\libhal_bsp.a(altera_avalon_uart_write.o)
 .debug_aranges
                0x00000000000006b0       0x20 ../Slave2_bsp/\libhal_bsp.a(altera_up_avalon_video_character_buffer_with_dma.o)
 .debug_aranges
                0x00000000000006d0       0x20 ../Slave2_bsp/\libhal_bsp.a(alt_alarm_start.o)
 .debug_aranges
                0x00000000000006f0       0x20 ../Slave2_bsp/\libhal_bsp.a(alt_dcache_flush_all.o)
 .debug_aranges
                0x0000000000000710       0x20 ../Slave2_bsp/\libhal_bsp.a(alt_dev_llist_insert.o)
 .debug_aranges
                0x0000000000000730       0x20 ../Slave2_bsp/\libhal_bsp.a(alt_do_ctors.o)
 .debug_aranges
                0x0000000000000750       0x20 ../Slave2_bsp/\libhal_bsp.a(alt_do_dtors.o)
 .debug_aranges
                0x0000000000000770       0x20 ../Slave2_bsp/\libhal_bsp.a(alt_find_dev.o)
 .debug_aranges
                0x0000000000000790       0x20 ../Slave2_bsp/\libhal_bsp.a(alt_icache_flush_all.o)
 .debug_aranges
                0x00000000000007b0       0x20 ../Slave2_bsp/\libhal_bsp.a(alt_iic.o)
 .debug_aranges
                0x00000000000007d0       0x20 ../Slave2_bsp/\libhal_bsp.a(alt_iic_isr_register.o)
 .debug_aranges
                0x00000000000007f0       0x20 ../Slave2_bsp/\libhal_bsp.a(alt_io_redirect.o)
 .debug_aranges
                0x0000000000000810       0x30 ../Slave2_bsp/\libhal_bsp.a(alt_irq_entry.o)
 .debug_aranges
                0x0000000000000840       0x20 ../Slave2_bsp/\libhal_bsp.a(alt_irq_handler.o)
 .debug_aranges
                0x0000000000000860       0x18 ../Slave2_bsp/\libhal_bsp.a(alt_irq_vars.o)
 .debug_aranges
                0x0000000000000878       0x20 ../Slave2_bsp/\libhal_bsp.a(alt_open.o)
 .debug_aranges
                0x0000000000000898       0x20 ../Slave2_bsp/\libhal_bsp.a(alt_tick.o)
 .debug_aranges
                0x00000000000008b8       0x20 ../Slave2_bsp/\libhal_bsp.a(altera_nios2_gen2_irq.o)
 .debug_aranges
                0x00000000000008d8       0x38 ../Slave2_bsp/\libhal_bsp.a(alt_exception_entry.o)
 .debug_aranges
                0x0000000000000910       0x20 ../Slave2_bsp/\libhal_bsp.a(alt_find_file.o)
 .debug_aranges
                0x0000000000000930       0x20 ../Slave2_bsp/\libhal_bsp.a(alt_get_fd.o)
 .debug_aranges
                0x0000000000000950       0x20 ../Slave2_bsp/\libhal_bsp.a(alt_icache_flush.o)
 .debug_aranges
                0x0000000000000970       0x28 ../Slave2_bsp/\libhal_bsp.a(alt_instruction_exception_entry.o)
 .debug_aranges
                0x0000000000000998       0x20 c:/altera/15.0/nios2eds/bin/gnu/h-x86_64-mingw32/bin/../lib/gcc/nios2-elf/4.9.1/../../../../../H-x86_64-mingw32/nios2-elf/lib\libc.a(lib_a-atexit.o)
 .debug_aranges
                0x00000000000009b8       0x20 c:/altera/15.0/nios2eds/bin/gnu/h-x86_64-mingw32/bin/../lib/gcc/nios2-elf/4.9.1/../../../../../H-x86_64-mingw32/nios2-elf/lib\libc.a(lib_a-exit.o)
 .debug_aranges
                0x00000000000009d8       0x20 c:/altera/15.0/nios2eds/bin/gnu/h-x86_64-mingw32/bin/../lib/gcc/nios2-elf/4.9.1/../../../../../H-x86_64-mingw32/nios2-elf/lib\libc.a(lib_a-memcmp.o)
 .debug_aranges
                0x00000000000009f8       0x20 c:/altera/15.0/nios2eds/bin/gnu/h-x86_64-mingw32/bin/../lib/gcc/nios2-elf/4.9.1/../../../../../H-x86_64-mingw32/nios2-elf/lib\libc.a(lib_a-putc.o)
 .debug_aranges
                0x0000000000000a18       0x20 c:/altera/15.0/nios2eds/bin/gnu/h-x86_64-mingw32/bin/../lib/gcc/nios2-elf/4.9.1/../../../../../H-x86_64-mingw32/nios2-elf/lib\libc.a(lib_a-strcmp.o)
 .debug_aranges
                0x0000000000000a38       0x20 c:/altera/15.0/nios2eds/bin/gnu/h-x86_64-mingw32/bin/../lib/gcc/nios2-elf/4.9.1/../../../../../H-x86_64-mingw32/nios2-elf/lib\libc.a(lib_a-wbuf.o)
 .debug_aranges
                0x0000000000000a58       0x20 c:/altera/15.0/nios2eds/bin/gnu/h-x86_64-mingw32/bin/../lib/gcc/nios2-elf/4.9.1/../../../../../H-x86_64-mingw32/nios2-elf/lib\libc.a(lib_a-__atexit.o)
 .debug_aranges
                0x0000000000000a78       0x20 c:/altera/15.0/nios2eds/bin/gnu/h-x86_64-mingw32/bin/../lib/gcc/nios2-elf/4.9.1/../../../../../H-x86_64-mingw32/nios2-elf/lib\libc.a(lib_a-__call_atexit.o)
 .debug_aranges
                0x0000000000000a98       0x20 ../Slave2_bsp/\libhal_bsp.a(alt_exit.o)

.debug_pubnames
 *(.debug_pubnames)

.debug_info     0x0000000000000000    0x199dd
 *(.debug_info .gnu.linkonce.wi.*)
 .debug_info    0x0000000000000000       0x76 ../Slave2_bsp//obj/HAL/src/crt0.o
 .debug_info    0x0000000000000076      0x4cd obj/default/hello_world.o
 .debug_info    0x0000000000000543      0x9f4 c:/altera/15.0/nios2eds/bin/gnu/h-x86_64-mingw32/bin/../lib/gcc/nios2-elf/4.9.1/../../../../../H-x86_64-mingw32/nios2-elf/lib\libc.a(lib_a-puts.o)
 .debug_info    0x0000000000000f37       0xdb c:/altera/15.0/nios2eds/bin/gnu/h-x86_64-mingw32/bin/../lib/gcc/nios2-elf/4.9.1/../../../../../H-x86_64-mingw32/nios2-elf/lib\libc.a(lib_a-strlen.o)
 .debug_info    0x0000000000001012      0xc31 c:/altera/15.0/nios2eds/bin/gnu/h-x86_64-mingw32/bin/../lib/gcc/nios2-elf/4.9.1/../../../../../H-x86_64-mingw32/nios2-elf/lib\libc.a(lib_a-fvwrite.o)
 .debug_info    0x0000000000001c43      0x88f c:/altera/15.0/nios2eds/bin/gnu/h-x86_64-mingw32/bin/../lib/gcc/nios2-elf/4.9.1/../../../../../H-x86_64-mingw32/nios2-elf/lib\libc.a(lib_a-impure.o)
 .debug_info    0x00000000000024d2      0xd71 c:/altera/15.0/nios2eds/bin/gnu/h-x86_64-mingw32/bin/../lib/gcc/nios2-elf/4.9.1/../../../../../H-x86_64-mingw32/nios2-elf/lib\libc.a(lib_a-mallocr.o)
 .debug_info    0x0000000000003243      0x12b c:/altera/15.0/nios2eds/bin/gnu/h-x86_64-mingw32/bin/../lib/gcc/nios2-elf/4.9.1/../../../../../H-x86_64-mingw32/nios2-elf/lib\libc.a(lib_a-memchr.o)
 .debug_info    0x000000000000336e      0x133 c:/altera/15.0/nios2eds/bin/gnu/h-x86_64-mingw32/bin/../lib/gcc/nios2-elf/4.9.1/../../../../../H-x86_64-mingw32/nios2-elf/lib\libc.a(lib_a-memcpy.o)
 .debug_info    0x00000000000034a1      0x133 c:/altera/15.0/nios2eds/bin/gnu/h-x86_64-mingw32/bin/../lib/gcc/nios2-elf/4.9.1/../../../../../H-x86_64-mingw32/nios2-elf/lib\libc.a(lib_a-memmove.o)
 .debug_info    0x00000000000035d4      0xcc6 c:/altera/15.0/nios2eds/bin/gnu/h-x86_64-mingw32/bin/../lib/gcc/nios2-elf/4.9.1/../../../../../H-x86_64-mingw32/nios2-elf/lib\libc.a(lib_a-reallocr.o)
 .debug_info    0x000000000000429a      0x8ef c:/altera/15.0/nios2eds/bin/gnu/h-x86_64-mingw32/bin/../lib/gcc/nios2-elf/4.9.1/../../../../../H-x86_64-mingw32/nios2-elf/lib\libc.a(lib_a-sbrkr.o)
 .debug_info    0x0000000000004b89      0x91d c:/altera/15.0/nios2eds/bin/gnu/h-x86_64-mingw32/bin/../lib/gcc/nios2-elf/4.9.1/../../../../../H-x86_64-mingw32/nios2-elf/lib\libc.a(lib_a-wsetup.o)
 .debug_info    0x00000000000054a6      0xa3a c:/altera/15.0/nios2eds/bin/gnu/h-x86_64-mingw32/bin/../lib/gcc/nios2-elf/4.9.1/../../../../../H-x86_64-mingw32/nios2-elf/lib\libc.a(lib_a-fflush.o)
 .debug_info    0x0000000000005ee0      0xd38 c:/altera/15.0/nios2eds/bin/gnu/h-x86_64-mingw32/bin/../lib/gcc/nios2-elf/4.9.1/../../../../../H-x86_64-mingw32/nios2-elf/lib\libc.a(lib_a-findfp.o)
 .debug_info    0x0000000000006c18      0xc02 c:/altera/15.0/nios2eds/bin/gnu/h-x86_64-mingw32/bin/../lib/gcc/nios2-elf/4.9.1/../../../../../H-x86_64-mingw32/nios2-elf/lib\libc.a(lib_a-freer.o)
 .debug_info    0x000000000000781a      0xab7 c:/altera/15.0/nios2eds/bin/gnu/h-x86_64-mingw32/bin/../lib/gcc/nios2-elf/4.9.1/../../../../../H-x86_64-mingw32/nios2-elf/lib\libc.a(lib_a-fwalk.o)
 .debug_info    0x00000000000082d1       0x83 c:/altera/15.0/nios2eds/bin/gnu/h-x86_64-mingw32/bin/../lib/gcc/nios2-elf/4.9.1/../../../../../H-x86_64-mingw32/nios2-elf/lib\libc.a(lib_a-int_errno.o)
 .debug_info    0x0000000000008354      0xaff c:/altera/15.0/nios2eds/bin/gnu/h-x86_64-mingw32/bin/../lib/gcc/nios2-elf/4.9.1/../../../../../H-x86_64-mingw32/nios2-elf/lib\libc.a(lib_a-makebuf.o)
 .debug_info    0x0000000000008e53      0x11a c:/altera/15.0/nios2eds/bin/gnu/h-x86_64-mingw32/bin/../lib/gcc/nios2-elf/4.9.1/../../../../../H-x86_64-mingw32/nios2-elf/lib\libc.a(lib_a-memset.o)
 .debug_info    0x0000000000008f6d      0xb83 c:/altera/15.0/nios2eds/bin/gnu/h-x86_64-mingw32/bin/../lib/gcc/nios2-elf/4.9.1/../../../../../H-x86_64-mingw32/nios2-elf/lib\libc.a(lib_a-stdio.o)
 .debug_info    0x0000000000009af0      0x921 c:/altera/15.0/nios2eds/bin/gnu/h-x86_64-mingw32/bin/../lib/gcc/nios2-elf/4.9.1/../../../../../H-x86_64-mingw32/nios2-elf/lib\libc.a(lib_a-writer.o)
 .debug_info    0x000000000000a411      0x8ce c:/altera/15.0/nios2eds/bin/gnu/h-x86_64-mingw32/bin/../lib/gcc/nios2-elf/4.9.1/../../../../../H-x86_64-mingw32/nios2-elf/lib\libc.a(closer.o)
 .debug_info    0x000000000000acdf      0xa12 c:/altera/15.0/nios2eds/bin/gnu/h-x86_64-mingw32/bin/../lib/gcc/nios2-elf/4.9.1/../../../../../H-x86_64-mingw32/nios2-elf/lib\libc.a(lib_a-fclose.o)
 .debug_info    0x000000000000b6f1      0xa5c c:/altera/15.0/nios2eds/bin/gnu/h-x86_64-mingw32/bin/../lib/gcc/nios2-elf/4.9.1/../../../../../H-x86_64-mingw32/nios2-elf/lib\libc.a(lib_a-fstatr.o)
 .debug_info    0x000000000000c14d      0x8ce c:/altera/15.0/nios2eds/bin/gnu/h-x86_64-mingw32/bin/../lib/gcc/nios2-elf/4.9.1/../../../../../H-x86_64-mingw32/nios2-elf/lib\libc.a(lib_a-isattyr.o)
 .debug_info    0x000000000000ca1b      0x91a c:/altera/15.0/nios2eds/bin/gnu/h-x86_64-mingw32/bin/../lib/gcc/nios2-elf/4.9.1/../../../../../H-x86_64-mingw32/nios2-elf/lib\libc.a(lib_a-lseekr.o)
 .debug_info    0x000000000000d335      0x91a c:/altera/15.0/nios2eds/bin/gnu/h-x86_64-mingw32/bin/../lib/gcc/nios2-elf/4.9.1/../../../../../H-x86_64-mingw32/nios2-elf/lib\libc.a(lib_a-readr.o)
 .debug_info    0x000000000000dc4f      0x31a ../Slave2_bsp/\libhal_bsp.a(alt_close.o)
 .debug_info    0x000000000000df69      0x495 ../Slave2_bsp/\libhal_bsp.a(alt_dev.o)
 .debug_info    0x000000000000e3fe       0x9f ../Slave2_bsp/\libhal_bsp.a(alt_errno.o)
 .debug_info    0x000000000000e49d      0x481 ../Slave2_bsp/\libhal_bsp.a(alt_fstat.o)
 .debug_info    0x000000000000e91e      0x484 ../Slave2_bsp/\libhal_bsp.a(alt_isatty.o)
 .debug_info    0x000000000000eda2      0x13e ../Slave2_bsp/\libhal_bsp.a(alt_load.o)
 .debug_info    0x000000000000eee0      0x34b ../Slave2_bsp/\libhal_bsp.a(alt_lseek.o)
 .debug_info    0x000000000000f22b      0x12a ../Slave2_bsp/\libhal_bsp.a(alt_main.o)
 .debug_info    0x000000000000f355      0x89f ../Slave2_bsp/\libhal_bsp.a(alt_malloc_lock.o)
 .debug_info    0x000000000000fbf4      0x119 ../Slave2_bsp/\libhal_bsp.a(alt_printf.o)
 .debug_info    0x000000000000fd0d      0x88f ../Slave2_bsp/\libhal_bsp.a(alt_putchar.o)
 .debug_info    0x000000000001059c      0x4a9 ../Slave2_bsp/\libhal_bsp.a(alt_read.o)
 .debug_info    0x0000000000010a45      0x2b0 ../Slave2_bsp/\libhal_bsp.a(alt_release_fd.o)
 .debug_info    0x0000000000010cf5      0x1a5 ../Slave2_bsp/\libhal_bsp.a(alt_sbrk.o)
 .debug_info    0x0000000000010e9a      0x4b0 ../Slave2_bsp/\libhal_bsp.a(alt_write.o)
 .debug_info    0x000000000001134a      0x726 ../Slave2_bsp/\libhal_bsp.a(alt_sys_init.o)
 .debug_info    0x0000000000011a70      0x527 ../Slave2_bsp/\libhal_bsp.a(altera_avalon_jtag_uart_fd.o)
 .debug_info    0x0000000000011f97      0x3a1 ../Slave2_bsp/\libhal_bsp.a(altera_avalon_jtag_uart_init.o)
 .debug_info    0x0000000000012338      0x279 ../Slave2_bsp/\libhal_bsp.a(altera_avalon_jtag_uart_ioctl.o)
 .debug_info    0x00000000000125b1      0x342 ../Slave2_bsp/\libhal_bsp.a(altera_avalon_jtag_uart_read.o)
 .debug_info    0x00000000000128f3      0x339 ../Slave2_bsp/\libhal_bsp.a(altera_avalon_jtag_uart_write.o)
 .debug_info    0x0000000000012c2c      0x398 ../Slave2_bsp/\libhal_bsp.a(altera_avalon_mutex.o)
 .debug_info    0x0000000000012fc4      0x440 ../Slave2_bsp/\libhal_bsp.a(altera_avalon_uart_fd.o)
 .debug_info    0x0000000000013404      0x32c ../Slave2_bsp/\libhal_bsp.a(altera_avalon_uart_init.o)
 .debug_info    0x0000000000013730      0x312 ../Slave2_bsp/\libhal_bsp.a(altera_avalon_uart_read.o)
 .debug_info    0x0000000000013a42      0x317 ../Slave2_bsp/\libhal_bsp.a(altera_avalon_uart_write.o)
 .debug_info    0x0000000000013d59      0x461 ../Slave2_bsp/\libhal_bsp.a(altera_up_avalon_video_character_buffer_with_dma.o)
 .debug_info    0x00000000000141ba      0x2c5 ../Slave2_bsp/\libhal_bsp.a(alt_alarm_start.o)
 .debug_info    0x000000000001447f       0x9e ../Slave2_bsp/\libhal_bsp.a(alt_dcache_flush_all.o)
 .debug_info    0x000000000001451d      0x1a2 ../Slave2_bsp/\libhal_bsp.a(alt_dev_llist_insert.o)
 .debug_info    0x00000000000146bf       0x83 ../Slave2_bsp/\libhal_bsp.a(alt_do_ctors.o)
 .debug_info    0x0000000000014742       0x83 ../Slave2_bsp/\libhal_bsp.a(alt_do_dtors.o)
 .debug_info    0x00000000000147c5      0x2e2 ../Slave2_bsp/\libhal_bsp.a(alt_find_dev.o)
 .debug_info    0x0000000000014aa7       0x8b ../Slave2_bsp/\libhal_bsp.a(alt_icache_flush_all.o)
 .debug_info    0x0000000000014b32      0x349 ../Slave2_bsp/\libhal_bsp.a(alt_iic.o)
 .debug_info    0x0000000000014e7b      0x1e8 ../Slave2_bsp/\libhal_bsp.a(alt_iic_isr_register.o)
 .debug_info    0x0000000000015063      0x49e ../Slave2_bsp/\libhal_bsp.a(alt_io_redirect.o)
 .debug_info    0x0000000000015501       0x7f ../Slave2_bsp/\libhal_bsp.a(alt_irq_entry.o)
 .debug_info    0x0000000000015580      0x180 ../Slave2_bsp/\libhal_bsp.a(alt_irq_handler.o)
 .debug_info    0x0000000000015700       0x88 ../Slave2_bsp/\libhal_bsp.a(alt_irq_vars.o)
 .debug_info    0x0000000000015788      0x3b4 ../Slave2_bsp/\libhal_bsp.a(alt_open.o)
 .debug_info    0x0000000000015b3c      0x292 ../Slave2_bsp/\libhal_bsp.a(alt_tick.o)
 .debug_info    0x0000000000015dce       0x8b ../Slave2_bsp/\libhal_bsp.a(altera_nios2_gen2_irq.o)
 .debug_info    0x0000000000015e59       0x85 ../Slave2_bsp/\libhal_bsp.a(alt_exception_entry.o)
 .debug_info    0x0000000000015ede      0x2df ../Slave2_bsp/\libhal_bsp.a(alt_find_file.o)
 .debug_info    0x00000000000161bd      0x309 ../Slave2_bsp/\libhal_bsp.a(alt_get_fd.o)
 .debug_info    0x00000000000164c6       0xd5 ../Slave2_bsp/\libhal_bsp.a(alt_icache_flush.o)
 .debug_info    0x000000000001659b      0x1d8 ../Slave2_bsp/\libhal_bsp.a(alt_instruction_exception_entry.o)
 .debug_info    0x0000000000016773      0x10a c:/altera/15.0/nios2eds/bin/gnu/h-x86_64-mingw32/bin/../lib/gcc/nios2-elf/4.9.1/../../../../../H-x86_64-mingw32/nios2-elf/lib\libc.a(lib_a-atexit.o)
 .debug_info    0x000000000001687d      0x8df c:/altera/15.0/nios2eds/bin/gnu/h-x86_64-mingw32/bin/../lib/gcc/nios2-elf/4.9.1/../../../../../H-x86_64-mingw32/nios2-elf/lib\libc.a(lib_a-exit.o)
 .debug_info    0x000000000001715c      0x113 c:/altera/15.0/nios2eds/bin/gnu/h-x86_64-mingw32/bin/../lib/gcc/nios2-elf/4.9.1/../../../../../H-x86_64-mingw32/nios2-elf/lib\libc.a(lib_a-memcmp.o)
 .debug_info    0x000000000001726f      0x977 c:/altera/15.0/nios2eds/bin/gnu/h-x86_64-mingw32/bin/../lib/gcc/nios2-elf/4.9.1/../../../../../H-x86_64-mingw32/nios2-elf/lib\libc.a(lib_a-putc.o)
 .debug_info    0x0000000000017be6       0xdd c:/altera/15.0/nios2eds/bin/gnu/h-x86_64-mingw32/bin/../lib/gcc/nios2-elf/4.9.1/../../../../../H-x86_64-mingw32/nios2-elf/lib\libc.a(lib_a-strcmp.o)
 .debug_info    0x0000000000017cc3      0x9b2 c:/altera/15.0/nios2eds/bin/gnu/h-x86_64-mingw32/bin/../lib/gcc/nios2-elf/4.9.1/../../../../../H-x86_64-mingw32/nios2-elf/lib\libc.a(lib_a-wbuf.o)
 .debug_info    0x0000000000018675      0x93b c:/altera/15.0/nios2eds/bin/gnu/h-x86_64-mingw32/bin/../lib/gcc/nios2-elf/4.9.1/../../../../../H-x86_64-mingw32/nios2-elf/lib\libc.a(lib_a-__atexit.o)
 .debug_info    0x0000000000018fb0      0x948 c:/altera/15.0/nios2eds/bin/gnu/h-x86_64-mingw32/bin/../lib/gcc/nios2-elf/4.9.1/../../../../../H-x86_64-mingw32/nios2-elf/lib\libc.a(lib_a-__call_atexit.o)
 .debug_info    0x00000000000198f8       0xe5 ../Slave2_bsp/\libhal_bsp.a(alt_exit.o)

.debug_abbrev   0x0000000000000000     0x6e66
 *(.debug_abbrev)
 .debug_abbrev  0x0000000000000000       0x12 ../Slave2_bsp//obj/HAL/src/crt0.o
 .debug_abbrev  0x0000000000000012      0x160 obj/default/hello_world.o
 .debug_abbrev  0x0000000000000172      0x226 c:/altera/15.0/nios2eds/bin/gnu/h-x86_64-mingw32/bin/../lib/gcc/nios2-elf/4.9.1/../../../../../H-x86_64-mingw32/nios2-elf/lib\libc.a(lib_a-puts.o)
 .debug_abbrev  0x0000000000000398       0x90 c:/altera/15.0/nios2eds/bin/gnu/h-x86_64-mingw32/bin/../lib/gcc/nios2-elf/4.9.1/../../../../../H-x86_64-mingw32/nios2-elf/lib\libc.a(lib_a-strlen.o)
 .debug_abbrev  0x0000000000000428      0x252 c:/altera/15.0/nios2eds/bin/gnu/h-x86_64-mingw32/bin/../lib/gcc/nios2-elf/4.9.1/../../../../../H-x86_64-mingw32/nios2-elf/lib\libc.a(lib_a-fvwrite.o)
 .debug_abbrev  0x000000000000067a      0x180 c:/altera/15.0/nios2eds/bin/gnu/h-x86_64-mingw32/bin/../lib/gcc/nios2-elf/4.9.1/../../../../../H-x86_64-mingw32/nios2-elf/lib\libc.a(lib_a-impure.o)
 .debug_abbrev  0x00000000000007fa      0x2ad c:/altera/15.0/nios2eds/bin/gnu/h-x86_64-mingw32/bin/../lib/gcc/nios2-elf/4.9.1/../../../../../H-x86_64-mingw32/nios2-elf/lib\libc.a(lib_a-mallocr.o)
 .debug_abbrev  0x0000000000000aa7       0xab c:/altera/15.0/nios2eds/bin/gnu/h-x86_64-mingw32/bin/../lib/gcc/nios2-elf/4.9.1/../../../../../H-x86_64-mingw32/nios2-elf/lib\libc.a(lib_a-memchr.o)
 .debug_abbrev  0x0000000000000b52       0x9c c:/altera/15.0/nios2eds/bin/gnu/h-x86_64-mingw32/bin/../lib/gcc/nios2-elf/4.9.1/../../../../../H-x86_64-mingw32/nios2-elf/lib\libc.a(lib_a-memcpy.o)
 .debug_abbrev  0x0000000000000bee       0x9c c:/altera/15.0/nios2eds/bin/gnu/h-x86_64-mingw32/bin/../lib/gcc/nios2-elf/4.9.1/../../../../../H-x86_64-mingw32/nios2-elf/lib\libc.a(lib_a-memmove.o)
 .debug_abbrev  0x0000000000000c8a      0x269 c:/altera/15.0/nios2eds/bin/gnu/h-x86_64-mingw32/bin/../lib/gcc/nios2-elf/4.9.1/../../../../../H-x86_64-mingw32/nios2-elf/lib\libc.a(lib_a-reallocr.o)