Archive member included to satisfy reference by file (symbol)

c:/altera/15.0/nios2eds/bin/gnu/h-x86_64-mingw32/bin/../lib/gcc/nios2-elf/4.9.1/../../../../../H-x86_64-mingw32/nios2-elf/lib\libc.a(lib_a-fclose.o)
                              obj/default/hello_world.o (fclose)
c:/altera/15.0/nios2eds/bin/gnu/h-x86_64-mingw32/bin/../lib/gcc/nios2-elf/4.9.1/../../../../../H-x86_64-mingw32/nios2-elf/lib\libc.a(lib_a-fflush.o)
                              c:/altera/15.0/nios2eds/bin/gnu/h-x86_64-mingw32/bin/../lib/gcc/nios2-elf/4.9.1/../../../../../H-x86_64-mingw32/nios2-elf/lib\libc.a(lib_a-fclose.o) (_fflush_r)
c:/altera/15.0/nios2eds/bin/gnu/h-x86_64-mingw32/bin/../lib/gcc/nios2-elf/4.9.1/../../../../../H-x86_64-mingw32/nios2-elf/lib\libc.a(lib_a-findfp.o)
                              c:/altera/15.0/nios2eds/bin/gnu/h-x86_64-mingw32/bin/../lib/gcc/nios2-elf/4.9.1/../../../../../H-x86_64-mingw32/nios2-elf/lib\libc.a(lib_a-fclose.o) (__sinit)
c:/altera/15.0/nios2eds/bin/gnu/h-x86_64-mingw32/bin/../lib/gcc/nios2-elf/4.9.1/../../../../../H-x86_64-mingw32/nios2-elf/lib\libc.a(lib_a-fopen.o)
                              obj/default/hello_world.o (fopen)
c:/altera/15.0/nios2eds/bin/gnu/h-x86_64-mingw32/bin/../lib/gcc/nios2-elf/4.9.1/../../../../../H-x86_64-mingw32/nios2-elf/lib\libc.a(lib_a-freer.o)
                              c:/altera/15.0/nios2eds/bin/gnu/h-x86_64-mingw32/bin/../lib/gcc/nios2-elf/4.9.1/../../../../../H-x86_64-mingw32/nios2-elf/lib\libc.a(lib_a-fclose.o) (_free_r)
c:/altera/15.0/nios2eds/bin/gnu/h-x86_64-mingw32/bin/../lib/gcc/nios2-elf/4.9.1/../../../../../H-x86_64-mingw32/nios2-elf/lib\libc.a(lib_a-fseek.o)
                              c:/altera/15.0/nios2eds/bin/gnu/h-x86_64-mingw32/bin/../lib/gcc/nios2-elf/4.9.1/../../../../../H-x86_64-mingw32/nios2-elf/lib\libc.a(lib_a-fopen.o) (_fseek_r)
c:/altera/15.0/nios2eds/bin/gnu/h-x86_64-mingw32/bin/../lib/gcc/nios2-elf/4.9.1/../../../../../H-x86_64-mingw32/nios2-elf/lib\libc.a(lib_a-fstatr.o)
                              c:/altera/15.0/nios2eds/bin/gnu/h-x86_64-mingw32/bin/../lib/gcc/nios2-elf/4.9.1/../../../../../H-x86_64-mingw32/nios2-elf/lib\libc.a(lib_a-fseek.o) (_fstat_r)
c:/altera/15.0/nios2eds/bin/gnu/h-x86_64-mingw32/bin/../lib/gcc/nios2-elf/4.9.1/../../../../../H-x86_64-mingw32/nios2-elf/lib\libc.a(lib_a-fwalk.o)
                              c:/altera/15.0/nios2eds/bin/gnu/h-x86_64-mingw32/bin/../lib/gcc/nios2-elf/4.9.1/../../../../../H-x86_64-mingw32/nios2-elf/lib\libc.a(lib_a-findfp.o) (_fwalk)
c:/altera/15.0/nios2eds/bin/gnu/h-x86_64-mingw32/bin/../lib/gcc/nios2-elf/4.9.1/../../../../../H-x86_64-mingw32/nios2-elf/lib\libc.a(lib_a-impure.o)
                              c:/altera/15.0/nios2eds/bin/gnu/h-x86_64-mingw32/bin/../lib/gcc/nios2-elf/4.9.1/../../../../../H-x86_64-mingw32/nios2-elf/lib\libc.a(lib_a-fflush.o) (_global_impure_ptr)
c:/altera/15.0/nios2eds/bin/gnu/h-x86_64-mingw32/bin/../lib/gcc/nios2-elf/4.9.1/../../../../../H-x86_64-mingw32/nios2-elf/lib\libc.a(lib_a-int_errno.o)
                              c:/altera/15.0/nios2eds/bin/gnu/h-x86_64-mingw32/bin/../lib/gcc/nios2-elf/4.9.1/../../../../../H-x86_64-mingw32/nios2-elf/lib\libc.a(lib_a-fstatr.o) (errno)
c:/altera/15.0/nios2eds/bin/gnu/h-x86_64-mingw32/bin/../lib/gcc/nios2-elf/4.9.1/../../../../../H-x86_64-mingw32/nios2-elf/lib\libc.a(lib_a-makebuf.o)
                              c:/altera/15.0/nios2eds/bin/gnu/h-x86_64-mingw32/bin/../lib/gcc/nios2-elf/4.9.1/../../../../../H-x86_64-mingw32/nios2-elf/lib\libc.a(lib_a-fseek.o) (__smakebuf_r)
c:/altera/15.0/nios2eds/bin/gnu/h-x86_64-mingw32/bin/../lib/gcc/nios2-elf/4.9.1/../../../../../H-x86_64-mingw32/nios2-elf/lib\libc.a(lib_a-mallocr.o)
                              c:/altera/15.0/nios2eds/bin/gnu/h-x86_64-mingw32/bin/../lib/gcc/nios2-elf/4.9.1/../../../../../H-x86_64-mingw32/nios2-elf/lib\libc.a(lib_a-findfp.o) (_malloc_r)
c:/altera/15.0/nios2eds/bin/gnu/h-x86_64-mingw32/bin/../lib/gcc/nios2-elf/4.9.1/../../../../../H-x86_64-mingw32/nios2-elf/lib\libc.a(lib_a-memset.o)
                              c:/altera/15.0/nios2eds/bin/gnu/h-x86_64-mingw32/bin/../lib/gcc/nios2-elf/4.9.1/../../../../../H-x86_64-mingw32/nios2-elf/lib\libc.a(lib_a-findfp.o) (memset)
c:/altera/15.0/nios2eds/bin/gnu/h-x86_64-mingw32/bin/../lib/gcc/nios2-elf/4.9.1/../../../../../H-x86_64-mingw32/nios2-elf/lib\libc.a(lib_a-openr.o)
                              c:/altera/15.0/nios2eds/bin/gnu/h-x86_64-mingw32/bin/../lib/gcc/nios2-elf/4.9.1/../../../../../H-x86_64-mingw32/nios2-elf/lib\libc.a(lib_a-fopen.o) (_open_r)
c:/altera/15.0/nios2eds/bin/gnu/h-x86_64-mingw32/bin/../lib/gcc/nios2-elf/4.9.1/../../../../../H-x86_64-mingw32/nios2-elf/lib\libc.a(lib_a-puts.o)
                              obj/default/hello_world.o (puts)
c:/altera/15.0/nios2eds/bin/gnu/h-x86_64-mingw32/bin/../lib/gcc/nios2-elf/4.9.1/../../../../../H-x86_64-mingw32/nios2-elf/lib\libc.a(lib_a-refill.o)
[...]
Memory Configuration

Name             Origin             Length             Attributes
reset            0x0000000000120000 0x0000000000000020
MEMSlave1        0x0000000000120020 0x0000000000013860
*default*        0x0000000000000000 0xffffffffffffffff

Linker script and memory map

LOAD ../Slave1_bsp//obj/HAL/src/crt0.o
LOAD obj/default/hello_world.o
LOAD c:/altera/15.0/nios2eds/bin/gnu/h-x86_64-mingw32/bin/../lib/gcc/nios2-elf/4.9.1/../../../../../H-x86_64-mingw32/nios2-elf/lib\libstdc++.a
LOAD c:/altera/15.0/nios2eds/bin/gnu/h-x86_64-mingw32/bin/../lib/gcc/nios2-elf/4.9.1/../../../../../H-x86_64-mingw32/nios2-elf/lib\libm.a
LOAD c:/altera/15.0/nios2eds/bin/gnu/h-x86_64-mingw32/bin/../lib/gcc/nios2-elf/4.9.1\libgcc.a
START GROUP
LOAD c:/altera/15.0/nios2eds/bin/gnu/h-x86_64-mingw32/bin/../lib/gcc/nios2-elf/4.9.1/../../../../../H-x86_64-mingw32/nios2-elf/lib\libc.a
LOAD c:/altera/15.0/nios2eds/bin/gnu/h-x86_64-mingw32/bin/../lib/gcc/nios2-elf/4.9.1\libgcc.a
LOAD ../Slave1_bsp/\libhal_bsp.a
LOAD c:/altera/15.0/nios2eds/bin/gnu/h-x86_64-mingw32/bin/../lib/gcc/nios2-elf/4.9.1/../../../../../H-x86_64-mingw32/nios2-elf/lib\libm.a
END GROUP
LOAD c:/altera/15.0/nios2eds/bin/gnu/h-x86_64-mingw32/bin/../lib/gcc/nios2-elf/4.9.1\libgcc.a
                0x0000000000120000                __alt_mem_MEMSlave1 = 0x120000

.entry          0x0000000000120000       0x20
 *(.entry)
 .entry         0x0000000000120000       0x20 ../Slave1_bsp//obj/HAL/src/crt0.o
                0x0000000000120000                __reset

.exceptions     0x0000000000120020      0x220
                0x0000000000120020                PROVIDE (__ram_exceptions_start, ABSOLUTE (.))
                0x0000000000120020                . = ALIGN (0x20)
 *(.irq)
 *(.exceptions.entry.label)
 .exceptions.entry.label
                0x0000000000120020        0x0 ../Slave1_bsp/\libhal_bsp.a(alt_irq_entry.o)
                0x0000000000120020                alt_irq_entry
 .exceptions.entry.label
                0x0000000000120020        0x0 ../Slave1_bsp/\libhal_bsp.a(alt_exception_entry.o)
                0x0000000000120020                alt_exception
 *(.exceptions.entry.user)
 *(.exceptions.entry.ecc_fatal)
 *(.exceptions.entry)
 .exceptions.entry
                0x0000000000120020       0x54 ../Slave1_bsp/\libhal_bsp.a(alt_exception_entry.o)
 *(.exceptions.irqtest.user)
 *(.exceptions.irqtest)
 .exceptions.irqtest
                0x0000000000120074       0x10 ../Slave1_bsp/\libhal_bsp.a(alt_irq_entry.o)
 *(.exceptions.irqhandler.user)
 *(.exceptions.irqhandler)
 .exceptions.irqhandler
                0x0000000000120084        0x4 ../Slave1_bsp/\libhal_bsp.a(alt_irq_entry.o)
 *(.exceptions.irqreturn.user)
 *(.exceptions.irqreturn)
 .exceptions.irqreturn
                0x0000000000120088        0x4 ../Slave1_bsp/\libhal_bsp.a(alt_irq_entry.o)
 *(.exceptions.notirq.label)
 .exceptions.notirq.label
                0x000000000012008c        0x0 ../Slave1_bsp/\libhal_bsp.a(alt_irq_entry.o)
 *(.exceptions.notirq.user)
 *(.exceptions.notirq)
 .exceptions.notirq
                0x000000000012008c        0x8 ../Slave1_bsp/\libhal_bsp.a(alt_exception_entry.o)
 *(.exceptions.soft.user)
 *(.exceptions.soft)
 *(.exceptions.unknown.user)
 *(.exceptions.unknown)
 .exceptions.unknown
                0x0000000000120094       0x14 ../Slave1_bsp/\libhal_bsp.a(alt_exception_entry.o)
 *(.exceptions.exit.label)
 .exceptions.exit.label
                0x00000000001200a8        0x0 ../Slave1_bsp/\libhal_bsp.a(alt_irq_entry.o)
 .exceptions.exit.label
                0x00000000001200a8        0x0 ../Slave1_bsp/\libhal_bsp.a(alt_exception_entry.o)
 *(.exceptions.exit.user)
 *(.exceptions.exit)
 .exceptions.exit
                0x00000000001200a8       0x54 ../Slave1_bsp/\libhal_bsp.a(alt_exception_entry.o)
 *(.exceptions)
 .exceptions    0x00000000001200fc       0xd0 ../Slave1_bsp/\libhal_bsp.a(alt_irq_handler.o)
                0x00000000001200fc                alt_irq_handler
 .exceptions    0x00000000001201cc       0x74 ../Slave1_bsp/\libhal_bsp.a(alt_instruction_exception_entry.o)
                0x00000000001201cc                alt_instruction_exception_entry
                0x0000000000120240                PROVIDE (__ram_exceptions_end, ABSOLUTE (.))
                0x0000000000120020                PROVIDE (__flash_exceptions_start, LOADADDR (.exceptions))

.text           0x0000000000120240     0x74b4
                0x0000000000120240                PROVIDE (stext, ABSOLUTE (.))
 *(.interp)
 *(.hash)
 *(.dynsym)
 *(.dynstr)
 *(.gnu.version)
 *(.gnu.version_d)
 *(.gnu.version_r)
 *(.rel.init)
 *(.rela.init)
 *(.rel.text .rel.text.* .rel.gnu.linkonce.t.*)
 *(.rela.text .rela.text.* .rela.gnu.linkonce.t.*)
 *(.rel.fini)
 *(.rela.fini)
 *(.rel.rodata .rel.rodata.* .rel.gnu.linkonce.r.*)
 *(.rela.rodata .rela.rodata.* .rela.gnu.linkonce.r.*)
 *(.rel.data .rel.data.* .rel.gnu.linkonce.d.*)
 *(.rela.data .rela.data.* .rela.gnu.linkonce.d.*)
 *(.rel.tdata .rel.tdata.* .rel.gnu.linkonce.td.*)
 *(.rela.tdata .rela.tdata.* .rela.gnu.linkonce.td.*)
 *(.rel.tbss .rel.tbss.* .rel.gnu.linkonce.tb.*)
 *(.rela.tbss .rela.tbss.* .rela.gnu.linkonce.tb.*)
 *(.rel.ctors)
 *(.rela.ctors)
 *(.rel.dtors)
 *(.rela.dtors)
 *(.rel.got)
 *(.rela.got)
 *(.rel.sdata .rel.sdata.* .rel.gnu.linkonce.s.*)
 *(.rela.sdata .rela.sdata.* .rela.gnu.linkonce.s.*)
 *(.rel.sbss .rel.sbss.* .rel.gnu.linkonce.sb.*)
 *(.rela.sbss .rela.sbss.* .rela.gnu.linkonce.sb.*)
 *(.rel.sdata2 .rel.sdata2.* .rel.gnu.linkonce.s2.*)
 *(.rela.sdata2 .rela.sdata2.* .rela.gnu.linkonce.s2.*)
 *(.rel.sbss2 .rel.sbss2.* .rel.gnu.linkonce.sb2.*)
 *(.rela.sbss2 .rela.sbss2.* .rela.gnu.linkonce.sb2.*)
 *(.rel.bss .rel.bss.* .rel.gnu.linkonce.b.*)
 *(.rela.bss .rela.bss.* .rela.gnu.linkonce.b.*)
 *(.rel.plt)
 *(.rela.plt)
 *(.rel.dyn)
 *(.init)
 *(.plt)
 *(.text .stub .text.* .gnu.linkonce.t.*)
 .text          0x0000000000120240       0x4c ../Slave1_bsp//obj/HAL/src/crt0.o
                0x0000000000120240                _start
 .text          0x000000000012028c      0x38c obj/default/hello_world.o
                0x000000000012028c                main
                0x00000000001205c0                delay10ms
 .text          0x0000000000120618      0x114 c:/altera/15.0/nios2eds/bin/gnu/h-x86_64-mingw32/bin/../lib/gcc/nios2-elf/4.9.1/../../../../../H-x86_64-mingw32/nios2-elf/lib\libc.a(lib_a-fclose.o)
                0x0000000000120618                _fclose_r
                0x0000000000120718                fclose
 .text          0x000000000012072c      0x258 c:/altera/15.0/nios2eds/bin/gnu/h-x86_64-mingw32/bin/../lib/gcc/nios2-elf/4.9.1/../../../../../H-x86_64-mingw32/nios2-elf/lib\libc.a(lib_a-fflush.o)
                0x000000000012072c                _fflush_r
                0x0000000000120954                fflush
 .text          0x0000000000120984      0x3a0 c:/altera/15.0/nios2eds/bin/gnu/h-x86_64-mingw32/bin/../lib/gcc/nios2-elf/4.9.1/../../../../../H-x86_64-mingw32/nios2-elf/lib\libc.a(lib_a-findfp.o)
                0x0000000000120994                _cleanup_r
                0x0000000000120b40                __sfmoreglue
                0x0000000000120ba4                __sfp
                0x0000000000120cbc                _cleanup
                0x0000000000120cd4                __sinit
                0x0000000000120ce4                __sfp_lock_acquire
                0x0000000000120ce8                __sfp_lock_release
                0x0000000000120cec                __sinit_lock_acquire
                0x0000000000120cf0                __sinit_lock_release
                0x0000000000120cf4                __fp_lock_all
                0x0000000000120d0c                __fp_unlock_all
 .text          0x0000000000120d24      0x10c c:/altera/15.0/nios2eds/bin/gnu/h-x86_64-mingw32/bin/../lib/gcc/nios2-elf/4.9.1/../../../../../H-x86_64-mingw32/nios2-elf/lib\libc.a(lib_a-fopen.o)
                0x0000000000120d24                _fopen_r
                0x0000000000120e14                fopen
 .text          0x0000000000120e30      0x414 c:/altera/15.0/nios2eds/bin/gnu/h-x86_64-mingw32/bin/../lib/gcc/nios2-elf/4.9.1/../../../../../H-x86_64-mingw32/nios2-elf/lib\libc.a(lib_a-freer.o)
                0x0000000000120e30                _malloc_trim_r
                0x0000000000120f54                _free_r
 .text          0x0000000000121244      0x478 c:/altera/15.0/nios2eds/bin/gnu/h-x86_64-mingw32/bin/../lib/gcc/nios2-elf/4.9.1/../../../../../H-x86_64-mingw32/nios2-elf/lib\libc.a(lib_a-fseek.o)
                0x0000000000121244                _fseek_r
                0x0000000000121698                fseek
 .text          0x00000000001216bc       0x58 c:/altera/15.0/nios2eds/bin/gnu/h-x86_64-mingw32/bin/../lib/gcc/nios2-elf/4.9.1/../../../../../H-x86_64-mingw32/nios2-elf/lib\libc.a(lib_a-fstatr.o)
                0x00000000001216bc                _fstat_r
 .text          0x0000000000121714      0x170 c:/altera/15.0/nios2eds/bin/gnu/h-x86_64-mingw32/bin/../lib/gcc/nios2-elf/4.9.1/../../../../../H-x86_64-mingw32/nios2-elf/lib\libc.a(lib_a-fwalk.o)
                0x0000000000121714                _fwalk
                0x00000000001217cc                _fwalk_reent
 .text          0x0000000000121884        0x0 c:/altera/15.0/nios2eds/bin/gnu/h-x86_64-mingw32/bin/../lib/gcc/nios2-elf/4.9.1/../../../../../H-x86_64-mingw32/nios2-elf/lib\libc.a(lib_a-impure.o)
 .text          0x0000000000121884        0x0 c:/altera/15.0/nios2eds/bin/gnu/h-x86_64-mingw32/bin/../lib/gcc/nios2-elf/4.9.1/../../../../../H-x86_64-mingw32/nios2-elf/lib\libc.a(lib_a-int_errno.o)
 .text          0x0000000000121884      0x1b8 c:/altera/15.0/nios2eds/bin/gnu/h-x86_64-mingw32/bin/../lib/gcc/nios2-elf/4.9.1/../../../../../H-x86_64-mingw32/nios2-elf/lib\libc.a(lib_a-makebuf.o)
                0x0000000000121884                __smakebuf_r
 .text          0x0000000000121a3c      0x7a8 c:/altera/15.0/nios2eds/bin/gnu/h-x86_64-mingw32/bin/../lib/gcc/nios2-elf/4.9.1/../../../../../H-x86_64-mingw32/nios2-elf/lib\libc.a(lib_a-mallocr.o)
                0x0000000000121a3c                _malloc_r
 .text          0x00000000001221e4      0x124 c:/altera/15.0/nios2eds/bin/gnu/h-x86_64-mingw32/bin/../lib/gcc/nios2-elf/4.9.1/../../../../../H-x86_64-mingw32/nios2-elf/lib\libc.a(lib_a-memset.o)
                0x00000000001221e4                memset
 .text          0x0000000000122308       0x5c c:/altera/15.0/nios2eds/bin/gnu/h-x86_64-mingw32/bin/../lib/gcc/nios2-elf/4.9.1/../../../../../H-x86_64-mingw32/nios2-elf/lib\libc.a(lib_a-openr.o)
                0x0000000000122308                _open_r
 .text          0x0000000000122364       0xcc c:/altera/15.0/nios2eds/bin/gnu/h-x86_64-mingw32/bin/../lib/gcc/nios2-elf/4.9.1/../../../../../H-x86_64-mingw32/nios2-elf/lib\libc.a(lib_a-puts.o)
                0x0000000000122364                _puts_r
                0x000000000012241c                puts
 .text          0x0000000000122430      0x1c4 c:/altera/15.0/nios2eds/bin/gnu/h-x86_64-mingw32/bin/../lib/gcc/nios2-elf/4.9.1/../../../../../H-x86_64-mingw32/nios2-elf/lib\libc.a(lib_a-refill.o)
                0x000000000012244c                __srefill_r
 .text          0x00000000001225f4       0x54 c:/altera/15.0/nios2eds/bin/gnu/h-x86_64-mingw32/bin/../lib/gcc/nios2-elf/4.9.1/../../../../../H-x86_64-mingw32/nios2-elf/lib\libc.a(lib_a-sbrkr.o)
                0x00000000001225f4                _sbrk_r
 .text          0x0000000000122648      0x13c c:/altera/15.0/nios2eds/bin/gnu/h-x86_64-mingw32/bin/../lib/gcc/nios2-elf/4.9.1/../../../../../H-x86_64-mingw32/nios2-elf/lib\libc.a(lib_a-stdio.o)
                0x0000000000122648                __sread
                0x000000000012269c                __seofread
                0x00000000001226a4                __swrite
                0x0000000000122720                __sseek
                0x000000000012277c                __sclose
 .text          0x0000000000122784       0x98 c:/altera/15.0/nios2eds/bin/gnu/h-x86_64-mingw32/bin/../lib/gcc/nios2-elf/4.9.1/../../../../../H-x86_64-mingw32/nios2-elf/lib\libc.a(lib_a-strlen.o)
                0x0000000000122784                strlen
 .text          0x000000000012281c       0x5c c:/altera/15.0/nios2eds/bin/gnu/h-x86_64-mingw32/bin/../lib/gcc/nios2-elf/4.9.1/../../../../../H-x86_64-mingw32/nios2-elf/lib\libc.a(lib_a-writer.o)
                0x000000000012281c                _write_r
 .text          0x0000000000122878       0x54 c:/altera/15.0/nios2eds/bin/gnu/h-x86_64-mingw32/bin/../lib/gcc/nios2-elf/4.9.1/../../../../../H-x86_64-mingw32/nios2-elf/lib\libc.a(closer.o)
                0x0000000000122878                _close_r
 .text          0x00000000001228cc       0x98 c:/altera/15.0/nios2eds/bin/gnu/h-x86_64-mingw32/bin/../lib/gcc/nios2-elf/4.9.1/../../../../../H-x86_64-mingw32/nios2-elf/lib\libc.a(lib_a-flags.o)
                0x00000000001228cc                __sflags
 .text          0x0000000000122964      0x4a4 c:/altera/15.0/nios2eds/bin/gnu/h-x86_64-mingw32/bin/../lib/gcc/nios2-elf/4.9.1/../../../../../H-x86_64-mingw32/nios2-elf/lib\libc.a(lib_a-fvwrite.o)
                0x0000000000122964                __sfvwrite_r
 .text          0x0000000000122e08       0x54 c:/altera/15.0/nios2eds/bin/gnu/h-x86_64-mingw32/bin/../lib/gcc/nios2-elf/4.9.1/../../../../../H-x86_64-mingw32/nios2-elf/lib\libc.a(lib_a-isattyr.o)
                0x0000000000122e08                _isatty_r
 .text          0x0000000000122e5c       0x5c c:/altera/15.0/nios2eds/bin/gnu/h-x86_64-mingw32/bin/../lib/gcc/nios2-elf/4.9.1/../../../../../H-x86_64-mingw32/nios2-elf/lib\libc.a(lib_a-lseekr.o)
                0x0000000000122e5c                _lseek_r
 .text          0x0000000000122eb8       0xe8 c:/altera/15.0/nios2eds/bin/gnu/h-x86_64-mingw32/bin/../lib/gcc/nios2-elf/4.9.1/../../../../../H-x86_64-mingw32/nios2-elf/lib\libc.a(lib_a-memchr.o)
                0x0000000000122eb8                memchr
 .text          0x0000000000122fa0      0x138 c:/altera/15.0/nios2eds/bin/gnu/h-x86_64-mingw32/bin/../lib/gcc/nios2-elf/4.9.1/../../../../../H-x86_64-mingw32/nios2-elf/lib\libc.a(lib_a-memcpy.o)
                0x0000000000122fa0                memcpy
 .text          0x00000000001230d8      0x15c c:/altera/15.0/nios2eds/bin/gnu/h-x86_64-mingw32/bin/../lib/gcc/nios2-elf/4.9.1/../../../../../H-x86_64-mingw32/nios2-elf/lib\libc.a(lib_a-memmove.o)
                0x00000000001230d8                memmove
 .text          0x0000000000123234       0x5c c:/altera/15.0/nios2eds/bin/gnu/h-x86_64-mingw32/bin/../lib/gcc/nios2-elf/4.9.1/../../../../../H-x86_64-mingw32/nios2-elf/lib\libc.a(lib_a-readr.o)
                0x0000000000123234                _read_r
 .text          0x0000000000123290      0x5a0 c:/altera/15.0/nios2eds/bin/gnu/h-x86_64-mingw32/bin/../lib/gcc/nios2-elf/4.9.1/../../../../../H-x86_64-mingw32/nios2-elf/lib\libc.a(lib_a-reallocr.o)
                0x0000000000123290                _realloc_r
 .text          0x0000000000123830      0x130 c:/altera/15.0/nios2eds/bin/gnu/h-x86_64-mingw32/bin/../lib/gcc/nios2-elf/4.9.1/../../../../../H-x86_64-mingw32/nios2-elf/lib\libc.a(lib_a-wsetup.o)
                0x0000000000123830                __swsetup_r
 .text          0x0000000000123960      0x120 ../Slave1_bsp/\libhal_bsp.a(alt_close.o)
                0x00000000001239b0                close
 .text          0x0000000000123a80       0x2c ../Slave1_bsp/\libhal_bsp.a(alt_dev.o)
 .text          0x0000000000123aac        0x0 ../Slave1_bsp/\libhal_bsp.a(alt_errno.o)
 .text          0x0000000000123aac      0x100 ../Slave1_bsp/\libhal_bsp.a(alt_fstat.o)
                0x0000000000123afc                fstat
 .text          0x0000000000123bac       0xf4 ../Slave1_bsp/\libhal_bsp.a(alt_isatty.o)
                0x0000000000123bfc                isatty
 .text          0x0000000000123ca0       0xe4 ../Slave1_bsp/\libhal_bsp.a(alt_load.o)
                0x0000000000123d04                alt_load
 .text          0x0000000000123d84      0x124 ../Slave1_bsp/\libhal_bsp.a(alt_lseek.o)
                0x0000000000123dd4                lseek
 .text          0x0000000000123ea8       0x78 ../Slave1_bsp/\libhal_bsp.a(alt_main.o)
                0x0000000000123ea8                alt_main
 .text          0x0000000000123f20       0x40 ../Slave1_bsp/\libhal_bsp.a(alt_malloc_lock.o)
                0x0000000000123f20                __malloc_lock
                0x0000000000123f40                __malloc_unlock
 .text          0x0000000000123f60      0x274 ../Slave1_bsp/\libhal_bsp.a(alt_open.o)
                0x000000000012407c                open
 .text          0x00000000001241d4      0x228 ../Slave1_bsp/\libhal_bsp.a(alt_printf.o)
                0x00000000001241d4                alt_printf
 .text          0x00000000001243fc       0x44 ../Slave1_bsp/\libhal_bsp.a(alt_putchar.o)
                0x00000000001243fc                alt_putchar
 .text          0x0000000000124440      0x14c ../Slave1_bsp/\libhal_bsp.a(alt_read.o)
                0x0000000000124490                read
 .text          0x000000000012458c       0x60 ../Slave1_bsp/\libhal_bsp.a(alt_release_fd.o)
                0x000000000012458c                alt_release_fd
 .text          0x00000000001245ec       0xb0 ../Slave1_bsp/\libhal_bsp.a(alt_sbrk.o)
                0x00000000001245ec                sbrk
 .text          0x000000000012469c      0x148 ../Slave1_bsp/\libhal_bsp.a(alt_write.o)
                0x00000000001246ec                write
 .text          0x00000000001247e4      0x250 ../Slave1_bsp/\libhal_bsp.a(alt_sys_init.o)
                0x00000000001248d8                alt_irq_init
                0x000000000012490c                alt_sys_init
 .text          0x0000000000124a34      0x164 ../Slave1_bsp/\libhal_bsp.a(altera_avalon_jtag_uart_fd.o)
                0x0000000000124a34                altera_avalon_jtag_uart_read_fd
                0x0000000000124a94                altera_avalon_jtag_uart_write_fd
                0x0000000000124af4                altera_avalon_jtag_uart_close_fd
                0x0000000000124b44                altera_avalon_jtag_uart_ioctl_fd
 .text          0x0000000000124b98      0x3d8 ../Slave1_bsp/\libhal_bsp.a(altera_avalon_jtag_uart_init.o)
                0x0000000000124b98                altera_avalon_jtag_uart_init
                0x0000000000124f08                altera_avalon_jtag_uart_close
 .text          0x0000000000124f70       0xec ../Slave1_bsp/\libhal_bsp.a(altera_avalon_jtag_uart_ioctl.o)
                0x0000000000124f70                altera_avalon_jtag_uart_ioctl
 .text          0x000000000012505c      0x20c ../Slave1_bsp/\libhal_bsp.a(altera_avalon_jtag_uart_read.o)
                0x000000000012505c                altera_avalon_jtag_uart_read
 .text          0x0000000000125268      0x218 ../Slave1_bsp/\libhal_bsp.a(altera_avalon_jtag_uart_write.o)
                0x0000000000125268                altera_avalon_jtag_uart_write
 .text          0x0000000000125480      0x2d8 ../Slave1_bsp/\libhal_bsp.a(altera_avalon_mutex.o)
                0x000000000012554c                altera_avalon_mutex_open
                0x00000000001255a0                altera_avalon_mutex_close
                0x00000000001255c4                altera_avalon_mutex_lock
                0x0000000000125604                altera_avalon_mutex_trylock
                0x0000000000125644                altera_avalon_mutex_unlock
                0x0000000000125694                altera_avalon_mutex_is_mine
                0x0000000000125708                altera_avalon_mutex_first_lock
 .text          0x0000000000125758      0x110 ../Slave1_bsp/\libhal_bsp.a(altera_avalon_uart_fd.o)
                0x0000000000125758                altera_avalon_uart_read_fd
                0x00000000001257b8                altera_avalon_uart_write_fd
                0x0000000000125818                altera_avalon_uart_close_fd
 .text          0x0000000000125868      0x3b8 ../Slave1_bsp/\libhal_bsp.a(altera_avalon_uart_init.o)
                0x0000000000125868                altera_avalon_uart_init
                0x0000000000125bcc                altera_avalon_uart_close
 .text          0x0000000000125c20      0x22c ../Slave1_bsp/\libhal_bsp.a(altera_avalon_uart_read.o)
                0x0000000000125c70                altera_avalon_uart_read
 .text          0x0000000000125e4c      0x1fc ../Slave1_bsp/\libhal_bsp.a(altera_avalon_uart_write.o)
                0x0000000000125e9c                altera_avalon_uart_write
 .text          0x0000000000126048      0x2e8 ../Slave1_bsp/\libhal_bsp.a(altera_up_avalon_video_character_buffer_with_dma.o)
                0x0000000000126048                alt_up_char_buffer_init
                0x00000000001260c8                alt_up_char_buffer_open_dev
                0x0000000000126108                alt_up_char_buffer_draw
                0x00000000001261d4                alt_up_char_buffer_string
                0x00000000001262d4                alt_up_char_buffer_clear
 .text          0x0000000000126330      0x140 ../Slave1_bsp/\libhal_bsp.a(alt_alarm_start.o)
                0x0000000000126330                alt_alarm_start
 .text          0x0000000000126470       0x44 ../Slave1_bsp/\libhal_bsp.a(alt_dcache_flush_all.o)
                0x0000000000126470                alt_dcache_flush_all
 .text          0x00000000001264b4       0xf4 ../Slave1_bsp/\libhal_bsp.a(alt_dev_llist_insert.o)
                0x0000000000126504                alt_dev_llist_insert
 .text          0x00000000001265a8       0x5c ../Slave1_bsp/\libhal_bsp.a(alt_do_ctors.o)
                0x00000000001265a8                _do_ctors
 .text          0x0000000000126604       0x5c ../Slave1_bsp/\libhal_bsp.a(alt_do_dtors.o)
                0x0000000000126604                _do_dtors
 .text          0x0000000000126660       0x90 ../Slave1_bsp/\libhal_bsp.a(alt_find_dev.o)
                0x0000000000126660                alt_find_dev
 .text          0x00000000001266f0      0x114 ../Slave1_bsp/\libhal_bsp.a(alt_find_file.o)
                0x00000000001266f0                alt_find_file
 .text          0x0000000000126804       0xb4 ../Slave1_bsp/\libhal_bsp.a(alt_get_fd.o)
                0x0000000000126804                alt_get_fd
 .text          0x00000000001268b8       0x30 ../Slave1_bsp/\libhal_bsp.a(alt_icache_flush_all.o)
                0x00000000001268b8                alt_icache_flush_all
 .text          0x00000000001268e8      0x1e0 ../Slave1_bsp/\libhal_bsp.a(alt_iic.o)
                0x00000000001268e8                alt_ic_isr_register
                0x0000000000126938                alt_ic_irq_enable
                0x00000000001269d8                alt_ic_irq_disable
                0x0000000000126a7c                alt_ic_irq_enabled
 .text          0x0000000000126ac8       0xf0 ../Slave1_bsp/\libhal_bsp.a(alt_iic_isr_register.o)
                0x0000000000126ac8                alt_iic_isr_register
 .text          0x0000000000126bb8      0x138 ../Slave1_bsp/\libhal_bsp.a(alt_io_redirect.o)
                0x0000000000126c78                alt_io_redirect
 .text          0x0000000000126cf0        0x0 ../Slave1_bsp/\libhal_bsp.a(alt_irq_entry.o)
 .text          0x0000000000126cf0        0x0 ../Slave1_bsp/\libhal_bsp.a(alt_irq_handler.o)
 .text          0x0000000000126cf0        0x0 ../Slave1_bsp/\libhal_bsp.a(alt_irq_vars.o)
 .text          0x0000000000126cf0      0x19c ../Slave1_bsp/\libhal_bsp.a(alt_tick.o)
                0x0000000000126cf0                alt_alarm_stop
                0x0000000000126d88                alt_tick
 .text          0x0000000000126e8c       0x20 ../Slave1_bsp/\libhal_bsp.a(altera_nios2_gen2_irq.o)
                0x0000000000126e8c                altera_nios2_gen2_irq_init
 .text          0x0000000000126eac        0x0 ../Slave1_bsp/\libhal_bsp.a(alt_exception_entry.o)
 .text          0x0000000000126eac       0x8c ../Slave1_bsp/\libhal_bsp.a(alt_icache_flush.o)
                0x0000000000126eac                alt_icache_flush
 .text          0x0000000000126f38       0x9c ../Slave1_bsp/\libhal_bsp.a(alt_instruction_exception_entry.o)
                0x0000000000126f38                alt_exception_cause_generated_bad_addr
 .text          0x0000000000126fd4       0x14 c:/altera/15.0/nios2eds/bin/gnu/h-x86_64-mingw32/bin/../lib/gcc/nios2-elf/4.9.1/../../../../../H-x86_64-mingw32/nios2-elf/lib\libc.a(lib_a-atexit.o)
                0x0000000000126fd4                atexit
 .text          0x0000000000126fe8       0x38 c:/altera/15.0/nios2eds/bin/gnu/h-x86_64-mingw32/bin/../lib/gcc/nios2-elf/4.9.1/../../../../../H-x86_64-mingw32/nios2-elf/lib\libc.a(lib_a-exit.o)
                0x0000000000126fe8                exit
 .text          0x0000000000127020       0x7c c:/altera/15.0/nios2eds/bin/gnu/h-x86_64-mingw32/bin/../lib/gcc/nios2-elf/4.9.1/../../../../../H-x86_64-mingw32/nios2-elf/lib\libc.a(lib_a-memcmp.o)
                0x0000000000127020                memcmp
 .text          0x000000000012709c      0x168 c:/altera/15.0/nios2eds/bin/gnu/h-x86_64-mingw32/bin/../lib/gcc/nios2-elf/4.9.1/../../../../../H-x86_64-mingw32/nios2-elf/lib\libc.a(lib_a-putc.o)
                0x000000000012709c                _putc_r
                0x000000000012713c                putc
 .text          0x0000000000127204       0xa4 c:/altera/15.0/nios2eds/bin/gnu/h-x86_64-mingw32/bin/../lib/gcc/nios2-elf/4.9.1/../../../../../H-x86_64-mingw32/nios2-elf/lib\libc.a(lib_a-strcmp.o)
                0x0000000000127204                strcmp
 .text          0x00000000001272a8      0x170 c:/altera/15.0/nios2eds/bin/gnu/h-x86_64-mingw32/bin/../lib/gcc/nios2-elf/4.9.1/../../../../../H-x86_64-mingw32/nios2-elf/lib\libc.a(lib_a-wbuf.o)
                0x00000000001272a8                __swbuf_r
                0x00000000001273fc                __swbuf
 .text          0x0000000000127418      0x114 c:/altera/15.0/nios2eds/bin/gnu/h-x86_64-mingw32/bin/../lib/gcc/nios2-elf/4.9.1/../../../../../H-x86_64-mingw32/nios2-elf/lib\libc.a(lib_a-__atexit.o)
                0x0000000000127418                __register_exitproc
 .text          0x000000000012752c      0x194 c:/altera/15.0/nios2eds/bin/gnu/h-x86_64-mingw32/bin/../lib/gcc/nios2-elf/4.9.1/../../../../../H-x86_64-mingw32/nios2-elf/lib\libc.a(lib_a-__call_atexit.o)
                0x000000000012752c                __call_exitprocs
 .text          0x00000000001276c0       0x34 ../Slave1_bsp/\libhal_bsp.a(alt_exit.o)
                0x00000000001276c0                _exit
 *(.gnu.warning.*)
 *(.fini)
                0x00000000001276f4                PROVIDE (__etext, ABSOLUTE (.))
                0x00000000001276f4                PROVIDE (_etext, ABSOLUTE (.))
                0x00000000001276f4                PROVIDE (etext, ABSOLUTE (.))
 *(.eh_frame_hdr)
                0x00000000001276f4                . = ALIGN (0x4)
                0x00000000001276f4                PROVIDE (__preinit_array_start, ABSOLUTE (.))
 *(.preinit_array)
                0x00000000001276f4                PROVIDE (__preinit_array_end, ABSOLUTE (.))
                0x00000000001276f4                PROVIDE (__init_array_start, ABSOLUTE (.))
 *(.init_array)
                0x00000000001276f4                PROVIDE (__init_array_end, ABSOLUTE (.))
                0x00000000001276f4                PROVIDE (__fini_array_start, ABSOLUTE (.))
 *(.fini_array)
                0x00000000001276f4                PROVIDE (__fini_array_end, ABSOLUTE (.))
 *(.eh_frame)
 *(.gcc_except_table .gcc_except_table.*)
 *(.dynamic)
                0x00000000001276f4                PROVIDE (__CTOR_LIST__, ABSOLUTE (.))
 *(.ctors)
 *(SORT(.ctors.*))
                0x00000000001276f4                PROVIDE (__CTOR_END__, ABSOLUTE (.))
                0x00000000001276f4                PROVIDE (__DTOR_LIST__, ABSOLUTE (.))
 *(.dtors)
 *(SORT(.dtors.*))
                0x00000000001276f4                PROVIDE (__DTOR_END__, ABSOLUTE (.))
 *(.jcr)
                0x00000000001276f4                . = ALIGN (0x4)

.rodata         0x00000000001276f4      0x160
                0x00000000001276f4                PROVIDE (__ram_rodata_start, ABSOLUTE (.))
                0x00000000001276f4                . = ALIGN (0x4)
 *(.rodata .rodata.* .gnu.linkonce.r.*)
 .rodata        0x00000000001276f4       0xb4 obj/default/hello_world.o
 .rodata.str1.4
                0x00000000001277a8        0x2 c:/altera/15.0/nios2eds/bin/gnu/h-x86_64-mingw32/bin/../lib/gcc/nios2-elf/4.9.1/../../../../../H-x86_64-mingw32/nios2-elf/lib\libc.a(lib_a-impure.o)
                                          0x4 (size before relaxing)
 *fill*         0x00000000001277aa        0x2 
 .rodata.str1.4
                0x00000000001277ac        0x4 c:/altera/15.0/nios2eds/bin/gnu/h-x86_64-mingw32/bin/../lib/gcc/nios2-elf/4.9.1/../../../../../H-x86_64-mingw32/nios2-elf/lib\libc.a(lib_a-puts.o)
 .rodata        0x00000000001277b0        0xc ../Slave1_bsp/\libhal_bsp.a(alt_dev.o)
 .rodata        0x00000000001277bc       0x10 ../Slave1_bsp/\libhal_bsp.a(alt_main.o)
 .rodata        0x00000000001277cc       0x6c ../Slave1_bsp/\libhal_bsp.a(alt_sys_init.o)
 .rodata        0x0000000000127838       0x1c ../Slave1_bsp/\libhal_bsp.a(altera_up_avalon_video_character_buffer_with_dma.o)
 *(.rodata1)
                0x0000000000127854                . = ALIGN (0x4)
                0x0000000000127854                PROVIDE (__ram_rodata_end, ABSOLUTE (.))
                0x00000000001276f4                PROVIDE (__flash_rodata_start, LOADADDR (.rodata))

.rwdata         0x0000000000127854     0x1b90 load address 0x00000000001293e4
                0x0000000000127854                PROVIDE (__ram_rwdata_start, ABSOLUTE (.))
                0x0000000000127854                . = ALIGN (0x4)
 *(.got.plt)
 *(.got)
 *(.data1)
 *(.data .data.* .gnu.linkonce.d.*)
 .data          0x0000000000127854        0x0 ../Slave1_bsp//obj/HAL/src/crt0.o
 .data          0x0000000000127854        0x0 obj/default/hello_world.o
 .data          0x0000000000127854        0x0 c:/altera/15.0/nios2eds/bin/gnu/h-x86_64-mingw32/bin/../lib/gcc/nios2-elf/4.9.1/../../../../../H-x86_64-mingw32/nios2-elf/lib\libc.a(lib_a-fclose.o)
 .data          0x0000000000127854        0x0 c:/altera/15.0/nios2eds/bin/gnu/h-x86_64-mingw32/bin/../lib/gcc/nios2-elf/4.9.1/../../../../../H-x86_64-mingw32/nios2-elf/lib\libc.a(lib_a-fflush.o)
 .data          0x0000000000127854        0x0 c:/altera/15.0/nios2eds/bin/gnu/h-x86_64-mingw32/bin/../lib/gcc/nios2-elf/4.9.1/../../../../../H-x86_64-mingw32/nios2-elf/lib\libc.a(lib_a-findfp.o)
 .data          0x0000000000127854        0x0 c:/altera/15.0/nios2eds/bin/gnu/h-x86_64-mingw32/bin/../lib/gcc/nios2-elf/4.9.1/../../../../../H-x86_64-mingw32/nios2-elf/lib\libc.a(lib_a-fopen.o)
 .data          0x0000000000127854        0x0 c:/altera/15.0/nios2eds/bin/gnu/h-x86_64-mingw32/bin/../lib/gcc/nios2-elf/4.9.1/../../../../../H-x86_64-mingw32/nios2-elf/lib\libc.a(lib_a-freer.o)
 .data          0x0000000000127854        0x0 c:/altera/15.0/nios2eds/bin/gnu/h-x86_64-mingw32/bin/../lib/gcc/nios2-elf/4.9.1/../../../../../H-x86_64-mingw32/nios2-elf/lib\libc.a(lib_a-fseek.o)
 .data          0x0000000000127854        0x0 c:/altera/15.0/nios2eds/bin/gnu/h-x86_64-mingw32/bin/../lib/gcc/nios2-elf/4.9.1/../../../../../H-x86_64-mingw32/nios2-elf/lib\libc.a(lib_a-fstatr.o)
 .data          0x0000000000127854        0x0 c:/altera/15.0/nios2eds/bin/gnu/h-x86_64-mingw32/bin/../lib/gcc/nios2-elf/4.9.1/../../../../../H-x86_64-mingw32/nios2-elf/lib\libc.a(lib_a-fwalk.o)
 .data          0x0000000000127854      0x424 c:/altera/15.0/nios2eds/bin/gnu/h-x86_64-mingw32/bin/../lib/gcc/nios2-elf/4.9.1/../../../../../H-x86_64-mingw32/nios2-elf/lib\libc.a(lib_a-impure.o)
 .data          0x0000000000127c78        0x0 c:/altera/15.0/nios2eds/bin/gnu/h-x86_64-mingw32/bin/../lib/gcc/nios2-elf/4.9.1/../../../../../H-x86_64-mingw32/nios2-elf/lib\libc.a(lib_a-int_errno.o)
 .data          0x0000000000127c78        0x0 c:/altera/15.0/nios2eds/bin/gnu/h-x86_64-mingw32/bin/../lib/gcc/nios2-elf/4.9.1/../../../../../H-x86_64-mingw32/nios2-elf/lib\libc.a(lib_a-makebuf.o)
 .data          0x0000000000127c78      0x408 c:/altera/15.0/nios2eds/bin/gnu/h-x86_64-mingw32/bin/../lib/gcc/nios2-elf/4.9.1/../../../../../H-x86_64-mingw32/nios2-elf/lib\libc.a(lib_a-mallocr.o)
                0x0000000000127c78                __malloc_av_
 .data          0x0000000000128080        0x0 c:/altera/15.0/nios2eds/bin/gnu/h-x86_64-mingw32/bin/../lib/gcc/nios2-elf/4.9.1/../../../../../H-x86_64-mingw32/nios2-elf/lib\libc.a(lib_a-memset.o)
 .data          0x0000000000128080        0x0 c:/altera/15.0/nios2eds/bin/gnu/h-x86_64-mingw32/bin/../lib/gcc/nios2-elf/4.9.1/../../../../../H-x86_64-mingw32/nios2-elf/lib\libc.a(lib_a-openr.o)
 .data          0x0000000000128080        0x0 c:/altera/15.0/nios2eds/bin/gnu/h-x86_64-mingw32/bin/../lib/gcc/nios2-elf/4.9.1/../../../../../H-x86_64-mingw32/nios2-elf/lib\libc.a(lib_a-puts.o)
 .data          0x0000000000128080        0x0 c:/altera/15.0/nios2eds/bin/gnu/h-x86_64-mingw32/bin/../lib/gcc/nios2-elf/4.9.1/../../../../../H-x86_64-mingw32/nios2-elf/lib\libc.a(lib_a-refill.o)
 .data          0x0000000000128080        0x0 c:/altera/15.0/nios2eds/bin/gnu/h-x86_64-mingw32/bin/../lib/gcc/nios2-elf/4.9.1/../../../../../H-x86_64-mingw32/nios2-elf/lib\libc.a(lib_a-sbrkr.o)
 .data          0x0000000000128080        0x0 c:/altera/15.0/nios2eds/bin/gnu/h-x86_64-mingw32/bin/../lib/gcc/nios2-elf/4.9.1/../../../../../H-x86_64-mingw32/nios2-elf/lib\libc.a(lib_a-stdio.o)
 .data          0x0000000000128080        0x0 c:/altera/15.0/nios2eds/bin/gnu/h-x86_64-mingw32/bin/../lib/gcc/nios2-elf/4.9.1/../../../../../H-x86_64-mingw32/nios2-elf/lib\libc.a(lib_a-strlen.o)
 .data          0x0000000000128080        0x0 c:/altera/15.0/nios2eds/bin/gnu/h-x86_64-mingw32/bin/../lib/gcc/nios2-elf/4.9.1/../../../../../H-x86_64-mingw32/nios2-elf/lib\libc.a(lib_a-writer.o)
 .data          0x0000000000128080        0x0 c:/altera/15.0/nios2eds/bin/gnu/h-x86_64-mingw32/bin/../lib/gcc/nios2-elf/4.9.1/../../../../../H-x86_64-mingw32/nios2-elf/lib\libc.a(closer.o)
 .data          0x0000000000128080        0x0 c:/altera/15.0/nios2eds/bin/gnu/h-x86_64-mingw32/bin/../lib/gcc/nios2-elf/4.9.1/../../../../../H-x86_64-mingw32/nios2-elf/lib\libc.a(lib_a-flags.o)
 .data          0x0000000000128080        0x0 c:/altera/15.0/nios2eds/bin/gnu/h-x86_64-mingw32/bin/../lib/gcc/nios2-elf/4.9.1/../../../../../H-x86_64-mingw32/nios2-elf/lib\libc.a(lib_a-fvwrite.o)
 .data          0x0000000000128080        0x0 c:/altera/15.0/nios2eds/bin/gnu/h-x86_64-mingw32/bin/../lib/gcc/nios2-elf/4.9.1/../../../../../H-x86_64-mingw32/nios2-elf/lib\libc.a(lib_a-isattyr.o)
 .data          0x0000000000128080        0x0 c:/altera/15.0/nios2eds/bin/gnu/h-x86_64-mingw32/bin/../lib/gcc/nios2-elf/4.9.1/../../../../../H-x86_64-mingw32/nios2-elf/lib\libc.a(lib_a-lseekr.o)
 .data          0x0000000000128080        0x0 c:/altera/15.0/nios2eds/bin/gnu/h-x86_64-mingw32/bin/../lib/gcc/nios2-elf/4.9.1/../../../../../H-x86_64-mingw32/nios2-elf/lib\libc.a(lib_a-memchr.o)
 .data          0x0000000000128080        0x0 c:/altera/15.0/nios2eds/bin/gnu/h-x86_64-mingw32/bin/../lib/gcc/nios2-elf/4.9.1/../../../../../H-x86_64-mingw32/nios2-elf/lib\libc.a(lib_a-memcpy.o)
 .data          0x0000000000128080        0x0 c:/altera/15.0/nios2eds/bin/gnu/h-x86_64-mingw32/bin/../lib/gcc/nios2-elf/4.9.1/../../../../../H-x86_64-mingw32/nios2-elf/lib\libc.a(lib_a-memmove.o)
 .data          0x0000000000128080        0x0 c:/altera/15.0/nios2eds/bin/gnu/h-x86_64-mingw32/bin/../lib/gcc/nios2-elf/4.9.1/../../../../../H-x86_64-mingw32/nios2-elf/lib\libc.a(lib_a-readr.o)
 .data          0x0000000000128080        0x0 c:/altera/15.0/nios2eds/bin/gnu/h-x86_64-mingw32/bin/../lib/gcc/nios2-elf/4.9.1/../../../../../H-x86_64-mingw32/nios2-elf/lib\libc.a(lib_a-reallocr.o)
 .data          0x0000000000128080        0x0 c:/altera/15.0/nios2eds/bin/gnu/h-x86_64-mingw32/bin/../lib/gcc/nios2-elf/4.9.1/../../../../../H-x86_64-mingw32/nios2-elf/lib\libc.a(lib_a-wsetup.o)
 .data          0x0000000000128080        0x0 ../Slave1_bsp/\libhal_bsp.a(alt_close.o)
 .data          0x0000000000128080      0x1a8 ../Slave1_bsp/\libhal_bsp.a(alt_dev.o)
                0x0000000000128080                alt_dev_null
                0x00000000001280a8                alt_fd_list
 .data          0x0000000000128228        0x0 ../Slave1_bsp/\libhal_bsp.a(alt_errno.o)
 .data          0x0000000000128228        0x0 ../Slave1_bsp/\libhal_bsp.a(alt_fstat.o)
 .data          0x0000000000128228        0x0 ../Slave1_bsp/\libhal_bsp.a(alt_isatty.o)
 .data          0x0000000000128228        0x0 ../Slave1_bsp/\libhal_bsp.a(alt_load.o)
 .data          0x0000000000128228        0x0 ../Slave1_bsp/\libhal_bsp.a(alt_lseek.o)
 .data          0x0000000000128228        0x0 ../Slave1_bsp/\libhal_bsp.a(alt_main.o)
 .data          0x0000000000128228        0x0 ../Slave1_bsp/\libhal_bsp.a(alt_malloc_lock.o)
 .data          0x0000000000128228        0x0 ../Slave1_bsp/\libhal_bsp.a(alt_open.o)
 .data          0x0000000000128228        0x0 ../Slave1_bsp/\libhal_bsp.a(alt_printf.o)
 .data          0x0000000000128228        0x0 ../Slave1_bsp/\libhal_bsp.a(alt_putchar.o)
 .data          0x0000000000128228        0x0 ../Slave1_bsp/\libhal_bsp.a(alt_read.o)
 .data          0x0000000000128228        0x0 ../Slave1_bsp/\libhal_bsp.a(alt_release_fd.o)
 .data          0x0000000000128228        0x0 ../Slave1_bsp/\libhal_bsp.a(alt_sbrk.o)
 .data          0x0000000000128228        0x0 ../Slave1_bsp/\libhal_bsp.a(alt_write.o)
 .data          0x0000000000128228     0x117c ../Slave1_bsp/\libhal_bsp.a(alt_sys_init.o)
 .data          0x00000000001293a4        0x0 ../Slave1_bsp/\libhal_bsp.a(altera_avalon_jtag_uart_fd.o)
 .data          0x00000000001293a4        0x0 ../Slave1_bsp/\libhal_bsp.a(altera_avalon_jtag_uart_init.o)
 .data          0x00000000001293a4        0x0 ../Slave1_bsp/\libhal_bsp.a(altera_avalon_jtag_uart_ioctl.o)
 .data          0x00000000001293a4        0x0 ../Slave1_bsp/\libhal_bsp.a(altera_avalon_jtag_uart_read.o)
 .data          0x00000000001293a4        0x0 ../Slave1_bsp/\libhal_bsp.a(altera_avalon_jtag_uart_write.o)
 .data          0x00000000001293a4        0x0 ../Slave1_bsp/\libhal_bsp.a(altera_avalon_mutex.o)
 .data          0x00000000001293a4        0x0 ../Slave1_bsp/\libhal_bsp.a(altera_avalon_uart_fd.o)
 .data          0x00000000001293a4        0x0 ../Slave1_bsp/\libhal_bsp.a(altera_avalon_uart_init.o)
 .data          0x00000000001293a4        0x0 ../Slave1_bsp/\libhal_bsp.a(altera_avalon_uart_read.o)
 .data          0x00000000001293a4        0x0 ../Slave1_bsp/\libhal_bsp.a(altera_avalon_uart_write.o)
 .data          0x00000000001293a4        0x0 ../Slave1_bsp/\libhal_bsp.a(altera_up_avalon_video_character_buffer_with_dma.o)
 .data          0x00000000001293a4        0x0 ../Slave1_bsp/\libhal_bsp.a(alt_alarm_start.o)
 .data          0x00000000001293a4        0x0 ../Slave1_bsp/\libhal_bsp.a(alt_dcache_flush_all.o)
 .data          0x00000000001293a4        0x0 ../Slave1_bsp/\libhal_bsp.a(alt_dev_llist_insert.o)
 .data          0x00000000001293a4        0x0 ../Slave1_bsp/\libhal_bsp.a(alt_do_ctors.o)
 .data          0x00000000001293a4        0x0 ../Slave1_bsp/\libhal_bsp.a(alt_do_dtors.o)
 .data          0x00000000001293a4        0x0 ../Slave1_bsp/\libhal_bsp.a(alt_find_dev.o)
 .data          0x00000000001293a4        0x0 ../Slave1_bsp/\libhal_bsp.a(alt_find_file.o)
 .data          0x00000000001293a4        0x0 ../Slave1_bsp/\libhal_bsp.a(alt_get_fd.o)
 .data          0x00000000001293a4        0x0 ../Slave1_bsp/\libhal_bsp.a(alt_icache_flush_all.o)
 .data          0x00000000001293a4        0x0 ../Slave1_bsp/\libhal_bsp.a(alt_iic.o)
 .data          0x00000000001293a4        0x0 ../Slave1_bsp/\libhal_bsp.a(alt_iic_isr_register.o)
 .data          0x00000000001293a4        0x0 ../Slave1_bsp/\libhal_bsp.a(alt_io_redirect.o)
 .data          0x00000000001293a4        0x0 ../Slave1_bsp/\libhal_bsp.a(alt_irq_entry.o)
 .data          0x00000000001293a4        0x0 ../Slave1_bsp/\libhal_bsp.a(alt_irq_handler.o)
 .data          0x00000000001293a4        0x0 ../Slave1_bsp/\libhal_bsp.a(alt_irq_vars.o)
 .data          0x00000000001293a4        0x0 ../Slave1_bsp/\libhal_bsp.a(alt_tick.o)
 .data          0x00000000001293a4        0x0 ../Slave1_bsp/\libhal_bsp.a(altera_nios2_gen2_irq.o)
 .data          0x00000000001293a4        0x0 ../Slave1_bsp/\libhal_bsp.a(alt_exception_entry.o)
 .data          0x00000000001293a4        0x0 ../Slave1_bsp/\libhal_bsp.a(alt_icache_flush.o)
 .data          0x00000000001293a4        0x0 ../Slave1_bsp/\libhal_bsp.a(alt_instruction_exception_entry.o)
 .data          0x00000000001293a4        0x0 c:/altera/15.0/nios2eds/bin/gnu/h-x86_64-mingw32/bin/../lib/gcc/nios2-elf/4.9.1/../../../../../H-x86_64-mingw32/nios2-elf/lib\libc.a(lib_a-atexit.o)
 .data          0x00000000001293a4        0x0 c:/altera/15.0/nios2eds/bin/gnu/h-x86_64-mingw32/bin/../lib/gcc/nios2-elf/4.9.1/../../../../../H-x86_64-mingw32/nios2-elf/lib\libc.a(lib_a-exit.o)
 .data          0x00000000001293a4        0x0 c:/altera/15.0/nios2eds/bin/gnu/h-x86_64-mingw32/bin/../lib/gcc/nios2-elf/4.9.1/../../../../../H-x86_64-mingw32/nios2-elf/lib\libc.a(lib_a-memcmp.o)
 .data          0x00000000001293a4        0x0 c:/altera/15.0/nios2eds/bin/gnu/h-x86_64-mingw32/bin/../lib/gcc/nios2-elf/4.9.1/../../../../../H-x86_64-mingw32/nios2-elf/lib\libc.a(lib_a-putc.o)
 .data          0x00000000001293a4        0x0 c:/altera/15.0/nios2eds/bin/gnu/h-x86_64-mingw32/bin/../lib/gcc/nios2-elf/4.9.1/../../../../../H-x86_64-mingw32/nios2-elf/lib\libc.a(lib_a-strcmp.o)
 .data          0x00000000001293a4        0x0 c:/altera/15.0/nios2eds/bin/gnu/h-x86_64-mingw32/bin/../lib/gcc/nios2-elf/4.9.1/../../../../../H-x86_64-mingw32/nios2-elf/lib\libc.a(lib_a-wbuf.o)
 .data          0x00000000001293a4        0x0 c:/altera/15.0/nios2eds/bin/gnu/h-x86_64-mingw32/bin/../lib/gcc/nios2-elf/4.9.1/../../../../../H-x86_64-mingw32/nios2-elf/lib\libc.a(lib_a-__atexit.o)
 .data          0x00000000001293a4        0x0 c:/altera/15.0/nios2eds/bin/gnu/h-x86_64-mingw32/bin/../lib/gcc/nios2-elf/4.9.1/../../../../../H-x86_64-mingw32/nios2-elf/lib\libc.a(lib_a-__call_atexit.o)
 .data          0x00000000001293a4        0x0 ../Slave1_bsp/\libhal_bsp.a(alt_exit.o)
                0x00000000001313a4                _gp = ABSOLUTE ((. + 0x8000))
                0x00000000001313a4                PROVIDE (gp, _gp)
 *(.rwdata .rwdata.*)
 *(.sdata .sdata.* .gnu.linkonce.s.*)
 .sdata         0x00000000001293a4        0x8 c:/altera/15.0/nios2eds/bin/gnu/h-x86_64-mingw32/bin/../lib/gcc/nios2-elf/4.9.1/../../../../../H-x86_64-mingw32/nios2-elf/lib\libc.a(lib_a-impure.o)
                0x00000000001293a4                _global_impure_ptr
                0x00000000001293a8                _impure_ptr
 .sdata         0x00000000001293ac        0x8 c:/altera/15.0/nios2eds/bin/gnu/h-x86_64-mingw32/bin/../lib/gcc/nios2-elf/4.9.1/../../../../../H-x86_64-mingw32/nios2-elf/lib\libc.a(lib_a-mallocr.o)
                0x00000000001293ac                __malloc_sbrk_base
                0x00000000001293b0                __malloc_trim_threshold
 .sdata         0x00000000001293b4       0x14 ../Slave1_bsp/\libhal_bsp.a(alt_dev.o)
                0x00000000001293b4                alt_fs_list
                0x00000000001293bc                alt_dev_list
                0x00000000001293c4                alt_max_fd
 .sdata         0x00000000001293c8        0x4 ../Slave1_bsp/\libhal_bsp.a(alt_errno.o)
                0x00000000001293c8                alt_errno
 .sdata         0x00000000001293cc        0x4 ../Slave1_bsp/\libhal_bsp.a(alt_sbrk.o)
 .sdata         0x00000000001293d0        0x8 ../Slave1_bsp/\libhal_bsp.a(altera_avalon_mutex.o)
                0x00000000001293d0                alt_mutex_list
 .sdata         0x00000000001293d8        0x4 ../Slave1_bsp/\libhal_bsp.a(alt_irq_vars.o)
                0x00000000001293d8                alt_priority_mask
 .sdata         0x00000000001293dc        0x8 ../Slave1_bsp/\libhal_bsp.a(alt_tick.o)
                0x00000000001293dc                alt_alarm_list
 *(.sdata2 .sdata2.* .gnu.linkonce.s2.*)
                0x00000000001293e4                . = ALIGN (0x4)
                0x00000000001293e4                _edata = ABSOLUTE (.)
                0x00000000001293e4                PROVIDE (edata, ABSOLUTE (.))
                0x00000000001293e4                PROVIDE (__ram_rwdata_end, ABSOLUTE (.))
                0x00000000001293e4                PROVIDE (__flash_rwdata_start, LOADADDR (.rwdata))

.bss            0x000000000012af74      0x154
                0x000000000012af74                __bss_start = ABSOLUTE (.)
                0x000000000012af74                PROVIDE (__sbss_start, ABSOLUTE (.))
                0x000000000012af74                PROVIDE (___sbss_start, ABSOLUTE (.))
 *(.dynsbss)
 *(.sbss .sbss.* .gnu.linkonce.sb.*)
 .sbss          0x000000000012af74        0x4 c:/altera/15.0/nios2eds/bin/gnu/h-x86_64-mingw32/bin/../lib/gcc/nios2-elf/4.9.1/../../../../../H-x86_64-mingw32/nios2-elf/lib\libc.a(lib_a-int_errno.o)
                0x000000000012af74                errno
 .sbss          0x000000000012af78        0xc c:/altera/15.0/nios2eds/bin/gnu/h-x86_64-mingw32/bin/../lib/gcc/nios2-elf/4.9.1/../../../../../H-x86_64-mingw32/nios2-elf/lib\libc.a(lib_a-mallocr.o)
                0x000000000012af78                __malloc_max_total_mem
                0x000000000012af7c                __malloc_max_sbrked_mem
                0x000000000012af80                __malloc_top_pad
 .sbss          0x000000000012af84        0xc ../Slave1_bsp/\libhal_bsp.a(alt_main.o)
                0x000000000012af84                alt_argc
                0x000000000012af88                alt_argv
                0x000000000012af8c                alt_envp
 .sbss          0x000000000012af90        0x4 ../Slave1_bsp/\libhal_bsp.a(alt_irq_vars.o)
                0x000000000012af90                alt_irq_active
 .sbss          0x000000000012af94        0x8 ../Slave1_bsp/\libhal_bsp.a(alt_tick.o)
                0x000000000012af94                _alt_tick_rate
                0x000000000012af98                _alt_nticks
 .sbss          0x000000000012af9c        0x4 ../Slave1_bsp/\libhal_bsp.a(alt_instruction_exception_entry.o)
                0x000000000012af9c                alt_instruction_exception_handler
 *(.sbss2 .sbss2.* .gnu.linkonce.sb2.*)
 *(.scommon)
                0x000000000012afa0                PROVIDE (__sbss_end, ABSOLUTE (.))
                0x000000000012afa0                PROVIDE (___sbss_end, ABSOLUTE (.))
 *(.dynbss)
 *(.bss .bss.* .gnu.linkonce.b.*)
 .bss           0x000000000012afa0        0x0 ../Slave1_bsp//obj/HAL/src/crt0.o
 .bss           0x000000000012afa0        0x0 obj/default/hello_world.o
 .bss           0x000000000012afa0        0x0 c:/altera/15.0/nios2eds/bin/gnu/h-x86_64-mingw32/bin/../lib/gcc/nios2-elf/4.9.1/../../../../../H-x86_64-mingw32/nios2-elf/lib\libc.a(lib_a-fclose.o)
 .bss           0x000000000012afa0        0x0 c:/altera/15.0/nios2eds/bin/gnu/h-x86_64-mingw32/bin/../lib/gcc/nios2-elf/4.9.1/../../../../../H-x86_64-mingw32/nios2-elf/lib\libc.a(lib_a-fflush.o)
 .bss           0x000000000012afa0        0x0 c:/altera/15.0/nios2eds/bin/gnu/h-x86_64-mingw32/bin/../lib/gcc/nios2-elf/4.9.1/../../../../../H-x86_64-mingw32/nios2-elf/lib\libc.a(lib_a-findfp.o)
 .bss           0x000000000012afa0        0x0 c:/altera/15.0/nios2eds/bin/gnu/h-x86_64-mingw32/bin/../lib/gcc/nios2-elf/4.9.1/../../../../../H-x86_64-mingw32/nios2-elf/lib\libc.a(lib_a-fopen.o)
 .bss           0x000000000012afa0        0x0 c:/altera/15.0/nios2eds/bin/gnu/h-x86_64-mingw32/bin/../lib/gcc/nios2-elf/4.9.1/../../../../../H-x86_64-mingw32/nios2-elf/lib\libc.a(lib_a-freer.o)
 .bss           0x000000000012afa0        0x0 c:/altera/15.0/nios2eds/bin/gnu/h-x86_64-mingw32/bin/../lib/gcc/nios2-elf/4.9.1/../../../../../H-x86_64-mingw32/nios2-elf/lib\libc.a(lib_a-fseek.o)
 .bss           0x000000000012afa0        0x0 c:/altera/15.0/nios2eds/bin/gnu/h-x86_64-mingw32/bin/../lib/gcc/nios2-elf/4.9.1/../../../../../H-x86_64-mingw32/nios2-elf/lib\libc.a(lib_a-fstatr.o)
 .bss           0x000000000012afa0        0x0 c:/altera/15.0/nios2eds/bin/gnu/h-x86_64-mingw32/bin/../lib/gcc/nios2-elf/4.9.1/../../../../../H-x86_64-mingw32/nios2-elf/lib\libc.a(lib_a-fwalk.o)
 .bss           0x000000000012afa0        0x0 c:/altera/15.0/nios2eds/bin/gnu/h-x86_64-mingw32/bin/../lib/gcc/nios2-elf/4.9.1/../../../../../H-x86_64-mingw32/nios2-elf/lib\libc.a(lib_a-impure.o)
 .bss           0x000000000012afa0        0x0 c:/altera/15.0/nios2eds/bin/gnu/h-x86_64-mingw32/bin/../lib/gcc/nios2-elf/4.9.1/../../../../../H-x86_64-mingw32/nios2-elf/lib\libc.a(lib_a-int_errno.o)
 .bss           0x000000000012afa0        0x0 c:/altera/15.0/nios2eds/bin/gnu/h-x86_64-mingw32/bin/../lib/gcc/nios2-elf/4.9.1/../../../../../H-x86_64-mingw32/nios2-elf/lib\libc.a(lib_a-makebuf.o)
 .bss           0x000000000012afa0       0x28 c:/altera/15.0/nios2eds/bin/gnu/h-x86_64-mingw32/bin/../lib/gcc/nios2-elf/4.9.1/../../../../../H-x86_64-mingw32/nios2-elf/lib\libc.a(lib_a-mallocr.o)
                0x000000000012afa0                __malloc_current_mallinfo
 .bss           0x000000000012afc8        0x0 c:/altera/15.0/nios2eds/bin/gnu/h-x86_64-mingw32/bin/../lib/gcc/nios2-elf/4.9.1/../../../../../H-x86_64-mingw32/nios2-elf/lib\libc.a(lib_a-memset.o)
 .bss           0x000000000012afc8        0x0 c:/altera/15.0/nios2eds/bin/gnu/h-x86_64-mingw32/bin/../lib/gcc/nios2-elf/4.9.1/../../../../../H-x86_64-mingw32/nios2-elf/lib\libc.a(lib_a-openr.o)
 .bss           0x000000000012afc8        0x0 c:/altera/15.0/nios2eds/bin/gnu/h-x86_64-mingw32/bin/../lib/gcc/nios2-elf/4.9.1/../../../../../H-x86_64-mingw32/nios2-elf/lib\libc.a(lib_a-puts.o)
 .bss           0x000000000012afc8        0x0 c:/altera/15.0/nios2eds/bin/gnu/h-x86_64-mingw32/bin/../lib/gcc/nios2-elf/4.9.1/../../../../../H-x86_64-mingw32/nios2-elf/lib\libc.a(lib_a-refill.o)
 .bss           0x000000000012afc8        0x0 c:/altera/15.0/nios2eds/bin/gnu/h-x86_64-mingw32/bin/../lib/gcc/nios2-elf/4.9.1/../../../../../H-x86_64-mingw32/nios2-elf/lib\libc.a(lib_a-sbrkr.o)
 .bss           0x000000000012afc8        0x0 c:/altera/15.0/nios2eds/bin/gnu/h-x86_64-mingw32/bin/../lib/gcc/nios2-elf/4.9.1/../../../../../H-x86_64-mingw32/nios2-elf/lib\libc.a(lib_a-stdio.o)
 .bss           0x000000000012afc8        0x0 c:/altera/15.0/nios2eds/bin/gnu/h-x86_64-mingw32/bin/../lib/gcc/nios2-elf/4.9.1/../../../../../H-x86_64-mingw32/nios2-elf/lib\libc.a(lib_a-strlen.o)
 .bss           0x000000000012afc8        0x0 c:/altera/15.0/nios2eds/bin/gnu/h-x86_64-mingw32/bin/../lib/gcc/nios2-elf/4.9.1/../../../../../H-x86_64-mingw32/nios2-elf/lib\libc.a(lib_a-writer.o)
 .bss           0x000000000012afc8        0x0 c:/altera/15.0/nios2eds/bin/gnu/h-x86_64-mingw32/bin/../lib/gcc/nios2-elf/4.9.1/../../../../../H-x86_64-mingw32/nios2-elf/lib\libc.a(closer.o)
 .bss           0x000000000012afc8        0x0 c:/altera/15.0/nios2eds/bin/gnu/h-x86_64-mingw32/bin/../lib/gcc/nios2-elf/4.9.1/../../../../../H-x86_64-mingw32/nios2-elf/lib\libc.a(lib_a-flags.o)
 .bss           0x000000000012afc8        0x0 c:/altera/15.0/nios2eds/bin/gnu/h-x86_64-mingw32/bin/../lib/gcc/nios2-elf/4.9.1/../../../../../H-x86_64-mingw32/nios2-elf/lib\libc.a(lib_a-fvwrite.o)
 .bss           0x000000000012afc8        0x0 c:/altera/15.0/nios2eds/bin/gnu/h-x86_64-mingw32/bin/../lib/gcc/nios2-elf/4.9.1/../../../../../H-x86_64-mingw32/nios2-elf/lib\libc.a(lib_a-isattyr.o)
 .bss           0x000000000012afc8        0x0 c:/altera/15.0/nios2eds/bin/gnu/h-x86_64-mingw32/bin/../lib/gcc/nios2-elf/4.9.1/../../../../../H-x86_64-mingw32/nios2-elf/lib\libc.a(lib_a-lseekr.o)
 .bss           0x000000000012afc8        0x0 c:/altera/15.0/nios2eds/bin/gnu/h-x86_64-mingw32/bin/../lib/gcc/nios2-elf/4.9.1/../../../../../H-x86_64-mingw32/nios2-elf/lib\libc.a(lib_a-memchr.o)
 .bss           0x000000000012afc8        0x0 c:/altera/15.0/nios2eds/bin/gnu/h-x86_64-mingw32/bin/../lib/gcc/nios2-elf/4.9.1/../../../../../H-x86_64-mingw32/nios2-elf/lib\libc.a(lib_a-memcpy.o)
 .bss           0x000000000012afc8        0x0 c:/altera/15.0/nios2eds/bin/gnu/h-x86_64-mingw32/bin/../lib/gcc/nios2-elf/4.9.1/../../../../../H-x86_64-mingw32/nios2-elf/lib\libc.a(lib_a-memmove.o)
 .bss           0x000000000012afc8        0x0 c:/altera/15.0/nios2eds/bin/gnu/h-x86_64-mingw32/bin/../lib/gcc/nios2-elf/4.9.1/../../../../../H-x86_64-mingw32/nios2-elf/lib\libc.a(lib_a-readr.o)
 .bss           0x000000000012afc8        0x0 c:/altera/15.0/nios2eds/bin/gnu/h-x86_64-mingw32/bin/../lib/gcc/nios2-elf/4.9.1/../../../../../H-x86_64-mingw32/nios2-elf/lib\libc.a(lib_a-reallocr.o)
 .bss           0x000000000012afc8        0x0 c:/altera/15.0/nios2eds/bin/gnu/h-x86_64-mingw32/bin/../lib/gcc/nios2-elf/4.9.1/../../../../../H-x86_64-mingw32/nios2-elf/lib\libc.a(lib_a-wsetup.o)
 .bss           0x000000000012afc8        0x0 ../Slave1_bsp/\libhal_bsp.a(alt_close.o)
 .bss           0x000000000012afc8        0x0 ../Slave1_bsp/\libhal_bsp.a(alt_dev.o)
 .bss           0x000000000012afc8        0x0 ../Slave1_bsp/\libhal_bsp.a(alt_errno.o)
 .bss           0x000000000012afc8        0x0 ../Slave1_bsp/\libhal_bsp.a(alt_fstat.o)
 .bss           0x000000000012afc8        0x0 ../Slave1_bsp/\libhal_bsp.a(alt_isatty.o)
 .bss           0x000000000012afc8        0x0 ../Slave1_bsp/\libhal_bsp.a(alt_load.o)
 .bss           0x000000000012afc8        0x0 ../Slave1_bsp/\libhal_bsp.a(alt_lseek.o)
 .bss           0x000000000012afc8        0x0 ../Slave1_bsp/\libhal_bsp.a(alt_main.o)
 .bss           0x000000000012afc8        0x0 ../Slave1_bsp/\libhal_bsp.a(alt_malloc_lock.o)
 .bss           0x000000000012afc8        0x0 ../Slave1_bsp/\libhal_bsp.a(alt_open.o)
 .bss           0x000000000012afc8        0x0 ../Slave1_bsp/\libhal_bsp.a(alt_printf.o)
 .bss           0x000000000012afc8        0x0 ../Slave1_bsp/\libhal_bsp.a(alt_putchar.o)
 .bss           0x000000000012afc8        0x0 ../Slave1_bsp/\libhal_bsp.a(alt_read.o)
 .bss           0x000000000012afc8        0x0 ../Slave1_bsp/\libhal_bsp.a(alt_release_fd.o)
 .bss           0x000000000012afc8        0x0 ../Slave1_bsp/\libhal_bsp.a(alt_sbrk.o)
 .bss           0x000000000012afc8        0x0 ../Slave1_bsp/\libhal_bsp.a(alt_write.o)
 .bss           0x000000000012afc8        0x0 ../Slave1_bsp/\libhal_bsp.a(alt_sys_init.o)
 .bss           0x000000000012afc8        0x0 ../Slave1_bsp/\libhal_bsp.a(altera_avalon_jtag_uart_fd.o)
 .bss           0x000000000012afc8        0x0 ../Slave1_bsp/\libhal_bsp.a(altera_avalon_jtag_uart_init.o)
 .bss           0x000000000012afc8        0x0 ../Slave1_bsp/\libhal_bsp.a(altera_avalon_jtag_uart_ioctl.o)
 .bss           0x000000000012afc8        0x0 ../Slave1_bsp/\libhal_bsp.a(altera_avalon_jtag_uart_read.o)
 .bss           0x000000000012afc8        0x0 ../Slave1_bsp/\libhal_bsp.a(altera_avalon_jtag_uart_write.o)
 .bss           0x000000000012afc8        0x0 ../Slave1_bsp/\libhal_bsp.a(altera_avalon_mutex.o)
 .bss           0x000000000012afc8        0x0 ../Slave1_bsp/\libhal_bsp.a(altera_avalon_uart_fd.o)
 .bss           0x000000000012afc8        0x0 ../Slave1_bsp/\libhal_bsp.a(altera_avalon_uart_init.o)
 .bss           0x000000000012afc8        0x0 ../Slave1_bsp/\libhal_bsp.a(altera_avalon_uart_read.o)
 .bss           0x000000000012afc8        0x0 ../Slave1_bsp/\libhal_bsp.a(altera_avalon_uart_write.o)
 .bss           0x000000000012afc8        0x0 ../Slave1_bsp/\libhal_bsp.a(altera_up_avalon_video_character_buffer_with_dma.o)
 .bss           0x000000000012afc8        0x0 ../Slave1_bsp/\libhal_bsp.a(alt_alarm_start.o)
 .bss           0x000000000012afc8        0x0 ../Slave1_bsp/\libhal_bsp.a(alt_dcache_flush_all.o)
 .bss           0x000000000012afc8        0x0 ../Slave1_bsp/\libhal_bsp.a(alt_dev_llist_insert.o)
 .bss           0x000000000012afc8        0x0 ../Slave1_bsp/\libhal_bsp.a(alt_do_ctors.o)
 .bss           0x000000000012afc8        0x0 ../Slave1_bsp/\libhal_bsp.a(alt_do_dtors.o)
 .bss           0x000000000012afc8        0x0 ../Slave1_bsp/\libhal_bsp.a(alt_find_dev.o)
 .bss           0x000000000012afc8        0x0 ../Slave1_bsp/\libhal_bsp.a(alt_find_file.o)
 .bss           0x000000000012afc8        0x0 ../Slave1_bsp/\libhal_bsp.a(alt_get_fd.o)
 .bss           0x000000000012afc8        0x0 ../Slave1_bsp/\libhal_bsp.a(alt_icache_flush_all.o)
 .bss           0x000000000012afc8        0x0 ../Slave1_bsp/\libhal_bsp.a(alt_iic.o)
 .bss           0x000000000012afc8        0x0 ../Slave1_bsp/\libhal_bsp.a(alt_iic_isr_register.o)
 .bss           0x000000000012afc8        0x0 ../Slave1_bsp/\libhal_bsp.a(alt_io_redirect.o)
 .bss           0x000000000012afc8        0x0 ../Slave1_bsp/\libhal_bsp.a(alt_irq_entry.o)
 .bss           0x000000000012afc8        0x0 ../Slave1_bsp/\libhal_bsp.a(alt_irq_handler.o)
 .bss           0x000000000012afc8        0x0 ../Slave1_bsp/\libhal_bsp.a(alt_irq_vars.o)
 .bss           0x000000000012afc8        0x0 ../Slave1_bsp/\libhal_bsp.a(alt_tick.o)
 .bss           0x000000000012afc8        0x0 ../Slave1_bsp/\libhal_bsp.a(altera_nios2_gen2_irq.o)
 .bss           0x000000000012afc8        0x0 ../Slave1_bsp/\libhal_bsp.a(alt_exception_entry.o)
 .bss           0x000000000012afc8        0x0 ../Slave1_bsp/\libhal_bsp.a(alt_icache_flush.o)
 .bss           0x000000000012afc8        0x0 ../Slave1_bsp/\libhal_bsp.a(alt_instruction_exception_entry.o)
 .bss           0x000000000012afc8        0x0 c:/altera/15.0/nios2eds/bin/gnu/h-x86_64-mingw32/bin/../lib/gcc/nios2-elf/4.9.1/../../../../../H-x86_64-mingw32/nios2-elf/lib\libc.a(lib_a-atexit.o)
 .bss           0x000000000012afc8        0x0 c:/altera/15.0/nios2eds/bin/gnu/h-x86_64-mingw32/bin/../lib/gcc/nios2-elf/4.9.1/../../../../../H-x86_64-mingw32/nios2-elf/lib\libc.a(lib_a-exit.o)
 .bss           0x000000000012afc8        0x0 c:/altera/15.0/nios2eds/bin/gnu/h-x86_64-mingw32/bin/../lib/gcc/nios2-elf/4.9.1/../../../../../H-x86_64-mingw32/nios2-elf/lib\libc.a(lib_a-memcmp.o)
 .bss           0x000000000012afc8        0x0 c:/altera/15.0/nios2eds/bin/gnu/h-x86_64-mingw32/bin/../lib/gcc/nios2-elf/4.9.1/../../../../../H-x86_64-mingw32/nios2-elf/lib\libc.a(lib_a-putc.o)
 .bss           0x000000000012afc8        0x0 c:/altera/15.0/nios2eds/bin/gnu/h-x86_64-mingw32/bin/../lib/gcc/nios2-elf/4.9.1/../../../../../H-x86_64-mingw32/nios2-elf/lib\libc.a(lib_a-strcmp.o)
 .bss           0x000000000012afc8        0x0 c:/altera/15.0/nios2eds/bin/gnu/h-x86_64-mingw32/bin/../lib/gcc/nios2-elf/4.9.1/../../../../../H-x86_64-mingw32/nios2-elf/lib\libc.a(lib_a-wbuf.o)
 .bss           0x000000000012afc8        0x0 c:/altera/15.0/nios2eds/bin/gnu/h-x86_64-mingw32/bin/../lib/gcc/nios2-elf/4.9.1/../../../../../H-x86_64-mingw32/nios2-elf/lib\libc.a(lib_a-__atexit.o)
 .bss           0x000000000012afc8        0x0 c:/altera/15.0/nios2eds/bin/gnu/h-x86_64-mingw32/bin/../lib/gcc/nios2-elf/4.9.1/../../../../../H-x86_64-mingw32/nios2-elf/lib\libc.a(lib_a-__call_atexit.o)
 .bss           0x000000000012afc8        0x0 ../Slave1_bsp/\libhal_bsp.a(alt_exit.o)
 *(COMMON)
 COMMON         0x000000000012afc8      0x100 ../Slave1_bsp/\libhal_bsp.a(alt_irq_handler.o)
                0x000000000012afc8                alt_irq
                0x000000000012b0c8                . = ALIGN (0x4)
                0x000000000012b0c8                __bss_end = ABSOLUTE (.)

.MEMSlave1      0x000000000012b0c8        0x0
                0x000000000012b0c8                PROVIDE (_alt_partition_MEMSlave1_start, ABSOLUTE (.))
 *(.MEMSlave1 .MEMSlave1. MEMSlave1.*)
                0x000000000012b0c8                . = ALIGN (0x4)
                0x000000000012b0c8                PROVIDE (_alt_partition_MEMSlave1_end, ABSOLUTE (.))
                0x000000000012b0c8                _end = ABSOLUTE (.)
                0x000000000012b0c8                end = ABSOLUTE (.)
                0x000000000012b0c8                __alt_stack_base = ABSOLUTE (.)
                0x000000000012b0c8                PROVIDE (_alt_partition_MEMSlave1_load_addr, LOADADDR (.MEMSlave1))

.stab
 *(.stab)

.stabstr
 *(.stabstr)

.stab.excl
 *(.stab.excl)

.stab.exclstr
 *(.stab.exclstr)

.stab.index
 *(.stab.index)

.stab.indexstr
 *(.stab.indexstr)

.comment        0x0000000000000000       0x23
 *(.comment)
 .comment       0x0000000000000000       0x23 obj/default/hello_world.o
                                         0x24 (size before relaxing)
 .comment       0x0000000000000000       0x24 c:/altera/15.0/nios2eds/bin/gnu/h-x86_64-mingw32/bin/../lib/gcc/nios2-elf/4.9.1/../../../../../H-x86_64-mingw32/nios2-elf/lib\libc.a(lib_a-fclose.o)
 .comment       0x0000000000000000       0x24 c:/altera/15.0/nios2eds/bin/gnu/h-x86_64-mingw32/bin/../lib/gcc/nios2-elf/4.9.1/../../../../../H-x86_64-mingw32/nios2-elf/lib\libc.a(lib_a-fflush.o)
 .comment       0x0000000000000000       0x24 c:/altera/15.0/nios2eds/bin/gnu/h-x86_64-mingw32/bin/../lib/gcc/nios2-elf/4.9.1/../../../../../H-x86_64-mingw32/nios2-elf/lib\libc.a(lib_a-findfp.o)
 .comment       0x0000000000000000       0x24 c:/altera/15.0/nios2eds/bin/gnu/h-x86_64-mingw32/bin/../lib/gcc/nios2-elf/4.9.1/../../../../../H-x86_64-mingw32/nios2-elf/lib\libc.a(lib_a-fopen.o)
 .comment       0x0000000000000000       0x24 c:/altera/15.0/nios2eds/bin/gnu/h-x86_64-mingw32/bin/../lib/gcc/nios2-elf/4.9.1/../../../../../H-x86_64-mingw32/nios2-elf/lib\libc.a(lib_a-freer.o)
 .comment       0x0000000000000000       0x24 c:/altera/15.0/nios2eds/bin/gnu/h-x86_64-mingw32/bin/../lib/gcc/nios2-elf/4.9.1/../../../../../H-x86_64-mingw32/nios2-elf/lib\libc.a(lib_a-fseek.o)
 .comment       0x0000000000000000       0x24 c:/altera/15.0/nios2eds/bin/gnu/h-x86_64-mingw32/bin/../lib/gcc/nios2-elf/4.9.1/../../../../../H-x86_64-mingw32/nios2-elf/lib\libc.a(lib_a-fstatr.o)
 .comment       0x0000000000000000       0x24 c:/altera/15.0/nios2eds/bin/gnu/h-x86_64-mingw32/bin/../lib/gcc/nios2-elf/4.9.1/../../../../../H-x86_64-mingw32/nios2-elf/lib\libc.a(lib_a-fwalk.o)
 .comment       0x0000000000000000       0x24 c:/altera/15.0/nios2eds/bin/gnu/h-x86_64-mingw32/bin/../lib/gcc/nios2-elf/4.9.1/../../../../../H-x86_64-mingw32/nios2-elf/lib\libc.a(lib_a-impure.o)
 .comment       0x0000000000000000       0x24 c:/altera/15.0/nios2eds/bin/gnu/h-x86_64-mingw32/bin/../lib/gcc/nios2-elf/4.9.1/../../../../../H-x86_64-mingw32/nios2-elf/lib\libc.a(lib_a-int_errno.o)
 .comment       0x0000000000000000       0x24 c:/altera/15.0/nios2eds/bin/gnu/h-x86_64-mingw32/bin/../lib/gcc/nios2-elf/4.9.1/../../../../../H-x86_64-mingw32/nios2-elf/lib\libc.a(lib_a-makebuf.o)
 .comment       0x0000000000000000       0x24 c:/altera/15.0/nios2eds/bin/gnu/h-x86_64-mingw32/bin/../lib/gcc/nios2-elf/4.9.1/../../../../../H-x86_64-mingw32/nios2-elf/lib\libc.a(lib_a-mallocr.o)
 .comment       0x0000000000000000       0x24 c:/altera/15.0/nios2eds/bin/gnu/h-x86_64-mingw32/bin/../lib/gcc/nios2-elf/4.9.1/../../../../../H-x86_64-mingw32/nios2-elf/lib\libc.a(lib_a-memset.o)
 .comment       0x0000000000000000       0x24 c:/altera/15.0/nios2eds/bin/gnu/h-x86_64-mingw32/bin/../lib/gcc/nios2-elf/4.9.1/../../../../../H-x86_64-mingw32/nios2-elf/lib\libc.a(lib_a-openr.o)
 .comment       0x0000000000000000       0x24 c:/altera/15.0/nios2eds/bin/gnu/h-x86_64-mingw32/bin/../lib/gcc/nios2-elf/4.9.1/../../../../../H-x86_64-mingw32/nios2-elf/lib\libc.a(lib_a-puts.o)
 .comment       0x0000000000000000       0x24 c:/altera/15.0/nios2eds/bin/gnu/h-x86_64-mingw32/bin/../lib/gcc/nios2-elf/4.9.1/../../../../../H-x86_64-mingw32/nios2-elf/lib\libc.a(lib_a-refill.o)
 .comment       0x0000000000000000       0x24 c:/altera/15.0/nios2eds/bin/gnu/h-x86_64-mingw32/bin/../lib/gcc/nios2-elf/4.9.1/../../../../../H-x86_64-mingw32/nios2-elf/lib\libc.a(lib_a-sbrkr.o)
 .comment       0x0000000000000000       0x24 c:/altera/15.0/nios2eds/bin/gnu/h-x86_64-mingw32/bin/../lib/gcc/nios2-elf/4.9.1/../../../../../H-x86_64-mingw32/nios2-elf/lib\libc.a(lib_a-stdio.o)
 .comment       0x0000000000000000       0x24 c:/altera/15.0/nios2eds/bin/gnu/h-x86_64-mingw32/bin/../lib/gcc/nios2-elf/4.9.1/../../../../../H-x86_64-mingw32/nios2-elf/lib\libc.a(lib_a-strlen.o)
 .comment       0x0000000000000000       0x24 c:/altera/15.0/nios2eds/bin/gnu/h-x86_64-mingw32/bin/../lib/gcc/nios2-elf/4.9.1/../../../../../H-x86_64-mingw32/nios2-elf/lib\libc.a(lib_a-writer.o)
 .comment       0x0000000000000000       0x24 c:/altera/15.0/nios2eds/bin/gnu/h-x86_64-mingw32/bin/../lib/gcc/nios2-elf/4.9.1/../../../../../H-x86_64-mingw32/nios2-elf/lib\libc.a(closer.o)
 .comment       0x0000000000000000       0x24 c:/altera/15.0/nios2eds/bin/gnu/h-x86_64-mingw32/bin/../lib/gcc/nios2-elf/4.9.1/../../../../../H-x86_64-mingw32/nios2-elf/lib\libc.a(lib_a-flags.o)
 .comment       0x0000000000000000       0x24 c:/altera/15.0/nios2eds/bin/gnu/h-x86_64-mingw32/bin/../lib/gcc/nios2-elf/4.9.1/../../../../../H-x86_64-mingw32/nios2-elf/lib\libc.a(lib_a-fvwrite.o)
 .comment       0x0000000000000000       0x24 c:/altera/15.0/nios2eds/bin/gnu/h-x86_64-mingw32/bin/../lib/gcc/nios2-elf/4.9.1/../../../../../H-x86_64-mingw32/nios2-elf/lib\libc.a(lib_a-isattyr.o)
 .comment       0x0000000000000000       0x24 c:/altera/15.0/nios2eds/bin/gnu/h-x86_64-mingw32/bin/../lib/gcc/nios2-elf/4.9.1/../../../../../H-x86_64-mingw32/nios2-elf/lib\libc.a(lib_a-lseekr.o)
 .comment       0x0000000000000000       0x24 c:/altera/15.0/nios2eds/bin/gnu/h-x86_64-mingw32/bin/../lib/gcc/nios2-elf/4.9.1/../../../../../H-x86_64-mingw32/nios2-elf/lib\libc.a(lib_a-memchr.o)
 .comment       0x0000000000000000       0x24 c:/altera/15.0/nios2eds/bin/gnu/h-x86_64-mingw32/bin/../lib/gcc/nios2-elf/4.9.1/../../../../../H-x86_64-mingw32/nios2-elf/lib\libc.a(lib_a-memcpy.o)
 .comment       0x0000000000000000       0x24 c:/altera/15.0/nios2eds/bin/gnu/h-x86_64-mingw32/bin/../lib/gcc/nios2-elf/4.9.1/../../../../../H-x86_64-mingw32/nios2-elf/lib\libc.a(lib_a-memmove.o)
 .comment       0x0000000000000000       0x24 c:/altera/15.0/nios2eds/bin/gnu/h-x86_64-mingw32/bin/../lib/gcc/nios2-elf/4.9.1/../../../../../H-x86_64-mingw32/nios2-elf/lib\libc.a(lib_a-readr.o)
 .comment       0x0000000000000000       0x24 c:/altera/15.0/nios2eds/bin/gnu/h-x86_64-mingw32/bin/../lib/gcc/nios2-elf/4.9.1/../../../../../H-x86_64-mingw32/nios2-elf/lib\libc.a(lib_a-reallocr.o)
 .comment       0x0000000000000000       0x24 c:/altera/15.0/nios2eds/bin/gnu/h-x86_64-mingw32/bin/../lib/gcc/nios2-elf/4.9.1/../../../../../H-x86_64-mingw32/nios2-elf/lib\libc.a(lib_a-wsetup.o)
 .comment       0x0000000000000000       0x24 ../Slave1_bsp/\libhal_bsp.a(alt_close.o)
 .comment       0x0000000000000000       0x24 ../Slave1_bsp/\libhal_bsp.a(alt_dev.o)
 .comment       0x0000000000000000       0x24 ../Slave1_bsp/\libhal_bsp.a(alt_errno.o)
 .comment       0x0000000000000000       0x24 ../Slave1_bsp/\libhal_bsp.a(alt_fstat.o)
 .comment       0x0000000000000000       0x24 ../Slave1_bsp/\libhal_bsp.a(alt_isatty.o)
 .comment       0x0000000000000000       0x24 ../Slave1_bsp/\libhal_bsp.a(alt_load.o)
 .comment       0x0000000000000000       0x24 ../Slave1_bsp/\libhal_bsp.a(alt_lseek.o)
 .comment       0x0000000000000000       0x24 ../Slave1_bsp/\libhal_bsp.a(alt_main.o)
 .comment       0x0000000000000000       0x24 ../Slave1_bsp/\libhal_bsp.a(alt_malloc_lock.o)
 .comment       0x0000000000000000       0x24 ../Slave1_bsp/\libhal_bsp.a(alt_open.o)
 .comment       0x0000000000000000       0x24 ../Slave1_bsp/\libhal_bsp.a(alt_printf.o)
 .comment       0x0000000000000000       0x24 ../Slave1_bsp/\libhal_bsp.a(alt_putchar.o)
 .comment       0x0000000000000000       0x24 ../Slave1_bsp/\libhal_bsp.a(alt_read.o)
 .comment       0x0000000000000000       0x24 ../Slave1_bsp/\libhal_bsp.a(alt_release_fd.o)
 .comment       0x0000000000000000       0x24 ../Slave1_bsp/\libhal_bsp.a(alt_sbrk.o)
 .comment       0x0000000000000000       0x24 ../Slave1_bsp/\libhal_bsp.a(alt_write.o)
 .comment       0x0000000000000000       0x24 ../Slave1_bsp/\libhal_bsp.a(alt_sys_init.o)
 .comment       0x0000000000000000       0x24 ../Slave1_bsp/\libhal_bsp.a(altera_avalon_jtag_uart_fd.o)
 .comment       0x0000000000000000       0x24 ../Slave1_bsp/\libhal_bsp.a(altera_avalon_jtag_uart_init.o)
 .comment       0x0000000000000000       0x24 ../Slave1_bsp/\libhal_bsp.a(altera_avalon_jtag_uart_ioctl.o)
 .comment       0x0000000000000000       0x24 ../Slave1_bsp/\libhal_bsp.a(altera_avalon_jtag_uart_read.o)
 .comment       0x0000000000000000       0x24 ../Slave1_bsp/\libhal_bsp.a(altera_avalon_jtag_uart_write.o)
 .comment       0x0000000000000000       0x24 ../Slave1_bsp/\libhal_bsp.a(altera_avalon_mutex.o)
 .comment       0x0000000000000000       0x24 ../Slave1_bsp/\libhal_bsp.a(altera_avalon_uart_fd.o)
 .comment       0x0000000000000000       0x24 ../Slave1_bsp/\libhal_bsp.a(altera_avalon_uart_init.o)
 .comment       0x0000000000000000       0x24 ../Slave1_bsp/\libhal_bsp.a(altera_avalon_uart_read.o)
 .comment       0x0000000000000000       0x24 ../Slave1_bsp/\libhal_bsp.a(altera_avalon_uart_write.o)
 .comment       0x0000000000000000       0x24 ../Slave1_bsp/\libhal_bsp.a(altera_up_avalon_video_character_buffer_with_dma.o)
 .comment       0x0000000000000000       0x24 ../Slave1_bsp/\libhal_bsp.a(alt_alarm_start.o)
 .comment       0x0000000000000000       0x24 ../Slave1_bsp/\libhal_bsp.a(alt_dcache_flush_all.o)
 .comment       0x0000000000000000       0x24 ../Slave1_bsp/\libhal_bsp.a(alt_dev_llist_insert.o)
 .comment       0x0000000000000000       0x24 ../Slave1_bsp/\libhal_bsp.a(alt_do_ctors.o)
 .comment       0x0000000000000000       0x24 ../Slave1_bsp/\libhal_bsp.a(alt_do_dtors.o)
 .comment       0x0000000000000000       0x24 ../Slave1_bsp/\libhal_bsp.a(alt_find_dev.o)
 .comment       0x0000000000000000       0x24 ../Slave1_bsp/\libhal_bsp.a(alt_find_file.o)
 .comment       0x0000000000000000       0x24 ../Slave1_bsp/\libhal_bsp.a(alt_get_fd.o)
 .comment       0x0000000000000000       0x24 ../Slave1_bsp/\libhal_bsp.a(alt_icache_flush_all.o)
 .comment       0x0000000000000000       0x24 ../Slave1_bsp/\libhal_bsp.a(alt_iic.o)
 .comment       0x0000000000000000       0x24 ../Slave1_bsp/\libhal_bsp.a(alt_iic_isr_register.o)
 .comment       0x0000000000000000       0x24 ../Slave1_bsp/\libhal_bsp.a(alt_io_redirect.o)
 .comment       0x0000000000000000       0x24 ../Slave1_bsp/\libhal_bsp.a(alt_irq_handler.o)
 .comment       0x0000000000000000       0x24 ../Slave1_bsp/\libhal_bsp.a(alt_irq_vars.o)
 .comment       0x0000000000000000       0x24 ../Slave1_bsp/\libhal_bsp.a(alt_tick.o)
 .comment       0x0000000000000000       0x24 ../Slave1_bsp/\libhal_bsp.a(altera_nios2_gen2_irq.o)
 .comment       0x0000000000000000       0x24 ../Slave1_bsp/\libhal_bsp.a(alt_icache_flush.o)
 .comment       0x0000000000000000       0x24 ../Slave1_bsp/\libhal_bsp.a(alt_instruction_exception_entry.o)
 .comment       0x0000000000000000       0x24 c:/altera/15.0/nios2eds/bin/gnu/h-x86_64-mingw32/bin/../lib/gcc/nios2-elf/4.9.1/../../../../../H-x86_64-mingw32/nios2-elf/lib\libc.a(lib_a-atexit.o)
 .comment       0x0000000000000000       0x24 c:/altera/15.0/nios2eds/bin/gnu/h-x86_64-mingw32/bin/../lib/gcc/nios2-elf/4.9.1/../../../../../H-x86_64-mingw32/nios2-elf/lib\libc.a(lib_a-exit.o)
 .comment       0x0000000000000000       0x24 c:/altera/15.0/nios2eds/bin/gnu/h-x86_64-mingw32/bin/../lib/gcc/nios2-elf/4.9.1/../../../../../H-x86_64-mingw32/nios2-elf/lib\libc.a(lib_a-memcmp.o)
 .comment       0x0000000000000000       0x24 c:/altera/15.0/nios2eds/bin/gnu/h-x86_64-mingw32/bin/../lib/gcc/nios2-elf/4.9.1/../../../../../H-x86_64-mingw32/nios2-elf/lib\libc.a(lib_a-putc.o)
 .comment       0x0000000000000000       0x24 c:/altera/15.0/nios2eds/bin/gnu/h-x86_64-mingw32/bin/../lib/gcc/nios2-elf/4.9.1/../../../../../H-x86_64-mingw32/nios2-elf/lib\libc.a(lib_a-strcmp.o)
 .comment       0x0000000000000000       0x24 c:/altera/15.0/nios2eds/bin/gnu/h-x86_64-mingw32/bin/../lib/gcc/nios2-elf/4.9.1/../../../../../H-x86_64-mingw32/nios2-elf/lib\libc.a(lib_a-wbuf.o)
 .comment       0x0000000000000000       0x24 c:/altera/15.0/nios2eds/bin/gnu/h-x86_64-mingw32/bin/../lib/gcc/nios2-elf/4.9.1/../../../../../H-x86_64-mingw32/nios2-elf/lib\libc.a(lib_a-__atexit.o)
 .comment       0x0000000000000000       0x24 c:/altera/15.0/nios2eds/bin/gnu/h-x86_64-mingw32/bin/../lib/gcc/nios2-elf/4.9.1/../../../../../H-x86_64-mingw32/nios2-elf/lib\libc.a(lib_a-__call_atexit.o)
 .comment       0x0000000000000000       0x24 ../Slave1_bsp/\libhal_bsp.a(alt_exit.o)

.debug
 *(.debug)

.line
 *(.line)

.debug_srcinfo
 *(.debug_srcinfo)

.debug_sfnames
 *(.debug_sfnames)

.debug_aranges  0x0000000000000000      0xb58
 *(.debug_aranges)
 .debug_aranges
                0x0000000000000000       0x28 ../Slave1_bsp//obj/HAL/src/crt0.o
 .debug_aranges
                0x0000000000000028       0x20 obj/default/hello_world.o
 .debug_aranges
                0x0000000000000048       0x20 c:/altera/15.0/nios2eds/bin/gnu/h-x86_64-mingw32/bin/../lib/gcc/nios2-elf/4.9.1/../../../../../H-x86_64-mingw32/nios2-elf/lib\libc.a(lib_a-fclose.o)
 .debug_aranges
                0x0000000000000068       0x20 c:/altera/15.0/nios2eds/bin/gnu/h-x86_64-mingw32/bin/../lib/gcc/nios2-elf/4.9.1/../../../../../H-x86_64-mingw32/nios2-elf/lib\libc.a(lib_a-fflush.o)
 .debug_aranges
                0x0000000000000088       0x20 c:/altera/15.0/nios2eds/bin/gnu/h-x86_64-mingw32/bin/../lib/gcc/nios2-elf/4.9.1/../../../../../H-x86_64-mingw32/nios2-elf/lib\libc.a(lib_a-findfp.o)
 .debug_aranges
                0x00000000000000a8       0x20 c:/altera/15.0/nios2eds/bin/gnu/h-x86_64-mingw32/bin/../lib/gcc/nios2-elf/4.9.1/../../../../../H-x86_64-mingw32/nios2-elf/lib\libc.a(lib_a-fopen.o)
 .debug_aranges
                0x00000000000000c8       0x20 c:/altera/15.0/nios2eds/bin/gnu/h-x86_64-mingw32/bin/../lib/gcc/nios2-elf/4.9.1/../../../../../H-x86_64-mingw32/nios2-elf/lib\libc.a(lib_a-freer.o)
 .debug_aranges
                0x00000000000000e8       0x20 c:/altera/15.0/nios2eds/bin/gnu/h-x86_64-mingw32/bin/../lib/gcc/nios2-elf/4.9.1/../../../../../H-x86_64-mingw32/nios2-elf/lib\libc.a(lib_a-fseek.o)
 .debug_aranges
                0x0000000000000108       0x20 c:/altera/15.0/nios2eds/bin/gnu/h-x86_64-mingw32/bin/../lib/gcc/nios2-elf/4.9.1/../../../../../H-x86_64-mingw32/nios2-elf/lib\libc.a(lib_a-fstatr.o)
 .debug_aranges
                0x0000000000000128       0x20 c:/altera/15.0/nios2eds/bin/gnu/h-x86_64-mingw32/bin/../lib/gcc/nios2-elf/4.9.1/../../../../../H-x86_64-mingw32/nios2-elf/lib\libc.a(lib_a-fwalk.o)
 .debug_aranges
                0x0000000000000148       0x18 c:/altera/15.0/nios2eds/bin/gnu/h-x86_64-mingw32/bin/../lib/gcc/nios2-elf/4.9.1/../../../../../H-x86_64-mingw32/nios2-elf/lib\libc.a(lib_a-impure.o)
 .debug_aranges
                0x0000000000000160       0x18 c:/altera/15.0/nios2eds/bin/gnu/h-x86_64-mingw32/bin/../lib/gcc/nios2-elf/4.9.1/../../../../../H-x86_64-mingw32/nios2-elf/lib\libc.a(lib_a-int_errno.o)
 .debug_aranges
                0x0000000000000178       0x20 c:/altera/15.0/nios2eds/bin/gnu/h-x86_64-mingw32/bin/../lib/gcc/nios2-elf/4.9.1/../../../../../H-x86_64-mingw32/nios2-elf/lib\libc.a(lib_a-makebuf.o)
 .debug_aranges
                0x0000000000000198       0x20 c:/altera/15.0/nios2eds/bin/gnu/h-x86_64-mingw32/bin/../lib/gcc/nios2-elf/4.9.1/../../../../../H-x86_64-mingw32/nios2-elf/lib\libc.a(lib_a-mallocr.o)
 .debug_aranges
                0x00000000000001b8       0x20 c:/altera/15.0/nios2eds/bin/gnu/h-x86_64-mingw32/bin/../lib/gcc/nios2-elf/4.9.1/../../../../../H-x86_64-mingw32/nios2-elf/lib\libc.a(lib_a-memset.o)
 .debug_aranges
                0x00000000000001d8       0x20 c:/altera/15.0/nios2eds/bin/gnu/h-x86_64-mingw32/bin/../lib/gcc/nios2-elf/4.9.1/../../../../../H-x86_64-mingw32/nios2-elf/lib\libc.a(lib_a-openr.o)
 .debug_aranges
                0x00000000000001f8       0x20 c:/altera/15.0/nios2eds/bin/gnu/h-x86_64-mingw32/bin/../lib/gcc/nios2-elf/4.9.1/../../../../../H-x86_64-mingw32/nios2-elf/lib\libc.a(lib_a-puts.o)
 .debug_aranges
                0x0000000000000218       0x20 c:/altera/15.0/nios2eds/bin/gnu/h-x86_64-mingw32/bin/../lib/gcc/nios2-elf/4.9.1/../../../../../H-x86_64-mingw32/nios2-elf/lib\libc.a(lib_a-refill.o)
 .debug_aranges
                0x0000000000000238       0x20 c:/altera/15.0/nios2eds/bin/gnu/h-x86_64-mingw32/bin/../lib/gcc/nios2-elf/4.9.1/../../../../../H-x86_64-mingw32/nios2-elf/lib\libc.a(lib_a-sbrkr.o)
 .debug_aranges
                0x0000000000000258       0x20 c:/altera/15.0/nios2eds/bin/gnu/h-x86_64-mingw32/bin/../lib/gcc/nios2-elf/4.9.1/../../../../../H-x86_64-mingw32/nios2-elf/lib\libc.a(lib_a-stdio.o)
 .debug_aranges
                0x0000000000000278       0x20 c:/altera/15.0/nios2eds/bin/gnu/h-x86_64-mingw32/bin/../lib/gcc/nios2-elf/4.9.1/../../../../../H-x86_64-mingw32/nios2-elf/lib\libc.a(lib_a-strlen.o)
 .debug_aranges
                0x0000000000000298       0x20 c:/altera/15.0/nios2eds/bin/gnu/h-x86_64-mingw32/bin/../lib/gcc/nios2-elf/4.9.1/../../../../../H-x86_64-mingw32/nios2-elf/lib\libc.a(lib_a-writer.o)
 .debug_aranges
                0x00000000000002b8       0x20 c:/altera/15.0/nios2eds/bin/gnu/h-x86_64-mingw32/bin/../lib/gcc/nios2-elf/4.9.1/../../../../../H-x86_64-mingw32/nios2-elf/lib\libc.a(closer.o)
 .debug_aranges
                0x00000000000002d8       0x20 c:/altera/15.0/nios2eds/bin/gnu/h-x86_64-mingw32/bin/../lib/gcc/nios2-elf/4.9.1/../../../../../H-x86_64-mingw32/nios2-elf/lib\libc.a(lib_a-flags.o)
 .debug_aranges
                0x00000000000002f8       0x20 c:/altera/15.0/nios2eds/bin/gnu/h-x86_64-mingw32/bin/../lib/gcc/nios2-elf/4.9.1/../../../../../H-x86_64-mingw32/nios2-elf/lib\libc.a(lib_a-fvwrite.o)
 .debug_aranges
                0x0000000000000318       0x20 c:/altera/15.0/nios2eds/bin/gnu/h-x86_64-mingw32/bin/../lib/gcc/nios2-elf/4.9.1/../../../../../H-x86_64-mingw32/nios2-elf/lib\libc.a(lib_a-isattyr.o)
 .debug_aranges
                0x0000000000000338       0x20 c:/altera/15.0/nios2eds/bin/gnu/h-x86_64-mingw32/bin/../lib/gcc/nios2-elf/4.9.1/../../../../../H-x86_64-mingw32/nios2-elf/lib\libc.a(lib_a-lseekr.o)
 .debug_aranges
                0x0000000000000358       0x20 c:/altera/15.0/nios2eds/bin/gnu/h-x86_64-mingw32/bin/../lib/gcc/nios2-elf/4.9.1/../../../../../H-x86_64-mingw32/nios2-elf/lib\libc.a(lib_a-memchr.o)
 .debug_aranges
                0x0000000000000378       0x20 c:/altera/15.0/nios2eds/bin/gnu/h-x86_64-mingw32/bin/../lib/gcc/nios2-elf/4.9.1/../../../../../H-x86_64-mingw32/nios2-elf/lib\libc.a(lib_a-memcpy.o)
 .debug_aranges
                0x0000000000000398       0x20 c:/altera/15.0/nios2eds/bin/gnu/h-x86_64-mingw32/bin/../lib/gcc/nios2-elf/4.9.1/../../../../../H-x86_64-mingw32/nios2-elf/lib\libc.a(lib_a-memmove.o)
 .debug_aranges
                0x00000000000003b8       0x20 c:/altera/15.0/nios2eds/bin/gnu/h-x86_64-mingw32/bin/../lib/gcc/nios2-elf/4.9.1/../../../../../H-x86_64-mingw32/nios2-elf/lib\libc.a(lib_a-readr.o)
 .debug_aranges
                0x00000000000003d8       0x20 c:/altera/15.0/nios2eds/bin/gnu/h-x86_64-mingw32/bin/../lib/gcc/nios2-elf/4.9.1/../../../../../H-x86_64-mingw32/nios2-elf/lib\libc.a(lib_a-reallocr.o)
 .debug_aranges
                0x00000000000003f8       0x20 c:/altera/15.0/nios2eds/bin/gnu/h-x86_64-mingw32/bin/../lib/gcc/nios2-elf/4.9.1/../../../../../H-x86_64-mingw32/nios2-elf/lib\libc.a(lib_a-wsetup.o)
 .debug_aranges
                0x0000000000000418       0x20 ../Slave1_bsp/\libhal_bsp.a(alt_close.o)
 .debug_aranges
                0x0000000000000438       0x20 ../Slave1_bsp/\libhal_bsp.a(alt_dev.o)
 .debug_aranges
                0x0000000000000458       0x18 ../Slave1_bsp/\libhal_bsp.a(alt_errno.o)
 .debug_aranges
                0x0000000000000470       0x20 ../Slave1_bsp/\libhal_bsp.a(alt_fstat.o)
 .debug_aranges
                0x0000000000000490       0x20 ../Slave1_bsp/\libhal_bsp.a(alt_isatty.o)
 .debug_aranges
                0x00000000000004b0       0x20 ../Slave1_bsp/\libhal_bsp.a(alt_load.o)
 .debug_aranges
                0x00000000000004d0       0x20 ../Slave1_bsp/\libhal_bsp.a(alt_lseek.o)
 .debug_aranges
                0x00000000000004f0       0x20 ../Slave1_bsp/\libhal_bsp.a(alt_main.o)
 .debug_aranges
                0x0000000000000510       0x20 ../Slave1_bsp/\libhal_bsp.a(alt_malloc_lock.o)
 .debug_aranges
                0x0000000000000530       0x20 ../Slave1_bsp/\libhal_bsp.a(alt_open.o)
 .debug_aranges
                0x0000000000000550       0x20 ../Slave1_bsp/\libhal_bsp.a(alt_printf.o)
 .debug_aranges
                0x0000000000000570       0x20 ../Slave1_bsp/\libhal_bsp.a(alt_putchar.o)
 .debug_aranges
                0x0000000000000590       0x20 ../Slave1_bsp/\libhal_bsp.a(alt_read.o)
 .debug_aranges
                0x00000000000005b0       0x20 ../Slave1_bsp/\libhal_bsp.a(alt_release_fd.o)
 .debug_aranges
                0x00000000000005d0       0x20 ../Slave1_bsp/\libhal_bsp.a(alt_sbrk.o)
 .debug_aranges
                0x00000000000005f0       0x20 ../Slave1_bsp/\libhal_bsp.a(alt_write.o)
 .debug_aranges
                0x0000000000000610       0x20 ../Slave1_bsp/\libhal_bsp.a(alt_sys_init.o)
 .debug_aranges
                0x0000000000000630       0x20 ../Slave1_bsp/\libhal_bsp.a(altera_avalon_jtag_uart_fd.o)
 .debug_aranges
                0x0000000000000650       0x20 ../Slave1_bsp/\libhal_bsp.a(altera_avalon_jtag_uart_init.o)
 .debug_aranges
                0x0000000000000670       0x20 ../Slave1_bsp/\libhal_bsp.a(altera_avalon_jtag_uart_ioctl.o)
 .debug_aranges
                0x0000000000000690       0x20 ../Slave1_bsp/\libhal_bsp.a(altera_avalon_jtag_uart_read.o)
 .debug_aranges
                0x00000000000006b0       0x20 ../Slave1_bsp/\libhal_bsp.a(altera_avalon_jtag_uart_write.o)
 .debug_aranges
                0x00000000000006d0       0x20 ../Slave1_bsp/\libhal_bsp.a(altera_avalon_mutex.o)
 .debug_aranges
                0x00000000000006f0       0x20 ../Slave1_bsp/\libhal_bsp.a(altera_avalon_uart_fd.o)
 .debug_aranges
                0x0000000000000710       0x20 ../Slave1_bsp/\libhal_bsp.a(altera_avalon_uart_init.o)
 .debug_aranges
                0x0000000000000730       0x20 ../Slave1_bsp/\libhal_bsp.a(altera_avalon_uart_read.o)
 .debug_aranges
                0x0000000000000750       0x20 ../Slave1_bsp/\libhal_bsp.a(altera_avalon_uart_write.o)
 .debug_aranges
                0x0000000000000770       0x20 ../Slave1_bsp/\libhal_bsp.a(altera_up_avalon_video_character_buffer_with_dma.o)
 .debug_aranges
                0x0000000000000790       0x20 ../Slave1_bsp/\libhal_bsp.a(alt_alarm_start.o)
 .debug_aranges
                0x00000000000007b0       0x20 ../Slave1_bsp/\libhal_bsp.a(alt_dcache_flush_all.o)
 .debug_aranges
                0x00000000000007d0       0x20 ../Slave1_bsp/\libhal_bsp.a(alt_dev_llist_insert.o)
 .debug_aranges
                0x00000000000007f0       0x20 ../Slave1_bsp/\libhal_bsp.a(alt_do_ctors.o)
 .debug_aranges
                0x0000000000000810       0x20 ../Slave1_bsp/\libhal_bsp.a(alt_do_dtors.o)
 .debug_aranges
                0x0000000000000830       0x20 ../Slave1_bsp/\libhal_bsp.a(alt_find_dev.o)
 .debug_aranges
                0x0000000000000850       0x20 ../Slave1_bsp/\libhal_bsp.a(alt_find_file.o)
 .debug_aranges
                0x0000000000000870       0x20 ../Slave1_bsp/\libhal_bsp.a(alt_get_fd.o)
 .debug_aranges
                0x0000000000000890       0x20 ../Slave1_bsp/\libhal_bsp.a(alt_icache_flush_all.o)
 .debug_aranges
                0x00000000000008b0       0x20 ../Slave1_bsp/\libhal_bsp.a(alt_iic.o)
 .debug_aranges
                0x00000000000008d0       0x20 ../Slave1_bsp/\libhal_bsp.a(alt_iic_isr_register.o)
 .debug_aranges
                0x00000000000008f0       0x20 ../Slave1_bsp/\libhal_bsp.a(alt_io_redirect.o)
 .debug_aranges
                0x0000000000000910       0x30 ../Slave1_bsp/\libhal_bsp.a(alt_irq_entry.o)
 .debug_aranges
                0x0000000000000940       0x20 ../Slave1_bsp/\libhal_bsp.a(alt_irq_handler.o)
 .debug_aranges
                0x0000000000000960       0x18 ../Slave1_bsp/\libhal_bsp.a(alt_irq_vars.o)
 .debug_aranges
                0x0000000000000978       0x20 ../Slave1_bsp/\libhal_bsp.a(alt_tick.o)
 .debug_aranges
                0x0000000000000998       0x20 ../Slave1_bsp/\libhal_bsp.a(altera_nios2_gen2_irq.o)
 .debug_aranges
                0x00000000000009b8       0x38 ../Slave1_bsp/\libhal_bsp.a(alt_exception_entry.o)
 .debug_aranges
                0x00000000000009f0       0x20 ../Slave1_bsp/\libhal_bsp.a(alt_icache_flush.o)
 .debug_aranges
                0x0000000000000a10       0x28 ../Slave1_bsp/\libhal_bsp.a(alt_instruction_exception_entry.o)
 .debug_aranges
                0x0000000000000a38       0x20 c:/altera/15.0/nios2eds/bin/gnu/h-x86_64-mingw32/bin/../lib/gcc/nios2-elf/4.9.1/../../../../../H-x86_64-mingw32/nios2-elf/lib\libc.a(lib_a-atexit.o)
 .debug_aranges
                0x0000000000000a58       0x20 c:/altera/15.0/nios2eds/bin/gnu/h-x86_64-mingw32/bin/../lib/gcc/nios2-elf/4.9.1/../../../../../H-x86_64-mingw32/nios2-elf/lib\libc.a(lib_a-exit.o)
 .debug_aranges
                0x0000000000000a78       0x20 c:/altera/15.0/nios2eds/bin/gnu/h-x86_64-mingw32/bin/../lib/gcc/nios2-elf/4.9.1/../../../../../H-x86_64-mingw32/nios2-elf/lib\libc.a(lib_a-memcmp.o)
 .debug_aranges
                0x0000000000000a98       0x20 c:/altera/15.0/nios2eds/bin/gnu/h-x86_64-mingw32/bin/../lib/gcc/nios2-elf/4.9.1/../../../../../H-x86_64-mingw32/nios2-elf/lib\libc.a(lib_a-putc.o)
 .debug_aranges
                0x0000000000000ab8       0x20 c:/altera/15.0/nios2eds/bin/gnu/h-x86_64-mingw32/bin/../lib/gcc/nios2-elf/4.9.1/../../../../../H-x86_64-mingw32/nios2-elf/lib\libc.a(lib_a-strcmp.o)
 .debug_aranges
                0x0000000000000ad8       0x20 c:/altera/15.0/nios2eds/bin/gnu/h-x86_64-mingw32/bin/../lib/gcc/nios2-elf/4.9.1/../../../../../H-x86_64-mingw32/nios2-elf/lib\libc.a(lib_a-wbuf.o)
 .debug_aranges
                0x0000000000000af8       0x20 c:/altera/15.0/nios2eds/bin/gnu/h-x86_64-mingw32/bin/../lib/gcc/nios2-elf/4.9.1/../../../../../H-x86_64-mingw32/nios2-elf/lib\libc.a(lib_a-__atexit.o)
 .debug_aranges
                0x0000000000000b18       0x20 c:/altera/15.0/nios2eds/bin/gnu/h-x86_64-mingw32/bin/../lib/gcc/nios2-elf/4.9.1/../../../../../H-x86_64-mingw32/nios2-elf/lib\libc.a(lib_a-__call_atexit.o)
 .debug_aranges
                0x0000000000000b38       0x20 ../Slave1_bsp/\libhal_bsp.a(alt_exit.o)

.debug_pubnames
 *(.debug_pubnames)

.debug_info     0x0000000000000000    0x1d5d8
 *(.debug_info .gnu.linkonce.wi.*)
 .debug_info    0x0000000000000000       0x76 ../Slave1_bsp//obj/HAL/src/crt0.o
 .debug_info    0x0000000000000076      0xcbc obj/default/hello_world.o
 .debug_info    0x0000000000000d32      0xa12 c:/altera/15.0/nios2eds/bin/gnu/h-x86_64-mingw32/bin/../lib/gcc/nios2-elf/4.9.1/../../../../../H-x86_64-mingw32/nios2-elf/lib\libc.a(lib_a-fclose.o)
 .debug_info    0x0000000000001744      0xa3a c:/altera/15.0/nios2eds/bin/gnu/h-x86_64-mingw32/bin/../lib/gcc/nios2-elf/4.9.1/../../../../../H-x86_64-mingw32/nios2-elf/lib\libc.a(lib_a-fflush.o)
 .debug_info    0x000000000000217e      0xd38 c:/altera/15.0/nios2eds/bin/gnu/h-x86_64-mingw32/bin/../lib/gcc/nios2-elf/4.9.1/../../../../../H-x86_64-mingw32/nios2-elf/lib\libc.a(lib_a-findfp.o)
 .debug_info    0x0000000000002eb6      0xa60 c:/altera/15.0/nios2eds/bin/gnu/h-x86_64-mingw32/bin/../lib/gcc/nios2-elf/4.9.1/../../../../../H-x86_64-mingw32/nios2-elf/lib\libc.a(lib_a-fopen.o)
 .debug_info    0x0000000000003916      0xc02 c:/altera/15.0/nios2eds/bin/gnu/h-x86_64-mingw32/bin/../lib/gcc/nios2-elf/4.9.1/../../../../../H-x86_64-mingw32/nios2-elf/lib\libc.a(lib_a-freer.o)
 .debug_info    0x0000000000004518      0xde9 c:/altera/15.0/nios2eds/bin/gnu/h-x86_64-mingw32/bin/../lib/gcc/nios2-elf/4.9.1/../../../../../H-x86_64-mingw32/nios2-elf/lib\libc.a(lib_a-fseek.o)
 .debug_info    0x0000000000005301      0xa5c c:/altera/15.0/nios2eds/bin/gnu/h-x86_64-mingw32/bin/../lib/gcc/nios2-elf/4.9.1/../../../../../H-x86_64-mingw32/nios2-elf/lib\libc.a(lib_a-fstatr.o)
 .debug_info    0x0000000000005d5d      0xab7 c:/altera/15.0/nios2eds/bin/gnu/h-x86_64-mingw32/bin/../lib/gcc/nios2-elf/4.9.1/../../../../../H-x86_64-mingw32/nios2-elf/lib\libc.a(lib_a-fwalk.o)
 .debug_info    0x0000000000006814      0x88f c:/altera/15.0/nios2eds/bin/gnu/h-x86_64-mingw32/bin/../lib/gcc/nios2-elf/4.9.1/../../../../../H-x86_64-mingw32/nios2-elf/lib\libc.a(lib_a-impure.o)
 .debug_info    0x00000000000070a3       0x83 c:/altera/15.0/nios2eds/bin/gnu/h-x86_64-mingw32/bin/../lib/gcc/nios2-elf/4.9.1/../../../../../H-x86_64-mingw32/nios2-elf/lib\libc.a(lib_a-int_errno.o)
 .debug_info    0x0000000000007126      0xaff c:/altera/15.0/nios2eds/bin/gnu/h-x86_64-mingw32/bin/../lib/gcc/nios2-elf/4.9.1/../../../../../H-x86_64-mingw32/nios2-elf/lib\libc.a(lib_a-makebuf.o)
 .debug_info    0x0000000000007c25      0xd71 c:/altera/15.0/nios2eds/bin/gnu/h-x86_64-mingw32/bin/../lib/gcc/nios2-elf/4.9.1/../../../../../H-x86_64-mingw32/nios2-elf/lib\libc.a(lib_a-mallocr.o)
 .debug_info    0x0000000000008996      0x11a c:/altera/15.0/nios2eds/bin/gnu/h-x86_64-mingw32/bin/../lib/gcc/nios2-elf/4.9.1/../../../../../H-x86_64-mingw32/nios2-elf/lib\libc.a(lib_a-memset.o)
 .debug_info    0x0000000000008ab0      0x901 c:/altera/15.0/nios2eds/bin/gnu/h-x86_64-mingw32/bin/../lib/gcc/nios2-elf/4.9.1/../../../../../H-x86_64-mingw32/nios2-elf/lib\libc.a(lib_a-openr.o)
 .debug_info    0x00000000000093b1      0x9f4 c:/altera/15.0/nios2eds/bin/gnu/h-x86_64-mingw32/bin/../lib/gcc/nios2-elf/4.9.1/../../../../../H-x86_64-mingw32/nios2-elf/lib\libc.a(lib_a-puts.o)
 .debug_info    0x0000000000009da5      0x9f3 c:/altera/15.0/nios2eds/bin/gnu/h-x86_64-mingw32/bin/../lib/gcc/nios2-elf/4.9.1/../../../../../H-x86_64-mingw32/nios2-elf/lib\libc.a(lib_a-refill.o)
 .debug_info    0x000000000000a798      0x8ef c:/altera/15.0/nios2eds/bin/gnu/h-x86_64-mingw32/bin/../lib/gcc/nios2-elf/4.9.1/../../../../../H-x86_64-mingw32/nios2-elf/lib\libc.a(lib_a-sbrkr.o)
 .debug_info    0x000000000000b087      0xb83 c:/altera/15.0/nios2eds/bin/gnu/h-x86_64-mingw32/bin/../lib/gcc/nios2-elf/4.9.1/../../../../../H-x86_64-mingw32/nios2-elf/lib\libc.a(lib_a-stdio.o)
 .debug_info    0x000000000000bc0a       0xdb c:/altera/15.0/nios2eds/bin/gnu/h-x86_64-mingw32/bin/../lib/gcc/nios2-elf/4.9.1/../../../../../H-x86_64-mingw32/nios2-elf/lib\libc.a(lib_a-strlen.o)
 .debug_info    0x000000000000bce5      0x921 c:/altera/15.0/nios2eds/bin/gnu/h-x86_64-mingw32/bin/../lib/gcc/nios2-elf/4.9.1/../../../../../H-x86_64-mingw32/nios2-elf/lib\libc.a(lib_a-writer.o)
 .debug_info    0x000000000000c606      0x8ce c:/altera/15.0/nios2eds/bin/gnu/h-x86_64-mingw32/bin/../lib/gcc/nios2-elf/4.9.1/../../../../../H-x86_64-mingw32/nios2-elf/lib\libc.a(closer.o)
 .debug_info    0x000000000000ced4      0x8cf c:/altera/15.0/nios2eds/bin/gnu/h-x86_64-mingw32/bin/../lib/gcc/nios2-elf/4.9.1/../../../../../H-x86_64-mingw32/nios2-elf/lib\libc.a(lib_a-flags.o)
 .debug_info    0x000000000000d7a3      0xc31 c:/altera/15.0/nios2eds/bin/gnu/h-x86_64-mingw32/bin/../lib/gcc/nios2-elf/4.9.1/../../../../../H-x86_64-mingw32/nios2-elf/lib\libc.a(lib_a-fvwrite.o)
 .debug_info    0x000000000000e3d4      0x8ce c:/altera/15.0/nios2eds/bin/gnu/h-x86_64-mingw32/bin/../lib/gcc/nios2-elf/4.9.1/../../../../../H-x86_64-mingw32/nios2-elf/lib\libc.a(lib_a-isattyr.o)
 .debug_info    0x000000000000eca2      0x91a c:/altera/15.0/nios2eds/bin/gnu/h-x86_64-mingw32/bin/../lib/gcc/nios2-elf/4.9.1/../../../../../H-x86_64-mingw32/nios2-elf/lib\libc.a(lib_a-lseekr.o)
 .debug_info    0x000000000000f5bc      0x12b c:/altera/15.0/nios2eds/bin/gnu/h-x86_64-mingw32/bin/../lib/gcc/nios2-elf/4.9.1/../../../../../H-x86_64-mingw32/nios2-elf/lib\libc.a(lib_a-memchr.o)
 .debug_info    0x000000000000f6e7      0x133 c:/altera/15.0/nios2eds/bin/gnu/h-x86_64-mingw32/bin/../lib/gcc/nios2-elf/4.9.1/../../../../../H-x86_64-mingw32/nios2-elf/lib\libc.a(lib_a-memcpy.o)
 .debug_info    0x000000000000f81a      0x133 c:/altera/15.0/nios2eds/bin/gnu/h-x86_64-mingw32/bin/../lib/gcc/nios2-elf/4.9.1/../../../../../H-x86_64-mingw32/nios2-elf/lib\libc.a(lib_a-memmove.o)
 .debug_info    0x000000000000f94d      0x91a c:/altera/15.0/nios2eds/bin/gnu/h-x86_64-mingw32/bin/../lib/gcc/nios2-elf/4.9.1/../../../../../H-x86_64-mingw32/nios2-elf/lib\libc.a(lib_a-readr.o)
 .debug_info    0x0000000000010267      0xcc6 c:/altera/15.0/nios2eds/bin/gnu/h-x86_64-mingw32/bin/../lib/gcc/nios2-elf/4.9.1/../../../../../H-x86_64-mingw32/nios2-elf/lib\libc.a(lib_a-reallocr.o)
 .debug_info    0x0000000000010f2d      0x91d c:/altera/15.0/nios2eds/bin/gnu/h-x86_64-mingw32/bin/../lib/gcc/nios2-elf/4.9.1/../../../../../H-x86_64-mingw32/nios2-elf/lib\libc.a(lib_a-wsetup.o)
 .debug_info    0x000000000001184a      0x31a ../Slave1_bsp/\libhal_bsp.a(alt_close.o)
 .debug_info    0x0000000000011b64      0x495 ../Slave1_bsp/\libhal_bsp.a(alt_dev.o)
 .debug_info    0x0000000000011ff9       0x9f ../Slave1_bsp/\libhal_bsp.a(alt_errno.o)
 .debug_info    0x0000000000012098      0x481 ../Slave1_bsp/\libhal_bsp.a(alt_fstat.o)
 .debug_info    0x0000000000012519      0x484 ../Slave1_bsp/\libhal_bsp.a(alt_isatty.o)
 .debug_info    0x000000000001299d      0x13e ../Slave1_bsp/\libhal_bsp.a(alt_load.o)
 .debug_info    0x0000000000012adb      0x34b ../Slave1_bsp/\libhal_bsp.a(alt_lseek.o)
 .debug_info    0x0000000000012e26      0x12a ../Slave1_bsp/\libhal_bsp.a(alt_main.o)
 .debug_info    0x0000000000012f50      0x89f ../Slave1_bsp/\libhal_bsp.a(alt_malloc_lock.o)
 .debug_info    0x00000000000137ef      0x3b4 ../Slave1_bsp/\libhal_bsp.a(alt_open.o)
 .debug_info    0x0000000000013ba3      0x119 ../Slave1_bsp/\libhal_bsp.a(alt_printf.o)
 .debug_info    0x0000000000013cbc      0x88f ../Slave1_bsp/\libhal_bsp.a(alt_putchar.o)
 .debug_info    0x000000000001454b      0x4a9 ../Slave1_bsp/\libhal_bsp.a(alt_read.o)
 .debug_info    0x00000000000149f4      0x2b0 ../Slave1_bsp/\libhal_bsp.a(alt_release_fd.o)
 .debug_info    0x0000000000014ca4      0x1a5 ../Slave1_bsp/\libhal_bsp.a(alt_sbrk.o)
 .debug_info    0x0000000000014e49      0x4b0 ../Slave1_bsp/\libhal_bsp.a(alt_write.o)
 .debug_info    0x00000000000152f9      0x726 ../Slave1_bsp/\libhal_bsp.a(alt_sys_init.o)
 .debug_info    0x0000000000015a1f      0x527 ../Slave1_bsp/\libhal_bsp.a(altera_avalon_jtag_uart_fd.o)
 .debug_info    0x0000000000015f46      0x3a1 ../Slave1_bsp/\libhal_bsp.a(altera_avalon_jtag_uart_init.o)
 .debug_info    0x00000000000162e7      0x279 ../Slave1_bsp/\libhal_bsp.a(altera_avalon_jtag_uart_ioctl.o)
 .debug_info    0x0000000000016560      0x342 ../Slave1_bsp/\libhal_bsp.a(altera_avalon_jtag_uart_read.o)